<!doctype html public "-//w3c//dtd html 4.0 transitional//en">
<html><head>
<title>Static Call Graph - [.\out\melzi.axf]</title></head>
<body><HR>
<H1>Static Call Graph for image .\out\melzi.axf</H1><HR>
<BR><P>#&#060CALLGRAPH&#062# ARM Linker, 5.03 [Build 24]: Last Updated: Fri Oct 02 12:05:47 2015
<BR><P>
<H3>Maximum Stack Usage =        664 bytes + Unknown(Functions without stacksize, Cycles, Untraceable Function Pointers)</H3><H3>
Call chain for Maximum Stack Depth:</H3>
gcodeTsk() &rArr; c_gcode::loop() &rArr; c_gcode::G29() &rArr; c_gcode::G29_Liner(float, float, float, float*, float*) &rArr; c_gcode::G29_Detect(float, float, float) &rArr; c_gcode::moveAbs(float, float, float, float, float) &rArr; c_stepMoto::move(float*, float) &rArr; c_stepMoto::recalculate_trapezoids() &rArr; c_stepMoto::calculateTrapezoid(ts_stepBlockRun*, float, float) &rArr; c_stepMoto::intersection_steps(unsigned, unsigned, float, unsigned) &rArr; __aeabi_dmul
<P>
<H3>
Functions with no stack information
</H3><UL>
 <LI><a href="#[373]">__user_initial_stackheap</a>
</UL>
</UL>
<P>
<H3>
Mutually Recursive functions
</H3> <LI><a href="#[18]">__exc_nmi</a>&nbsp;&nbsp;&nbsp;&rArr;&nbsp;&nbsp;&nbsp;<a href="#[18]">__exc_nmi</a><BR>
 <LI><a href="#[19]">__exc_hardfault</a>&nbsp;&nbsp;&nbsp;&rArr;&nbsp;&nbsp;&nbsp;<a href="#[19]">__exc_hardfault</a><BR>
 <LI><a href="#[1a]">__exc_memmanage</a>&nbsp;&nbsp;&nbsp;&rArr;&nbsp;&nbsp;&nbsp;<a href="#[1a]">__exc_memmanage</a><BR>
 <LI><a href="#[1b]">__exc_busfault</a>&nbsp;&nbsp;&nbsp;&rArr;&nbsp;&nbsp;&nbsp;<a href="#[1b]">__exc_busfault</a><BR>
 <LI><a href="#[1c]">__exc_usagefault</a>&nbsp;&nbsp;&nbsp;&rArr;&nbsp;&nbsp;&nbsp;<a href="#[1c]">__exc_usagefault</a><BR>
 <LI><a href="#[1d]">__stm32reservedexception7</a>&nbsp;&nbsp;&nbsp;&rArr;&nbsp;&nbsp;&nbsp;<a href="#[1d]">__stm32reservedexception7</a><BR>
 <LI><a href="#[1e]">__stm32reservedexception8</a>&nbsp;&nbsp;&nbsp;&rArr;&nbsp;&nbsp;&nbsp;<a href="#[1e]">__stm32reservedexception8</a><BR>
 <LI><a href="#[1f]">__stm32reservedexception9</a>&nbsp;&nbsp;&nbsp;&rArr;&nbsp;&nbsp;&nbsp;<a href="#[1f]">__stm32reservedexception9</a><BR>
 <LI><a href="#[20]">__stm32reservedexception10</a>&nbsp;&nbsp;&nbsp;&rArr;&nbsp;&nbsp;&nbsp;<a href="#[20]">__stm32reservedexception10</a><BR>
 <LI><a href="#[22]">__exc_debug_monitor</a>&nbsp;&nbsp;&nbsp;&rArr;&nbsp;&nbsp;&nbsp;<a href="#[22]">__exc_debug_monitor</a><BR>
 <LI><a href="#[23]">__stm32reservedexception13</a>&nbsp;&nbsp;&nbsp;&rArr;&nbsp;&nbsp;&nbsp;<a href="#[23]">__stm32reservedexception13</a><BR>
 <LI><a href="#[38]">__irq_adc</a>&nbsp;&nbsp;&nbsp;&rArr;&nbsp;&nbsp;&nbsp;<a href="#[38]">__irq_adc</a><BR>
 <LI><a href="#[62]">rt_alloc_box</a>&nbsp;&nbsp;&nbsp;&rArr;&nbsp;&nbsp;&nbsp;<a href="#[62]">rt_alloc_box</a><BR>
</UL>
<P>
<H3>
Function Pointers
</H3><UL>
 <LI><a href="#[85]">BusSpeed</a> from spi_stm32f103.o(.text) referenced from spi_stm32f103.o(.constdata)
 <LI><a href="#[87]">CheckMedia</a> from spi_stm32f103.o(.text) referenced from spi_stm32f103.o(.constdata)
 <LI><a href="#[80]">Init</a> from spi_stm32f103.o(.text) referenced from spi_stm32f103.o(.constdata)
 <LI><a href="#[90]">NOP_Process</a> from usb_core.o(.text) referenced 27 times from m_usbserial.o(.constdata)
 <LI><a href="#[24]">PendSV_Handler</a> from hal_cm3.o(.emb_text) referenced from startup_stm32f10x_hd.o(RESET)
 <LI><a href="#[84]">RecBuf</a> from spi_stm32f103.o(.text) referenced from spi_stm32f103.o(.constdata)
 <LI><a href="#[21]">SVC_Handler</a> from hal_cm3.o(.emb_text) referenced from startup_stm32f10x_hd.o(RESET)
 <LI><a href="#[82]">Send</a> from spi_stm32f103.o(.text) referenced from spi_stm32f103.o(.constdata)
 <LI><a href="#[83]">SendBuf</a> from spi_stm32f103.o(.text) referenced from spi_stm32f103.o(.constdata)
 <LI><a href="#[86]">SetSS</a> from spi_stm32f103.o(.text) referenced from spi_stm32f103.o(.constdata)
 <LI><a href="#[11e]">Standard_GetConfiguration</a> from usb_core.o(.text) referenced from usb_core.o(.text)
 <LI><a href="#[11f]">Standard_GetInterface</a> from usb_core.o(.text) referenced from usb_core.o(.text)
 <LI><a href="#[11d]">Standard_GetStatus</a> from usb_core.o(.text) referenced 3 times from usb_core.o(.text)
 <LI><a href="#[25]">SysTick_Handler</a> from hal_cm3.o(.emb_text) referenced from startup_stm32f10x_hd.o(RESET)
 <LI><a href="#[64]">SystemInit</a> from system_stm32f10x.o(.text) referenced from startup_stm32f10x_hd.o(.text)
 <LI><a href="#[81]">UnInit</a> from spi_stm32f103.o(.text) referenced from spi_stm32f103.o(.constdata)
 <LI><a href="#[8e]">InitUsbVcom()</a> from m_usbserial.o(.text) referenced from m_usbserial.o(.constdata)
 <LI><a href="#[9b]">SOF_UsbVcom()</a> from m_usbserial.o(.text) referenced from m_usbserial.o(.constdata)
 <LI><a href="#[8f]">ResetUsbVcom()</a> from m_usbserial.o(.text) referenced from m_usbserial.o(.constdata)
 <LI><a href="#[278]">mainLoopTask()</a> from main.o(.text) referenced from main.o(.text)
 <LI><a href="#[d]">max1LimitIsr()</a> from stepmoto.o(.text) referenced 2 times from stepmoto.o(.data)
 <LI><a href="#[e]">max2LimitIsr()</a> from stepmoto.o(.text) referenced 2 times from stepmoto.o(.data)
 <LI><a href="#[f]">max3LimitIsr()</a> from stepmoto.o(.text) referenced 2 times from stepmoto.o(.data)
 <LI><a href="#[10]">max4LimitIsr()</a> from stepmoto.o(.text) referenced 2 times from stepmoto.o(.data)
 <LI><a href="#[11]">max5LimitIsr()</a> from stepmoto.o(.text) referenced 2 times from stepmoto.o(.data)
 <LI><a href="#[12]">min1LimitIsr()</a> from stepmoto.o(.text) referenced 2 times from stepmoto.o(.data)
 <LI><a href="#[13]">min2LimitIsr()</a> from stepmoto.o(.text) referenced 2 times from stepmoto.o(.data)
 <LI><a href="#[14]">min3LimitIsr()</a> from stepmoto.o(.text) referenced 2 times from stepmoto.o(.data)
 <LI><a href="#[15]">min4LimitIsr()</a> from stepmoto.o(.text) referenced 2 times from stepmoto.o(.data)
 <LI><a href="#[16]">min5LimitIsr()</a> from stepmoto.o(.text) referenced 2 times from stepmoto.o(.data)
 <LI><a href="#[6e]">sdReaderTask()</a> from sdreader.o(.text) referenced from main.o(.text)
 <LI><a href="#[258]">serialEpInit()</a> from m_usbserial.o(.text) referenced from m_usbserial.o(.text)
 <LI><a href="#[9c]">RESET_UsbVcom()</a> from m_usbserial.o(.text) referenced from m_usbserial.o(.constdata)
 <LI><a href="#[99]">EP1_IN_Callback_UsbVcom()</a> from m_usbserial.o(.text) referenced from m_usbserial.o(.constdata)
 <LI><a href="#[9a]">EP3_OUT_Callback_UsbVcom()</a> from m_usbserial.o(.text) referenced from m_usbserial.o(.constdata)
 <LI><a href="#[b]">u8g_dev_rrd_st7920_128x64_fn(_u8g_t*, _u8g_dev_t*, unsigned char, void*)</a> from u8glib_st7920_128x64_rrd.o(.text) referenced 2 times from u8glib_st7920_128x64_rrd.o(.data)
 <LI><a href="#[6c]">lcdTask()</a> from lcd.o(.text) referenced from main.o(.text)
 <LI><a href="#[da]">premain()</a> from m_mapleinit.o(.text) referenced from m_mapleinit.o(.init_array)
 <LI><a href="#[74]">stepIsr()</a> from stepmoto.o(.text) referenced from stepmoto.o(.text)
 <LI><a href="#[6f]">commuTsk()</a> from commu.o(.text) referenced from main.o(.text)
 <LI><a href="#[70]">gcodeTsk()</a> from gcode.o(.text) referenced from main.o(.text)
 <LI><a href="#[69]">voidFunc()</a> from m_sysconf.o(.text) referenced from m_usbserial.o(.text)
 <LI><a href="#[281]">init_task()</a> from main.o(.text) referenced from main.o(.text)
 <LI><a href="#[cb]">Print::write(const char*)</a> from m_print.o(.text) referenced from m_print.o(.constdata__ZTV5Print)
 <LI><a href="#[cb]">Print::write(const char*)</a> from m_print.o(.text) referenced from m_serial.o(.constdata__ZTV6serial)
 <LI><a href="#[cc]">Print::write(const void*, unsigned)</a> from m_print.o(.text) referenced from m_print.o(.constdata__ZTV5Print)
 <LI><a href="#[cc]">Print::write(const void*, unsigned)</a> from m_print.o(.text) referenced from m_serial.o(.constdata__ZTV6serial)
 <LI><a href="#[b4]">c_lcd::adjust_menu()</a> from lcd.o(.text) referenced from lcd.o(.constdata)
 <LI><a href="#[b5]">c_lcd::motion_menu()</a> from lcd.o(.text) referenced from lcd.o(.constdata)
 <LI><a href="#[bc]">c_lcd::status_menu()</a> from lcd.o(.text) referenced 2 times from lcd.o(.constdata)
 <LI><a href="#[b2]">c_lcd::control_menu()</a> from lcd.o(.text) referenced from lcd.o(.constdata)
 <LI><a href="#[b0]">c_lcd::prepare_menu()</a> from lcd.o(.text) referenced from lcd.o(.constdata)
 <LI><a href="#[b6]">c_lcd::printer_menu()</a> from lcd.o(.text) referenced from lcd.o(.constdata)
 <LI><a href="#[b7]">c_lcd::retract_menu()</a> from lcd.o(.text) referenced from lcd.o(.constdata)
 <LI><a href="#[b1]">c_lcd::function_move()</a> from lcd.o(.text) referenced from lcd.o(.constdata)
 <LI><a href="#[a8]">c_lcd::function_Focus()</a> from lcd.o(.text) referenced from lcd.o(.constdata)
 <LI><a href="#[a0]">c_lcd::menu_edit_int3()</a> from lcd.o(.text) referenced from lcd.o(.constdata)
 <LI><a href="#[ae]">c_lcd::move_menu_load()</a> from lcd.o(.text) referenced from lcd.o(.constdata)
 <LI><a href="#[a6]">c_lcd::menu_edit_long5()</a> from lcd.o(.text) referenced from lcd.o(.constdata)
 <LI><a href="#[c5]">c_lcd::preheatAbs_menu()</a> from lcd.o(.text) referenced from lcd.o(.constdata)
 <LI><a href="#[c4]">c_lcd::preheatPla_menu()</a> from lcd.o(.text) referenced from lcd.o(.constdata)
 <LI><a href="#[c3]">c_lcd::sys_status_menu()</a> from lcd.o(.text) referenced from lcd.o(.constdata)
 <LI><a href="#[a1]">c_lcd::menu_edit_float3()</a> from lcd.o(.text) referenced from lcd.o(.constdata)
 <LI><a href="#[a3]">c_lcd::menu_edit_float5()</a> from lcd.o(.text) referenced from lcd.o(.constdata)
 <LI><a href="#[b3]">c_lcd::temperature_menu()</a> from lcd.o(.text) referenced from lcd.o(.constdata)
 <LI><a href="#[c6]">c_lcd::function_autoTurn()</a> from lcd.o(.text) referenced from lcd.o(.constdata)
 <LI><a href="#[c1]">c_lcd::function_cardMenu()</a> from lcd.o(.text) referenced from lcd.o(.constdata)
 <LI><a href="#[ad]">c_lcd::function_cooldown()</a> from lcd.o(.text) referenced from lcd.o(.constdata)
 <LI><a href="#[c2]">c_lcd::function_initCard()</a> from lcd.o(.text) referenced from lcd.o(.constdata)
 <LI><a href="#[bb]">c_lcd::function_openfile()</a> from lcd.o(.text) referenced from lcd.o(.constdata)
 <LI><a href="#[a2]">c_lcd::menu_edit_float32()</a> from lcd.o(.text) referenced from lcd.o(.constdata)
 <LI><a href="#[a4]">c_lcd::menu_edit_float51()</a> from lcd.o(.text) referenced from lcd.o(.constdata)
 <LI><a href="#[a5]">c_lcd::menu_edit_float52()</a> from lcd.o(.text) referenced from lcd.o(.constdata)
 <LI><a href="#[b9]">c_lcd::function_loadEprom()</a> from lcd.o(.text) referenced from lcd.o(.constdata)
 <LI><a href="#[c0]">c_lcd::function_stopPrint()</a> from lcd.o(.text) referenced from lcd.o(.constdata)
 <LI><a href="#[be]">c_lcd::function_pausePrint()</a> from lcd.o(.text) referenced from lcd.o(.constdata)
 <LI><a href="#[ac]">c_lcd::function_preheatAbs()</a> from lcd.o(.text) referenced from lcd.o(.constdata)
 <LI><a href="#[ab]">c_lcd::function_preheatPla()</a> from lcd.o(.text) referenced from lcd.o(.constdata)
 <LI><a href="#[c7]">c_lcd::function_reCalDelta()</a> from lcd.o(.text) referenced from lcd.o(.constdata)
 <LI><a href="#[b8]">c_lcd::function_storeEprom()</a> from lcd.o(.text) referenced from lcd.o(.constdata)
 <LI><a href="#[a9]">c_lcd::function_autoStartSd()</a> from lcd.o(.text) referenced from lcd.o(.constdata)
 <LI><a href="#[bf]">c_lcd::function_resumePrint()</a> from lcd.o(.text) referenced from lcd.o(.constdata)
 <LI><a href="#[aa]">c_lcd::function_setZzeroPos()</a> from lcd.o(.text) referenced from lcd.o(.constdata)
 <LI><a href="#[9e]">c_lcd::menu_immediataly_move1()</a> from lcd.o(.text) referenced from lcd.o(.constdata)
 <LI><a href="#[9d]">c_lcd::menu_immediataly_move01()</a> from lcd.o(.text) referenced from lcd.o(.constdata)
 <LI><a href="#[9f]">c_lcd::menu_immediataly_move10()</a> from lcd.o(.text) referenced from lcd.o(.constdata)
 <LI><a href="#[ba]">c_lcd::function_reStoreFailsafe()</a> from lcd.o(.text) referenced from lcd.o(.constdata)
 <LI><a href="#[a7]">c_lcd::main_menu()</a> from lcd.o(.text) referenced from lcd.o(.constdata)
 <LI><a href="#[af]">c_lcd::move_menu()</a> from lcd.o(.text) referenced from lcd.o(.constdata)
 <LI><a href="#[bd]">c_lcd::tune_menu()</a> from lcd.o(.text) referenced from lcd.o(.constdata)
 <LI><a href="#[91]">c_usb::Class_Data_Setup(unsigned char)</a> from m_usb.o(.text) referenced from m_usbserial.o(.constdata)
 <LI><a href="#[256]">c_usb::getSetLineCoding(unsigned short)</a> from m_usb.o(.text) referenced from m_usb.o(.text)
 <LI><a href="#[92]">c_usb::Class_NoData_Setup(unsigned char)</a> from m_usb.o(.text) referenced from m_usbserial.o(.constdata)
 <LI><a href="#[95]">c_usb::GetConfigDescriptor(unsigned short)</a> from m_usb.o(.text) referenced from m_usbserial.o(.constdata)
 <LI><a href="#[94]">c_usb::GetDeviceDescriptor(unsigned short)</a> from m_usb.o(.text) referenced from m_usbserial.o(.constdata)
 <LI><a href="#[96]">c_usb::GetStringDescriptor(unsigned short)</a> from m_usb.o(.text) referenced from m_usbserial.o(.constdata)
 <LI><a href="#[97]">c_usb::User_SetConfiguration()</a> from m_usb.o(.text) referenced from m_usbserial.o(.constdata)
 <LI><a href="#[98]">c_usb::User_SetDeviceAddress()</a> from m_usb.o(.text) referenced from m_usbserial.o(.constdata)
 <LI><a href="#[93]">c_usb::Class_Get_Interface_Setting(unsigned char, unsigned char)</a> from m_usb.o(.text) referenced from m_usbserial.o(.constdata)
 <LI><a href="#[c9]">U8GLIB::write(const char*)</a> from u8glib_st7920_128x64_rrd.o(i._ZN6U8GLIB5writeEPKc) referenced from u8glib_st7920_128x64_rrd.o(.constdata__ZTV24U8GLIB_ST7920_128X64_RRD)
 <LI><a href="#[c9]">U8GLIB::write(const char*)</a> from u8glib_st7920_128x64_rrd.o(i._ZN6U8GLIB5writeEPKc) referenced from u8glib_st7920_128x64_rrd.o(.constdata__ZTV6U8GLIB)
 <LI><a href="#[c8]">U8GLIB::write(unsigned char)</a> from u8glib_st7920_128x64_rrd.o(i._ZN6U8GLIB5writeEh) referenced from u8glib_st7920_128x64_rrd.o(.constdata__ZTV24U8GLIB_ST7920_128X64_RRD)
 <LI><a href="#[c8]">U8GLIB::write(unsigned char)</a> from u8glib_st7920_128x64_rrd.o(i._ZN6U8GLIB5writeEh) referenced from u8glib_st7920_128x64_rrd.o(.constdata__ZTV6U8GLIB)
 <LI><a href="#[ce]">serial::write(unsigned char*)</a> from m_serial.o(.text) referenced from m_serial.o(.constdata__ZTV6serial)
 <LI><a href="#[cd]">serial::write(unsigned char)</a> from m_serial.o(.text) referenced from m_serial.o(.constdata__ZTV6serial)
 <LI><a href="#[d0]">usbSerial::write(const char*)</a> from m_usbserial.o(.text) referenced from m_usbserial.o(.constdata__ZTV9usbSerial)
 <LI><a href="#[d1]">usbSerial::write(const void*, unsigned)</a> from m_usbserial.o(.text) referenced from m_usbserial.o(.constdata__ZTV9usbSerial)
 <LI><a href="#[cf]">usbSerial::write(unsigned char)</a> from m_usbserial.o(.text) referenced from m_usbserial.o(.constdata__ZTV9usbSerial)
 <LI><a href="#[ca]">__cxa_pure_virtual</a> from pure_virt.o(i.__cxa_pure_virtual) referenced from m_print.o(.constdata__ZTV5Print)
 <LI><a href="#[1b]">__exc_busfault</a> from startup_stm32f10x_hd.o(.text) referenced from startup_stm32f10x_hd.o(RESET)
 <LI><a href="#[22]">__exc_debug_monitor</a> from startup_stm32f10x_hd.o(.text) referenced from startup_stm32f10x_hd.o(RESET)
 <LI><a href="#[19]">__exc_hardfault</a> from startup_stm32f10x_hd.o(.text) referenced from startup_stm32f10x_hd.o(RESET)
 <LI><a href="#[1a]">__exc_memmanage</a> from startup_stm32f10x_hd.o(.text) referenced from startup_stm32f10x_hd.o(RESET)
 <LI><a href="#[18]">__exc_nmi</a> from startup_stm32f10x_hd.o(.text) referenced from startup_stm32f10x_hd.o(RESET)
 <LI><a href="#[17]">__exc_reset</a> from startup_stm32f10x_hd.o(.text) referenced from startup_stm32f10x_hd.o(RESET)
 <LI><a href="#[1c]">__exc_usagefault</a> from startup_stm32f10x_hd.o(.text) referenced from startup_stm32f10x_hd.o(RESET)
 <LI><a href="#[38]">__irq_adc</a> from startup_stm32f10x_hd.o(.text) referenced from startup_stm32f10x_hd.o(RESET)
 <LI><a href="#[55]">__irq_adc3</a> from startup_stm32f10x_hd.o(.text) referenced from startup_stm32f10x_hd.o(RESET)
 <LI><a href="#[3b]">__irq_can1_rx1</a> from startup_stm32f10x_hd.o(.text) referenced from startup_stm32f10x_hd.o(RESET)
 <LI><a href="#[3c]">__irq_can1_sce</a> from startup_stm32f10x_hd.o(.text) referenced from startup_stm32f10x_hd.o(RESET)
 <LI><a href="#[31]">__irq_dma1_channel1</a> from m_adc.o(.text) referenced from startup_stm32f10x_hd.o(RESET)
 <LI><a href="#[32]">__irq_dma1_channel2</a> from startup_stm32f10x_hd.o(.text) referenced from startup_stm32f10x_hd.o(RESET)
 <LI><a href="#[33]">__irq_dma1_channel3</a> from startup_stm32f10x_hd.o(.text) referenced from startup_stm32f10x_hd.o(RESET)
 <LI><a href="#[34]">__irq_dma1_channel4</a> from m_serial.o(.text) referenced from startup_stm32f10x_hd.o(RESET)
 <LI><a href="#[35]">__irq_dma1_channel5</a> from startup_stm32f10x_hd.o(.text) referenced from startup_stm32f10x_hd.o(RESET)
 <LI><a href="#[36]">__irq_dma1_channel6</a> from startup_stm32f10x_hd.o(.text) referenced from startup_stm32f10x_hd.o(RESET)
 <LI><a href="#[37]">__irq_dma1_channel7</a> from startup_stm32f10x_hd.o(.text) referenced from startup_stm32f10x_hd.o(RESET)
 <LI><a href="#[5e]">__irq_dma2_channel1</a> from startup_stm32f10x_hd.o(.text) referenced from startup_stm32f10x_hd.o(RESET)
 <LI><a href="#[5f]">__irq_dma2_channel2</a> from startup_stm32f10x_hd.o(.text) referenced from startup_stm32f10x_hd.o(RESET)
 <LI><a href="#[60]">__irq_dma2_channel3</a> from startup_stm32f10x_hd.o(.text) referenced from startup_stm32f10x_hd.o(RESET)
 <LI><a href="#[61]">__irq_dma2_channel4_5</a> from startup_stm32f10x_hd.o(.text) referenced from startup_stm32f10x_hd.o(RESET)
 <LI><a href="#[2c]">__irq_exti0</a> from m_exti.o(.text) referenced from startup_stm32f10x_hd.o(RESET)
 <LI><a href="#[2d]">__irq_exti1</a> from m_exti.o(.text) referenced from startup_stm32f10x_hd.o(RESET)
 <LI><a href="#[4e]">__irq_exti15_10</a> from m_exti.o(.text) referenced from startup_stm32f10x_hd.o(RESET)
 <LI><a href="#[2e]">__irq_exti2</a> from m_exti.o(.text) referenced from startup_stm32f10x_hd.o(RESET)
 <LI><a href="#[2f]">__irq_exti3</a> from m_exti.o(.text) referenced from startup_stm32f10x_hd.o(RESET)
 <LI><a href="#[30]">__irq_exti4</a> from m_exti.o(.text) referenced from startup_stm32f10x_hd.o(RESET)
 <LI><a href="#[3d]">__irq_exti9_5</a> from m_exti.o(.text) referenced from startup_stm32f10x_hd.o(RESET)
 <LI><a href="#[2a]">__irq_flash</a> from startup_stm32f10x_hd.o(.text) referenced from startup_stm32f10x_hd.o(RESET)
 <LI><a href="#[56]">__irq_fsmc</a> from startup_stm32f10x_hd.o(.text) referenced from startup_stm32f10x_hd.o(RESET)
 <LI><a href="#[46]">__irq_i2c1_er</a> from startup_stm32f10x_hd.o(.text) referenced from startup_stm32f10x_hd.o(RESET)
 <LI><a href="#[45]">__irq_i2c1_ev</a> from startup_stm32f10x_hd.o(.text) referenced from startup_stm32f10x_hd.o(RESET)
 <LI><a href="#[48]">__irq_i2c2_er</a> from startup_stm32f10x_hd.o(.text) referenced from startup_stm32f10x_hd.o(RESET)
 <LI><a href="#[47]">__irq_i2c2_ev</a> from startup_stm32f10x_hd.o(.text) referenced from startup_stm32f10x_hd.o(RESET)
 <LI><a href="#[27]">__irq_pvd</a> from startup_stm32f10x_hd.o(.text) referenced from startup_stm32f10x_hd.o(RESET)
 <LI><a href="#[2b]">__irq_rcc</a> from startup_stm32f10x_hd.o(.text) referenced from startup_stm32f10x_hd.o(RESET)
 <LI><a href="#[29]">__irq_rtc</a> from startup_stm32f10x_hd.o(.text) referenced from startup_stm32f10x_hd.o(RESET)
 <LI><a href="#[4f]">__irq_rtc_alarm</a> from startup_stm32f10x_hd.o(.text) referenced from startup_stm32f10x_hd.o(RESET)
 <LI><a href="#[57]">__irq_sdio</a> from startup_stm32f10x_hd.o(.text) referenced from startup_stm32f10x_hd.o(RESET)
 <LI><a href="#[49]">__irq_spi1</a> from startup_stm32f10x_hd.o(.text) referenced from startup_stm32f10x_hd.o(RESET)
 <LI><a href="#[4a]">__irq_spi2</a> from startup_stm32f10x_hd.o(.text) referenced from startup_stm32f10x_hd.o(RESET)
 <LI><a href="#[59]">__irq_spi3</a> from startup_stm32f10x_hd.o(.text) referenced from startup_stm32f10x_hd.o(RESET)
 <LI><a href="#[28]">__irq_tamper</a> from startup_stm32f10x_hd.o(.text) referenced from startup_stm32f10x_hd.o(RESET)
 <LI><a href="#[3e]">__irq_tim1_brk</a> from startup_stm32f10x_hd.o(.text) referenced from startup_stm32f10x_hd.o(RESET)
 <LI><a href="#[41]">__irq_tim1_cc</a> from m_timer.o(.text) referenced from startup_stm32f10x_hd.o(RESET)
 <LI><a href="#[40]">__irq_tim1_trg_com</a> from startup_stm32f10x_hd.o(.text) referenced from startup_stm32f10x_hd.o(RESET)
 <LI><a href="#[3f]">__irq_tim1_up</a> from startup_stm32f10x_hd.o(.text) referenced from startup_stm32f10x_hd.o(RESET)
 <LI><a href="#[42]">__irq_tim2</a> from m_timer.o(.text) referenced from startup_stm32f10x_hd.o(RESET)
 <LI><a href="#[43]">__irq_tim3</a> from m_timer.o(.text) referenced from startup_stm32f10x_hd.o(RESET)
 <LI><a href="#[44]">__irq_tim4</a> from m_timer.o(.text) referenced from startup_stm32f10x_hd.o(RESET)
 <LI><a href="#[58]">__irq_tim5</a> from startup_stm32f10x_hd.o(.text) referenced from startup_stm32f10x_hd.o(RESET)
 <LI><a href="#[5c]">__irq_tim6</a> from startup_stm32f10x_hd.o(.text) referenced from startup_stm32f10x_hd.o(RESET)
 <LI><a href="#[5d]">__irq_tim7</a> from startup_stm32f10x_hd.o(.text) referenced from startup_stm32f10x_hd.o(RESET)
 <LI><a href="#[51]">__irq_tim8_brk</a> from startup_stm32f10x_hd.o(.text) referenced from startup_stm32f10x_hd.o(RESET)
 <LI><a href="#[54]">__irq_tim8_cc</a> from startup_stm32f10x_hd.o(.text) referenced from startup_stm32f10x_hd.o(RESET)
 <LI><a href="#[53]">__irq_tim8_trg_com</a> from startup_stm32f10x_hd.o(.text) referenced from startup_stm32f10x_hd.o(RESET)
 <LI><a href="#[52]">__irq_tim8_up</a> from startup_stm32f10x_hd.o(.text) referenced from startup_stm32f10x_hd.o(RESET)
 <LI><a href="#[4b]">__irq_usart1</a> from startup_stm32f10x_hd.o(.text) referenced from startup_stm32f10x_hd.o(RESET)
 <LI><a href="#[4c]">__irq_usart2</a> from startup_stm32f10x_hd.o(.text) referenced from startup_stm32f10x_hd.o(RESET)
 <LI><a href="#[4d]">__irq_usart3</a> from startup_stm32f10x_hd.o(.text) referenced from startup_stm32f10x_hd.o(RESET)
 <LI><a href="#[5a]">__irq_usart4</a> from startup_stm32f10x_hd.o(.text) referenced from startup_stm32f10x_hd.o(RESET)
 <LI><a href="#[5b]">__irq_usart5</a> from startup_stm32f10x_hd.o(.text) referenced from startup_stm32f10x_hd.o(RESET)
 <LI><a href="#[39]">__irq_usb_hp_can_tx</a> from startup_stm32f10x_hd.o(.text) referenced from startup_stm32f10x_hd.o(RESET)
 <LI><a href="#[3a]">__irq_usb_lp_can_rx0</a> from m_usb.o(.text) referenced from startup_stm32f10x_hd.o(RESET)
 <LI><a href="#[50]">__irq_usbwakeup</a> from startup_stm32f10x_hd.o(.text) referenced from startup_stm32f10x_hd.o(RESET)
 <LI><a href="#[26]">__irq_wwdg</a> from startup_stm32f10x_hd.o(.text) referenced from startup_stm32f10x_hd.o(RESET)
 <LI><a href="#[df]">__main</a> from __main.o(!!!main) referenced from startup_stm32f10x_hd.o(.text)
 <LI><a href="#[d4]">__sti___10_m_gpio_cpp</a> from m_gpio.o(.text) referenced from m_gpio.o(.init_array)
 <LI><a href="#[d5]">__sti___11_m_timer_cpp</a> from m_timer.o(.text) referenced from m_timer.o(.init_array)
 <LI><a href="#[d7]">__sti___12_m_serial_cpp</a> from m_serial.o(.text) referenced from m_serial.o(.init_array)
 <LI><a href="#[db]">__sti___12_stepMoto_cpp</a> from stepmoto.o(.text) referenced from stepmoto.o(.init_array)
 <LI><a href="#[d9]">__sti___15_m_usbSerial_cpp</a> from m_usbserial.o(.text) referenced from m_usbserial.o(.init_array)
 <LI><a href="#[dc]">__sti___15_temperature_cpp</a> from temperature.o(.text) referenced from temperature.o(.init_array)
 <LI><a href="#[d2]">__sti___28_U8GLIB_ST7920_128X64_RRD_cpp</a> from u8glib_st7920_128x64_rrd.o(.text) referenced from u8glib_st7920_128x64_rrd.o(.init_array)
 <LI><a href="#[dd]">__sti___9_Gcode_cpp</a> from gcode.o(.text) referenced from gcode.o(.init_array)
 <LI><a href="#[de]">__sti___9_commu_cpp</a> from commu.o(.text) referenced from commu.o(.init_array)
 <LI><a href="#[d3]">__sti___9_m_adc_cpp</a> from m_adc.o(.text) referenced from m_adc.o(.init_array)
 <LI><a href="#[d6]">__sti___9_m_rcc_cpp</a> from m_rcc.o(.text) referenced from m_rcc.o(.init_array)
 <LI><a href="#[d8]">__sti___9_m_usb_cpp</a> from m_usb.o(.text) referenced from m_usb.o(.init_array)
 <LI><a href="#[20]">__stm32reservedexception10</a> from startup_stm32f10x_hd.o(.text) referenced from startup_stm32f10x_hd.o(RESET)
 <LI><a href="#[23]">__stm32reservedexception13</a> from startup_stm32f10x_hd.o(.text) referenced from startup_stm32f10x_hd.o(RESET)
 <LI><a href="#[1d]">__stm32reservedexception7</a> from startup_stm32f10x_hd.o(.text) referenced from startup_stm32f10x_hd.o(RESET)
 <LI><a href="#[1e]">__stm32reservedexception8</a> from startup_stm32f10x_hd.o(.text) referenced from startup_stm32f10x_hd.o(RESET)
 <LI><a href="#[1f]">__stm32reservedexception9</a> from startup_stm32f10x_hd.o(.text) referenced from startup_stm32f10x_hd.o(RESET)
 <LI><a href="#[7b]">_get_lc_ctype</a> from lc_ctype_c.o(locale$$code) referenced from rt_ctype_table.o(.text)
 <LI><a href="#[7d]">_sbackspace</a> from _sgetc.o(.text) referenced from strtod.o(.text)
 <LI><a href="#[7c]">_sgetc</a> from _sgetc.o(.text) referenced from strtod.o(.text)
 <LI><a href="#[30a]">encoderPulse1Isr</a> from lcd.o(.text) referenced from lcd.o(.text)
 <LI><a href="#[309]">encoderPulse2Isr</a> from lcd.o(.text) referenced from lcd.o(.text)
 <LI><a href="#[7e]">isspace</a> from isspace.o(.text) referenced from strtod.o(.text)
 <LI><a href="#[8d]">mc0_DevCtrl</a> from file_config.o(.text) referenced from file_config.o(.constdata)
 <LI><a href="#[88]">mc0_Init</a> from file_config.o(.text) referenced from file_config.o(.constdata)
 <LI><a href="#[8c]">mc0_RdInfo</a> from file_config.o(.text) referenced from file_config.o(.constdata)
 <LI><a href="#[8a]">mc0_RdSect</a> from file_config.o(.text) referenced from file_config.o(.constdata)
 <LI><a href="#[89]">mc0_UnInit</a> from file_config.o(.text) referenced from file_config.o(.constdata)
 <LI><a href="#[8b]">mc0_WrSect</a> from file_config.o(.text) referenced from file_config.o(.constdata)
 <LI><a href="#[7f]">os_idle_demon</a> from main.o(.text) referenced from rt_task.o(i.rt_sys_init)
 <LI><a href="#[62]">rt_alloc_box</a> from rt_membox.o(i.rt_alloc_box) referenced from hal_cm3.o(.emb_text)
 <LI><a href="#[67]">rt_dly_wait</a> from rt_time.o(i.rt_dly_wait) referenced 13 times from m_gpio.o(.text)
 <LI><a href="#[63]">rt_free_box</a> from rt_membox.o(i.rt_free_box) referenced from hal_cm3.o(.emb_text)
 <LI><a href="#[79]">rt_mbx_init</a> from rt_mailbox.o(i.rt_mbx_init) referenced from commu.o(.text)
 <LI><a href="#[77]">rt_mbx_send</a> from rt_mailbox.o(i.rt_mbx_send) referenced from commu.o(.text)
 <LI><a href="#[7a]">rt_mbx_wait</a> from rt_mailbox.o(i.rt_mbx_wait) referenced from commu.o(.text)
 <LI><a href="#[78]">rt_mut_init</a> from rt_mutex.o(i.rt_mut_init) referenced from commu.o(.text)
 <LI><a href="#[76]">rt_mut_release</a> from rt_mutex.o(i.rt_mut_release) referenced 3 times from gcode.o(.text)
 <LI><a href="#[75]">rt_mut_wait</a> from rt_mutex.o(i.rt_mut_wait) referenced 3 times from gcode.o(.text)
 <LI><a href="#[6a]">rt_sem_init</a> from rt_semaphore.o(i.rt_sem_init) referenced 3 times from m_usbserial.o(.text)
 <LI><a href="#[6b]">rt_sem_send</a> from rt_semaphore.o(i.rt_sem_send) referenced from main.o(.text)
 <LI><a href="#[6b]">rt_sem_send</a> from rt_semaphore.o(i.rt_sem_send) referenced from lcd.o(i._ZN5c_lcd20menu_action_feedBackEv)
 <LI><a href="#[73]">rt_sem_wait</a> from rt_semaphore.o(i.rt_sem_wait) referenced 3 times from stepmoto.o(.text)
 <LI><a href="#[72]">rt_sys_init</a> from rt_task.o(i.rt_sys_init) referenced from main.o(.text)
 <LI><a href="#[68]">rt_time_get</a> from rt_time.o(i.rt_time_get) referenced 10 times from m_gpio.o(.text)
 <LI><a href="#[6d]">rt_tsk_create</a> from rt_task.o(i.rt_tsk_create) referenced 2 times from main.o(.text)
 <LI><a href="#[71]">rt_tsk_delete</a> from rt_task.o(i.rt_tsk_delete) referenced from main.o(.text)
 <LI><a href="#[c]">u8g_com_null_fn</a> from u8g_com_null.o(.text) referenced 2 times from u8glib_st7920_128x64_rrd.o(.data)
 <LI><a href="#[16a]">u8g_font_calc_vref_bottom</a> from u8g_font.o(.text) referenced from u8g_font.o(.text)
 <LI><a href="#[16c]">u8g_font_calc_vref_center</a> from u8g_font.o(.text) referenced from u8g_font.o(.text)
 <LI><a href="#[169]">u8g_font_calc_vref_font</a> from u8g_font.o(.text) referenced from u8g_font.o(.text)
 <LI><a href="#[16b]">u8g_font_calc_vref_top</a> from u8g_font.o(.text) referenced from u8g_font.o(.text)
 <LI><a href="#[16e]">u8g_font_get_char</a> from u8g_font.o(.text) referenced from u8g_font.o(.text)
 <LI><a href="#[170]">u8g_font_get_charP</a> from u8g_font.o(.text) referenced from u8g_font.o(.text)
 <LI><a href="#[66]">u8g_state_dummy_cb</a> from u8g_state.o(.text) referenced from u8g_ll_api.o(.text)
</UL>
<P>
<H3>
Global Symbols
</H3>
<P><STRONG><a name="[df]"></a>__main</STRONG> (Thumb, 8 bytes, Stack size 0 bytes, __main.o(!!!main))
<BR><BR>[Calls]<UL><LI><a href="#[e9]">&gt;&gt;</a>&nbsp;&nbsp;&nbsp;__rt_entry
<LI><a href="#[e8]">&gt;&gt;</a>&nbsp;&nbsp;&nbsp;__scatterload
</UL>

<P><STRONG><a name="[e8]"></a>__scatterload</STRONG> (Thumb, 0 bytes, Stack size unknown bytes, __scatter.o(!!!scatter))
<BR><BR>[Called By]<UL><LI><a href="#[df]">&gt;&gt;</a>&nbsp;&nbsp;&nbsp;__main
</UL>

<P><STRONG><a name="[ea]"></a>__scatterload_rt2</STRONG> (Thumb, 44 bytes, Stack size unknown bytes, __scatter.o(!!!scatter), UNUSED)
<BR><BR>[Calls]<UL><LI><a href="#[e9]">&gt;&gt;</a>&nbsp;&nbsp;&nbsp;__rt_entry
</UL>

<P><STRONG><a name="[467]"></a>__scatterload_rt2_thumb_only</STRONG> (Thumb, 0 bytes, Stack size unknown bytes, __scatter.o(!!!scatter), UNUSED)

<P><STRONG><a name="[468]"></a>__scatterload_null</STRONG> (Thumb, 0 bytes, Stack size unknown bytes, __scatter.o(!!!scatter), UNUSED)

<P><STRONG><a name="[469]"></a>__decompress</STRONG> (Thumb, 90 bytes, Stack size unknown bytes, __dczerorl2.o(!!dczerorl2), UNUSED)

<P><STRONG><a name="[46a]"></a>__decompress1</STRONG> (Thumb, 0 bytes, Stack size unknown bytes, __dczerorl2.o(!!dczerorl2), UNUSED)

<P><STRONG><a name="[46b]"></a>__scatterload_zeroinit</STRONG> (Thumb, 28 bytes, Stack size unknown bytes, __scatter_zi.o(!!handler_zi), UNUSED)

<P><STRONG><a name="[fa]"></a>__rt_lib_init</STRONG> (Thumb, 0 bytes, Stack size unknown bytes, libinit.o(.ARM.Collect$$libinit$$00000000))
<BR><BR>[Called By]<UL><LI><a href="#[f9]">&gt;&gt;</a>&nbsp;&nbsp;&nbsp;__rt_entry_li
</UL>

<P><STRONG><a name="[46c]"></a>__rt_lib_init_fp_1</STRONG> (Thumb, 0 bytes, Stack size unknown bytes, libinit2.o(.ARM.Collect$$libinit$$00000002))

<P><STRONG><a name="[eb]"></a>__rt_lib_init_heap_2</STRONG> (Thumb, 0 bytes, Stack size unknown bytes, libinit2.o(.ARM.Collect$$libinit$$00000003))
<BR><BR>[Stack]<UL><LI>Max Depth = 56 + Unknown Stack Size
<LI>Call Chain = __rt_lib_init_heap_2 &rArr; _init_alloc &rArr; __rt_SIGRTMEM &rArr; __rt_SIGRTMEM_inner &rArr; __default_signal_display
</UL>
<BR>[Calls]<UL><LI><a href="#[ec]">&gt;&gt;</a>&nbsp;&nbsp;&nbsp;_init_alloc
</UL>

<P><STRONG><a name="[46d]"></a>__rt_lib_init_heap_1</STRONG> (Thumb, 0 bytes, Stack size unknown bytes, libinit2.o(.ARM.Collect$$libinit$$00000008))

<P><STRONG><a name="[ed]"></a>__rt_lib_init_lc_common</STRONG> (Thumb, 0 bytes, Stack size unknown bytes, libinit2.o(.ARM.Collect$$libinit$$0000000D))
<BR><BR>[Stack]<UL><LI>Max Depth = 8 + Unknown Stack Size
<LI>Call Chain = __rt_lib_init_lc_common &rArr; __rt_locale
</UL>
<BR>[Calls]<UL><LI><a href="#[ee]">&gt;&gt;</a>&nbsp;&nbsp;&nbsp;__rt_locale
</UL>

<P><STRONG><a name="[46e]"></a>__rt_lib_init_rand_1</STRONG> (Thumb, 0 bytes, Stack size unknown bytes, libinit2.o(.ARM.Collect$$libinit$$0000000C))

<P><STRONG><a name="[46f]"></a>__rt_lib_init_user_alloc_1</STRONG> (Thumb, 0 bytes, Stack size unknown bytes, libinit2.o(.ARM.Collect$$libinit$$0000000A))

<P><STRONG><a name="[470]"></a>__rt_lib_init_lc_collate_1</STRONG> (Thumb, 0 bytes, Stack size unknown bytes, libinit2.o(.ARM.Collect$$libinit$$0000000F))

<P><STRONG><a name="[ef]"></a>__rt_lib_init_lc_ctype_2</STRONG> (Thumb, 0 bytes, Stack size unknown bytes, libinit2.o(.ARM.Collect$$libinit$$00000010))
<BR><BR>[Stack]<UL><LI>Max Depth = 8 + Unknown Stack Size
<LI>Call Chain = __rt_lib_init_lc_ctype_2 &rArr; _get_lc_ctype
</UL>
<BR>[Calls]<UL><LI><a href="#[7b]">&gt;&gt;</a>&nbsp;&nbsp;&nbsp;_get_lc_ctype
</UL>

<P><STRONG><a name="[471]"></a>__rt_lib_init_lc_ctype_1</STRONG> (Thumb, 0 bytes, Stack size unknown bytes, libinit2.o(.ARM.Collect$$libinit$$00000011))

<P><STRONG><a name="[472]"></a>__rt_lib_init_lc_monetary_1</STRONG> (Thumb, 0 bytes, Stack size unknown bytes, libinit2.o(.ARM.Collect$$libinit$$00000013))

<P><STRONG><a name="[f0]"></a>__rt_lib_init_lc_numeric_2</STRONG> (Thumb, 0 bytes, Stack size unknown bytes, libinit2.o(.ARM.Collect$$libinit$$00000014))
<BR><BR>[Stack]<UL><LI>Max Depth = 8 + Unknown Stack Size
<LI>Call Chain = __rt_lib_init_lc_numeric_2 &rArr; _get_lc_numeric
</UL>
<BR>[Calls]<UL><LI><a href="#[f1]">&gt;&gt;</a>&nbsp;&nbsp;&nbsp;_get_lc_numeric
</UL>

<P><STRONG><a name="[473]"></a>__rt_lib_init_atexit_1</STRONG> (Thumb, 0 bytes, Stack size unknown bytes, libinit2.o(.ARM.Collect$$libinit$$00000019))

<P><STRONG><a name="[474]"></a>__rt_lib_init_clock_1</STRONG> (Thumb, 0 bytes, Stack size unknown bytes, libinit2.o(.ARM.Collect$$libinit$$0000001F))

<P><STRONG><a name="[475]"></a>__rt_lib_init_fp_trap_1</STRONG> (Thumb, 0 bytes, Stack size unknown bytes, libinit2.o(.ARM.Collect$$libinit$$0000001D))

<P><STRONG><a name="[476]"></a>__rt_lib_init_getenv_1</STRONG> (Thumb, 0 bytes, Stack size unknown bytes, libinit2.o(.ARM.Collect$$libinit$$00000021))

<P><STRONG><a name="[477]"></a>__rt_lib_init_lc_numeric_1</STRONG> (Thumb, 0 bytes, Stack size unknown bytes, libinit2.o(.ARM.Collect$$libinit$$00000015))

<P><STRONG><a name="[478]"></a>__rt_lib_init_lc_time_1</STRONG> (Thumb, 0 bytes, Stack size unknown bytes, libinit2.o(.ARM.Collect$$libinit$$00000017))

<P><STRONG><a name="[479]"></a>__rt_lib_init_signal_1</STRONG> (Thumb, 0 bytes, Stack size unknown bytes, libinit2.o(.ARM.Collect$$libinit$$0000001B))

<P><STRONG><a name="[f2]"></a>__rt_lib_init_stdio_2</STRONG> (Thumb, 0 bytes, Stack size unknown bytes, libinit2.o(.ARM.Collect$$libinit$$00000022))
<BR><BR>[Stack]<UL><LI>Max Depth = 528 + Unknown Stack Size
<LI>Call Chain = __rt_lib_init_stdio_2 &rArr; _initio &rArr; freopen &rArr; _freopen_locked &rArr; _sys_open &rArr; __sys_open &rArr; fat_find &rArr; fat_find_dir &rArr; create_entry &rArr; check_name &rArr; search_for_name &rArr; frec_pos_set &rArr; set_next_clus &rArr; cache_fat &rArr; fsj_write &rArr; SetBuf
</UL>
<BR>[Calls]<UL><LI><a href="#[f3]">&gt;&gt;</a>&nbsp;&nbsp;&nbsp;_initio
</UL>

<P><STRONG><a name="[47a]"></a>__rt_lib_init_alloca_1</STRONG> (Thumb, 0 bytes, Stack size unknown bytes, libinit2.o(.ARM.Collect$$libinit$$0000002C))

<P><STRONG><a name="[47b]"></a>__rt_lib_init_argv_1</STRONG> (Thumb, 0 bytes, Stack size unknown bytes, libinit2.o(.ARM.Collect$$libinit$$0000002A))

<P><STRONG><a name="[f4]"></a>__rt_lib_init_cpp_2</STRONG> (Thumb, 0 bytes, Stack size unknown bytes, libinit2.o(.ARM.Collect$$libinit$$0000002F))
<BR><BR>[Stack]<UL><LI>Max Depth = 16 + Unknown Stack Size
<LI>Call Chain = __rt_lib_init_cpp_2 &rArr; __cpp_initialize__aeabi_
</UL>
<BR>[Calls]<UL><LI><a href="#[e7]">&gt;&gt;</a>&nbsp;&nbsp;&nbsp;__cpp_initialize__aeabi_
</UL>

<P><STRONG><a name="[47c]"></a>__rt_lib_init_exceptions_1</STRONG> (Thumb, 0 bytes, Stack size unknown bytes, libinit2.o(.ARM.Collect$$libinit$$0000002E))

<P><STRONG><a name="[47d]"></a>__rt_lib_init_stdio_1</STRONG> (Thumb, 0 bytes, Stack size unknown bytes, libinit2.o(.ARM.Collect$$libinit$$00000023))

<P><STRONG><a name="[47e]"></a>__rt_lib_init_cpp_1</STRONG> (Thumb, 0 bytes, Stack size unknown bytes, libinit2.o(.ARM.Collect$$libinit$$00000030))

<P><STRONG><a name="[47f]"></a>__rt_lib_init_return</STRONG> (Thumb, 0 bytes, Stack size unknown bytes, libinit2.o(.ARM.Collect$$libinit$$00000031))

<P><STRONG><a name="[ff]"></a>__rt_lib_shutdown</STRONG> (Thumb, 0 bytes, Stack size unknown bytes, libshutdown.o(.ARM.Collect$$libshutdown$$00000000))
<BR><BR>[Called By]<UL><LI><a href="#[fe]">&gt;&gt;</a>&nbsp;&nbsp;&nbsp;__rt_exit_ls
</UL>

<P><STRONG><a name="[f5]"></a>__rt_lib_shutdown_stdio_2</STRONG> (Thumb, 0 bytes, Stack size unknown bytes, libshutdown2.o(.ARM.Collect$$libshutdown$$00000002))
<BR><BR>[Stack]<UL><LI>Max Depth = 320 + Unknown Stack Size
<LI>Call Chain = __rt_lib_shutdown_stdio_2 &rArr; _terminateio &rArr; _fclose_internal &rArr; _fflush &rArr; _writebuf &rArr; _sys_write &rArr; __sys_write &rArr; fat_write &rArr; write_fat_link &rArr; cache_fat &rArr; fsj_write &rArr; SetBuf
</UL>
<BR>[Calls]<UL><LI><a href="#[f6]">&gt;&gt;</a>&nbsp;&nbsp;&nbsp;_terminateio
</UL>

<P><STRONG><a name="[480]"></a>__rt_lib_shutdown_fp_trap_1</STRONG> (Thumb, 0 bytes, Stack size unknown bytes, libshutdown2.o(.ARM.Collect$$libshutdown$$00000006))

<P><STRONG><a name="[481]"></a>__rt_lib_shutdown_heap_1</STRONG> (Thumb, 0 bytes, Stack size unknown bytes, libshutdown2.o(.ARM.Collect$$libshutdown$$0000000E))

<P><STRONG><a name="[482]"></a>__rt_lib_shutdown_return</STRONG> (Thumb, 0 bytes, Stack size unknown bytes, libshutdown2.o(.ARM.Collect$$libshutdown$$0000000F))

<P><STRONG><a name="[483]"></a>__rt_lib_shutdown_signal_1</STRONG> (Thumb, 0 bytes, Stack size unknown bytes, libshutdown2.o(.ARM.Collect$$libshutdown$$00000009))

<P><STRONG><a name="[484]"></a>__rt_lib_shutdown_stdio_1</STRONG> (Thumb, 0 bytes, Stack size unknown bytes, libshutdown2.o(.ARM.Collect$$libshutdown$$00000003))

<P><STRONG><a name="[485]"></a>__rt_lib_shutdown_user_alloc_1</STRONG> (Thumb, 0 bytes, Stack size unknown bytes, libshutdown2.o(.ARM.Collect$$libshutdown$$0000000B))

<P><STRONG><a name="[e9]"></a>__rt_entry</STRONG> (Thumb, 0 bytes, Stack size unknown bytes, rtentry.o(.ARM.Collect$$rtentry$$00000000))
<BR><BR>[Called By]<UL><LI><a href="#[df]">&gt;&gt;</a>&nbsp;&nbsp;&nbsp;__main
<LI><a href="#[ea]">&gt;&gt;</a>&nbsp;&nbsp;&nbsp;__scatterload_rt2
</UL>

<P><STRONG><a name="[486]"></a>__rt_entry_presh_1</STRONG> (Thumb, 0 bytes, Stack size unknown bytes, rtentry2.o(.ARM.Collect$$rtentry$$00000002))

<P><STRONG><a name="[f7]"></a>__rt_entry_sh</STRONG> (Thumb, 0 bytes, Stack size unknown bytes, rtentry4.o(.ARM.Collect$$rtentry$$00000004))
<BR><BR>[Stack]<UL><LI>Max Depth = 8 + Unknown Stack Size
<LI>Call Chain = __rt_entry_sh &rArr; __user_setup_stackheap
</UL>
<BR>[Calls]<UL><LI><a href="#[f8]">&gt;&gt;</a>&nbsp;&nbsp;&nbsp;__user_setup_stackheap
</UL>

<P><STRONG><a name="[f9]"></a>__rt_entry_li</STRONG> (Thumb, 0 bytes, Stack size unknown bytes, rtentry2.o(.ARM.Collect$$rtentry$$0000000A))
<BR><BR>[Calls]<UL><LI><a href="#[fa]">&gt;&gt;</a>&nbsp;&nbsp;&nbsp;__rt_lib_init
</UL>

<P><STRONG><a name="[487]"></a>__rt_entry_postsh_1</STRONG> (Thumb, 0 bytes, Stack size unknown bytes, rtentry2.o(.ARM.Collect$$rtentry$$00000009))

<P><STRONG><a name="[fb]"></a>__rt_entry_main</STRONG> (Thumb, 0 bytes, Stack size unknown bytes, rtentry2.o(.ARM.Collect$$rtentry$$0000000D))
<BR><BR>[Stack]<UL><LI>Max Depth = 108 + Unknown Stack Size
<LI>Call Chain = __rt_entry_main &rArr; main &rArr; serial::begin(unsigned) &rArr; USART_Init &rArr; RCC_GetClocksFreq
</UL>
<BR>[Calls]<UL><LI><a href="#[fc]">&gt;&gt;</a>&nbsp;&nbsp;&nbsp;main
<LI><a href="#[fd]">&gt;&gt;</a>&nbsp;&nbsp;&nbsp;exit
</UL>

<P><STRONG><a name="[488]"></a>__rt_entry_postli_1</STRONG> (Thumb, 0 bytes, Stack size unknown bytes, rtentry2.o(.ARM.Collect$$rtentry$$0000000C))

<P><STRONG><a name="[380]"></a>__rt_exit</STRONG> (Thumb, 0 bytes, Stack size unknown bytes, rtexit.o(.ARM.Collect$$rtexit$$00000000))
<BR><BR>[Called By]<UL><LI><a href="#[fd]">&gt;&gt;</a>&nbsp;&nbsp;&nbsp;exit
</UL>

<P><STRONG><a name="[fe]"></a>__rt_exit_ls</STRONG> (Thumb, 0 bytes, Stack size unknown bytes, rtexit2.o(.ARM.Collect$$rtexit$$00000003))
<BR><BR>[Calls]<UL><LI><a href="#[ff]">&gt;&gt;</a>&nbsp;&nbsp;&nbsp;__rt_lib_shutdown
</UL>

<P><STRONG><a name="[489]"></a>__rt_exit_prels_1</STRONG> (Thumb, 0 bytes, Stack size unknown bytes, rtexit2.o(.ARM.Collect$$rtexit$$00000002))

<P><STRONG><a name="[100]"></a>__rt_exit_exit</STRONG> (Thumb, 0 bytes, Stack size unknown bytes, rtexit2.o(.ARM.Collect$$rtexit$$00000004))
<BR><BR>[Calls]<UL><LI><a href="#[101]">&gt;&gt;</a>&nbsp;&nbsp;&nbsp;_sys_exit
</UL>

<P><STRONG><a name="[438]"></a>rt_set_PSP</STRONG> (Thumb, 6 bytes, Stack size 0 bytes, hal_cm3.o(.emb_text))
<BR><BR>[Called By]<UL><LI><a href="#[72]">&gt;&gt;</a>&nbsp;&nbsp;&nbsp;rt_sys_init
</UL>

<P><STRONG><a name="[43d]"></a>rt_get_PSP</STRONG> (Thumb, 6 bytes, Stack size 0 bytes, hal_cm3.o(.emb_text))
<BR><BR>[Called By]<UL><LI><a href="#[71]">&gt;&gt;</a>&nbsp;&nbsp;&nbsp;rt_tsk_delete
</UL>

<P><STRONG><a name="[287]"></a>os_set_env</STRONG> (Thumb, 24 bytes, Stack size 0 bytes, hal_cm3.o(.emb_text))
<BR><BR>[Called By]<UL><LI><a href="#[fc]">&gt;&gt;</a>&nbsp;&nbsp;&nbsp;main
</UL>

<P><STRONG><a name="[33d]"></a>_alloc_box</STRONG> (Thumb, 28 bytes, Stack size 0 bytes, hal_cm3.o(.emb_text))
<BR><BR>[Called By]<UL><LI><a href="#[6f]">&gt;&gt;</a>&nbsp;&nbsp;&nbsp;commuTsk()
<LI><a href="#[335]">&gt;&gt;</a>&nbsp;&nbsp;&nbsp;_calloc_box
</UL>

<P><STRONG><a name="[33e]"></a>_free_box</STRONG> (Thumb, 28 bytes, Stack size 0 bytes, hal_cm3.o(.emb_text))
<BR><BR>[Called By]<UL><LI><a href="#[2dd]">&gt;&gt;</a>&nbsp;&nbsp;&nbsp;c_commu::getGcodeLock(ts_commu_buf*)
</UL>

<P><STRONG><a name="[21]"></a>SVC_Handler</STRONG> (Thumb, 124 bytes, Stack size 0 bytes, hal_cm3.o(.emb_text))
<BR><BR>[Calls]<UL><LI><a href="#[102]">&gt;&gt;</a>&nbsp;&nbsp;&nbsp;rt_stk_check
</UL>
<BR>[Address Reference Count : 1]<UL><LI> startup_stm32f10x_hd.o(RESET)
</UL>
<P><STRONG><a name="[24]"></a>PendSV_Handler</STRONG> (Thumb, 76 bytes, Stack size 0 bytes, hal_cm3.o(.emb_text))
<BR><BR>[Stack]<UL><LI>Max Depth = 52<LI>Call Chain = PendSV_Handler &rArr; rt_pop_req &rArr; rt_mbx_psh &rArr; rt_put_prio
</UL>
<BR>[Calls]<UL><LI><a href="#[102]">&gt;&gt;</a>&nbsp;&nbsp;&nbsp;rt_stk_check
<LI><a href="#[103]">&gt;&gt;</a>&nbsp;&nbsp;&nbsp;rt_pop_req
</UL>
<BR>[Address Reference Count : 1]<UL><LI> startup_stm32f10x_hd.o(RESET)
</UL>
<P><STRONG><a name="[25]"></a>SysTick_Handler</STRONG> (Thumb, 8 bytes, Stack size 0 bytes, hal_cm3.o(.emb_text))
<BR><BR>[Stack]<UL><LI>Max Depth = 36<LI>Call Chain = SysTick_Handler &rArr; rt_systick &rArr; rt_dec_dly &rArr; rt_put_prio
</UL>
<BR>[Calls]<UL><LI><a href="#[104]">&gt;&gt;</a>&nbsp;&nbsp;&nbsp;rt_systick
</UL>
<BR>[Address Reference Count : 1]<UL><LI> startup_stm32f10x_hd.o(RESET)
</UL>
<P><STRONG><a name="[105]"></a>OS_Tick_Handler</STRONG> (Thumb, 12 bytes, Stack size 0 bytes, hal_cm3.o(.emb_text), UNUSED)
<BR><BR>[Calls]<UL><LI><a href="#[104]">&gt;&gt;</a>&nbsp;&nbsp;&nbsp;rt_systick
<LI><a href="#[106]">&gt;&gt;</a>&nbsp;&nbsp;&nbsp;os_tick_irqack
</UL>

<P><STRONG><a name="[48a]"></a>_maybe_terminate_alloc</STRONG> (Thumb, 0 bytes, Stack size 12 bytes, maybetermalloc1.o(.emb_text), UNUSED)

<P><STRONG><a name="[64]"></a>SystemInit</STRONG> (Thumb, 78 bytes, Stack size 8 bytes, system_stm32f10x.o(.text))
<BR><BR>[Stack]<UL><LI>Max Depth = 28<LI>Call Chain = SystemInit &rArr; SetSysClock &rArr; SetSysClockTo72
</UL>
<BR>[Calls]<UL><LI><a href="#[107]">&gt;&gt;</a>&nbsp;&nbsp;&nbsp;SetSysClock
</UL>
<BR>[Address Reference Count : 1]<UL><LI> startup_stm32f10x_hd.o(.text)
</UL>
<P><STRONG><a name="[48b]"></a>SystemCoreClockUpdate</STRONG> (Thumb, 142 bytes, Stack size 8 bytes, system_stm32f10x.o(.text), UNUSED)

<P><STRONG><a name="[17]"></a>__exc_reset</STRONG> (Thumb, 8 bytes, Stack size 0 bytes, startup_stm32f10x_hd.o(.text))
<BR>[Address Reference Count : 1]<UL><LI> startup_stm32f10x_hd.o(RESET)
</UL>
<P><STRONG><a name="[18]"></a>__exc_nmi</STRONG> (Thumb, 2 bytes, Stack size 0 bytes, startup_stm32f10x_hd.o(.text))
<BR><BR>[Calls]<UL><LI><a href="#[18]">&gt;&gt;</a>&nbsp;&nbsp;&nbsp;__exc_nmi
</UL>
<BR>[Called By]<UL><LI><a href="#[18]">&gt;&gt;</a>&nbsp;&nbsp;&nbsp;__exc_nmi
</UL>
<BR>[Address Reference Count : 1]<UL><LI> startup_stm32f10x_hd.o(RESET)
</UL>
<P><STRONG><a name="[19]"></a>__exc_hardfault</STRONG> (Thumb, 2 bytes, Stack size 0 bytes, startup_stm32f10x_hd.o(.text))
<BR><BR>[Calls]<UL><LI><a href="#[19]">&gt;&gt;</a>&nbsp;&nbsp;&nbsp;__exc_hardfault
</UL>
<BR>[Called By]<UL><LI><a href="#[19]">&gt;&gt;</a>&nbsp;&nbsp;&nbsp;__exc_hardfault
</UL>
<BR>[Address Reference Count : 1]<UL><LI> startup_stm32f10x_hd.o(RESET)
</UL>
<P><STRONG><a name="[1a]"></a>__exc_memmanage</STRONG> (Thumb, 2 bytes, Stack size 0 bytes, startup_stm32f10x_hd.o(.text))
<BR><BR>[Calls]<UL><LI><a href="#[1a]">&gt;&gt;</a>&nbsp;&nbsp;&nbsp;__exc_memmanage
</UL>
<BR>[Called By]<UL><LI><a href="#[1a]">&gt;&gt;</a>&nbsp;&nbsp;&nbsp;__exc_memmanage
</UL>
<BR>[Address Reference Count : 1]<UL><LI> startup_stm32f10x_hd.o(RESET)
</UL>
<P><STRONG><a name="[1b]"></a>__exc_busfault</STRONG> (Thumb, 2 bytes, Stack size 0 bytes, startup_stm32f10x_hd.o(.text))
<BR><BR>[Calls]<UL><LI><a href="#[1b]">&gt;&gt;</a>&nbsp;&nbsp;&nbsp;__exc_busfault
</UL>
<BR>[Called By]<UL><LI><a href="#[1b]">&gt;&gt;</a>&nbsp;&nbsp;&nbsp;__exc_busfault
</UL>
<BR>[Address Reference Count : 1]<UL><LI> startup_stm32f10x_hd.o(RESET)
</UL>
<P><STRONG><a name="[1c]"></a>__exc_usagefault</STRONG> (Thumb, 2 bytes, Stack size 0 bytes, startup_stm32f10x_hd.o(.text))
<BR><BR>[Calls]<UL><LI><a href="#[1c]">&gt;&gt;</a>&nbsp;&nbsp;&nbsp;__exc_usagefault
</UL>
<BR>[Called By]<UL><LI><a href="#[1c]">&gt;&gt;</a>&nbsp;&nbsp;&nbsp;__exc_usagefault
</UL>
<BR>[Address Reference Count : 1]<UL><LI> startup_stm32f10x_hd.o(RESET)
</UL>
<P><STRONG><a name="[1d]"></a>__stm32reservedexception7</STRONG> (Thumb, 2 bytes, Stack size 0 bytes, startup_stm32f10x_hd.o(.text))
<BR><BR>[Calls]<UL><LI><a href="#[1d]">&gt;&gt;</a>&nbsp;&nbsp;&nbsp;__stm32reservedexception7
</UL>
<BR>[Called By]<UL><LI><a href="#[1d]">&gt;&gt;</a>&nbsp;&nbsp;&nbsp;__stm32reservedexception7
</UL>
<BR>[Address Reference Count : 1]<UL><LI> startup_stm32f10x_hd.o(RESET)
</UL>
<P><STRONG><a name="[1e]"></a>__stm32reservedexception8</STRONG> (Thumb, 2 bytes, Stack size 0 bytes, startup_stm32f10x_hd.o(.text))
<BR><BR>[Calls]<UL><LI><a href="#[1e]">&gt;&gt;</a>&nbsp;&nbsp;&nbsp;__stm32reservedexception8
</UL>
<BR>[Called By]<UL><LI><a href="#[1e]">&gt;&gt;</a>&nbsp;&nbsp;&nbsp;__stm32reservedexception8
</UL>
<BR>[Address Reference Count : 1]<UL><LI> startup_stm32f10x_hd.o(RESET)
</UL>
<P><STRONG><a name="[1f]"></a>__stm32reservedexception9</STRONG> (Thumb, 2 bytes, Stack size 0 bytes, startup_stm32f10x_hd.o(.text))
<BR><BR>[Calls]<UL><LI><a href="#[1f]">&gt;&gt;</a>&nbsp;&nbsp;&nbsp;__stm32reservedexception9
</UL>
<BR>[Called By]<UL><LI><a href="#[1f]">&gt;&gt;</a>&nbsp;&nbsp;&nbsp;__stm32reservedexception9
</UL>
<BR>[Address Reference Count : 1]<UL><LI> startup_stm32f10x_hd.o(RESET)
</UL>
<P><STRONG><a name="[20]"></a>__stm32reservedexception10</STRONG> (Thumb, 2 bytes, Stack size 0 bytes, startup_stm32f10x_hd.o(.text))
<BR><BR>[Calls]<UL><LI><a href="#[20]">&gt;&gt;</a>&nbsp;&nbsp;&nbsp;__stm32reservedexception10
</UL>
<BR>[Called By]<UL><LI><a href="#[20]">&gt;&gt;</a>&nbsp;&nbsp;&nbsp;__stm32reservedexception10
</UL>
<BR>[Address Reference Count : 1]<UL><LI> startup_stm32f10x_hd.o(RESET)
</UL>
<P><STRONG><a name="[22]"></a>__exc_debug_monitor</STRONG> (Thumb, 2 bytes, Stack size 0 bytes, startup_stm32f10x_hd.o(.text))
<BR><BR>[Calls]<UL><LI><a href="#[22]">&gt;&gt;</a>&nbsp;&nbsp;&nbsp;__exc_debug_monitor
</UL>
<BR>[Called By]<UL><LI><a href="#[22]">&gt;&gt;</a>&nbsp;&nbsp;&nbsp;__exc_debug_monitor
</UL>
<BR>[Address Reference Count : 1]<UL><LI> startup_stm32f10x_hd.o(RESET)
</UL>
<P><STRONG><a name="[23]"></a>__stm32reservedexception13</STRONG> (Thumb, 2 bytes, Stack size 0 bytes, startup_stm32f10x_hd.o(.text))
<BR><BR>[Calls]<UL><LI><a href="#[23]">&gt;&gt;</a>&nbsp;&nbsp;&nbsp;__stm32reservedexception13
</UL>
<BR>[Called By]<UL><LI><a href="#[23]">&gt;&gt;</a>&nbsp;&nbsp;&nbsp;__stm32reservedexception13
</UL>
<BR>[Address Reference Count : 1]<UL><LI> startup_stm32f10x_hd.o(RESET)
</UL>
<P><STRONG><a name="[38]"></a>__irq_adc</STRONG> (Thumb, 0 bytes, Stack size 0 bytes, startup_stm32f10x_hd.o(.text))
<BR><BR>[Calls]<UL><LI><a href="#[38]">&gt;&gt;</a>&nbsp;&nbsp;&nbsp;__irq_adc
</UL>
<BR>[Called By]<UL><LI><a href="#[38]">&gt;&gt;</a>&nbsp;&nbsp;&nbsp;__irq_adc
</UL>
<BR>[Address Reference Count : 1]<UL><LI> startup_stm32f10x_hd.o(RESET)
</UL>
<P><STRONG><a name="[55]"></a>__irq_adc3</STRONG> (Thumb, 0 bytes, Stack size 0 bytes, startup_stm32f10x_hd.o(.text))
<BR>[Address Reference Count : 1]<UL><LI> startup_stm32f10x_hd.o(RESET)
</UL>
<P><STRONG><a name="[3b]"></a>__irq_can1_rx1</STRONG> (Thumb, 0 bytes, Stack size 0 bytes, startup_stm32f10x_hd.o(.text))
<BR>[Address Reference Count : 1]<UL><LI> startup_stm32f10x_hd.o(RESET)
</UL>
<P><STRONG><a name="[3c]"></a>__irq_can1_sce</STRONG> (Thumb, 0 bytes, Stack size 0 bytes, startup_stm32f10x_hd.o(.text))
<BR>[Address Reference Count : 1]<UL><LI> startup_stm32f10x_hd.o(RESET)
</UL>
<P><STRONG><a name="[32]"></a>__irq_dma1_channel2</STRONG> (Thumb, 0 bytes, Stack size 0 bytes, startup_stm32f10x_hd.o(.text))
<BR>[Address Reference Count : 1]<UL><LI> startup_stm32f10x_hd.o(RESET)
</UL>
<P><STRONG><a name="[33]"></a>__irq_dma1_channel3</STRONG> (Thumb, 0 bytes, Stack size 0 bytes, startup_stm32f10x_hd.o(.text))
<BR>[Address Reference Count : 1]<UL><LI> startup_stm32f10x_hd.o(RESET)
</UL>
<P><STRONG><a name="[35]"></a>__irq_dma1_channel5</STRONG> (Thumb, 0 bytes, Stack size 0 bytes, startup_stm32f10x_hd.o(.text))
<BR>[Address Reference Count : 1]<UL><LI> startup_stm32f10x_hd.o(RESET)
</UL>
<P><STRONG><a name="[36]"></a>__irq_dma1_channel6</STRONG> (Thumb, 0 bytes, Stack size 0 bytes, startup_stm32f10x_hd.o(.text))
<BR>[Address Reference Count : 1]<UL><LI> startup_stm32f10x_hd.o(RESET)
</UL>
<P><STRONG><a name="[37]"></a>__irq_dma1_channel7</STRONG> (Thumb, 0 bytes, Stack size 0 bytes, startup_stm32f10x_hd.o(.text))
<BR>[Address Reference Count : 1]<UL><LI> startup_stm32f10x_hd.o(RESET)
</UL>
<P><STRONG><a name="[5e]"></a>__irq_dma2_channel1</STRONG> (Thumb, 0 bytes, Stack size 0 bytes, startup_stm32f10x_hd.o(.text))
<BR>[Address Reference Count : 1]<UL><LI> startup_stm32f10x_hd.o(RESET)
</UL>
<P><STRONG><a name="[5f]"></a>__irq_dma2_channel2</STRONG> (Thumb, 0 bytes, Stack size 0 bytes, startup_stm32f10x_hd.o(.text))
<BR>[Address Reference Count : 1]<UL><LI> startup_stm32f10x_hd.o(RESET)
</UL>
<P><STRONG><a name="[60]"></a>__irq_dma2_channel3</STRONG> (Thumb, 0 bytes, Stack size 0 bytes, startup_stm32f10x_hd.o(.text))
<BR>[Address Reference Count : 1]<UL><LI> startup_stm32f10x_hd.o(RESET)
</UL>
<P><STRONG><a name="[61]"></a>__irq_dma2_channel4_5</STRONG> (Thumb, 0 bytes, Stack size 0 bytes, startup_stm32f10x_hd.o(.text))
<BR>[Address Reference Count : 1]<UL><LI> startup_stm32f10x_hd.o(RESET)
</UL>
<P><STRONG><a name="[2a]"></a>__irq_flash</STRONG> (Thumb, 0 bytes, Stack size 0 bytes, startup_stm32f10x_hd.o(.text))
<BR>[Address Reference Count : 1]<UL><LI> startup_stm32f10x_hd.o(RESET)
</UL>
<P><STRONG><a name="[56]"></a>__irq_fsmc</STRONG> (Thumb, 0 bytes, Stack size 0 bytes, startup_stm32f10x_hd.o(.text))
<BR>[Address Reference Count : 1]<UL><LI> startup_stm32f10x_hd.o(RESET)
</UL>
<P><STRONG><a name="[46]"></a>__irq_i2c1_er</STRONG> (Thumb, 0 bytes, Stack size 0 bytes, startup_stm32f10x_hd.o(.text))
<BR>[Address Reference Count : 1]<UL><LI> startup_stm32f10x_hd.o(RESET)
</UL>
<P><STRONG><a name="[45]"></a>__irq_i2c1_ev</STRONG> (Thumb, 0 bytes, Stack size 0 bytes, startup_stm32f10x_hd.o(.text))
<BR>[Address Reference Count : 1]<UL><LI> startup_stm32f10x_hd.o(RESET)
</UL>
<P><STRONG><a name="[48]"></a>__irq_i2c2_er</STRONG> (Thumb, 0 bytes, Stack size 0 bytes, startup_stm32f10x_hd.o(.text))
<BR>[Address Reference Count : 1]<UL><LI> startup_stm32f10x_hd.o(RESET)
</UL>
<P><STRONG><a name="[47]"></a>__irq_i2c2_ev</STRONG> (Thumb, 0 bytes, Stack size 0 bytes, startup_stm32f10x_hd.o(.text))
<BR>[Address Reference Count : 1]<UL><LI> startup_stm32f10x_hd.o(RESET)
</UL>
<P><STRONG><a name="[27]"></a>__irq_pvd</STRONG> (Thumb, 0 bytes, Stack size 0 bytes, startup_stm32f10x_hd.o(.text))
<BR>[Address Reference Count : 1]<UL><LI> startup_stm32f10x_hd.o(RESET)
</UL>
<P><STRONG><a name="[2b]"></a>__irq_rcc</STRONG> (Thumb, 0 bytes, Stack size 0 bytes, startup_stm32f10x_hd.o(.text))
<BR>[Address Reference Count : 1]<UL><LI> startup_stm32f10x_hd.o(RESET)
</UL>
<P><STRONG><a name="[29]"></a>__irq_rtc</STRONG> (Thumb, 0 bytes, Stack size 0 bytes, startup_stm32f10x_hd.o(.text))
<BR>[Address Reference Count : 1]<UL><LI> startup_stm32f10x_hd.o(RESET)
</UL>
<P><STRONG><a name="[4f]"></a>__irq_rtc_alarm</STRONG> (Thumb, 0 bytes, Stack size 0 bytes, startup_stm32f10x_hd.o(.text))
<BR>[Address Reference Count : 1]<UL><LI> startup_stm32f10x_hd.o(RESET)
</UL>
<P><STRONG><a name="[57]"></a>__irq_sdio</STRONG> (Thumb, 0 bytes, Stack size 0 bytes, startup_stm32f10x_hd.o(.text))
<BR>[Address Reference Count : 1]<UL><LI> startup_stm32f10x_hd.o(RESET)
</UL>
<P><STRONG><a name="[49]"></a>__irq_spi1</STRONG> (Thumb, 0 bytes, Stack size 0 bytes, startup_stm32f10x_hd.o(.text))
<BR>[Address Reference Count : 1]<UL><LI> startup_stm32f10x_hd.o(RESET)
</UL>
<P><STRONG><a name="[4a]"></a>__irq_spi2</STRONG> (Thumb, 0 bytes, Stack size 0 bytes, startup_stm32f10x_hd.o(.text))
<BR>[Address Reference Count : 1]<UL><LI> startup_stm32f10x_hd.o(RESET)
</UL>
<P><STRONG><a name="[59]"></a>__irq_spi3</STRONG> (Thumb, 0 bytes, Stack size 0 bytes, startup_stm32f10x_hd.o(.text))
<BR>[Address Reference Count : 1]<UL><LI> startup_stm32f10x_hd.o(RESET)
</UL>
<P><STRONG><a name="[28]"></a>__irq_tamper</STRONG> (Thumb, 0 bytes, Stack size 0 bytes, startup_stm32f10x_hd.o(.text))
<BR>[Address Reference Count : 1]<UL><LI> startup_stm32f10x_hd.o(RESET)
</UL>
<P><STRONG><a name="[3e]"></a>__irq_tim1_brk</STRONG> (Thumb, 0 bytes, Stack size 0 bytes, startup_stm32f10x_hd.o(.text))
<BR>[Address Reference Count : 1]<UL><LI> startup_stm32f10x_hd.o(RESET)
</UL>
<P><STRONG><a name="[40]"></a>__irq_tim1_trg_com</STRONG> (Thumb, 0 bytes, Stack size 0 bytes, startup_stm32f10x_hd.o(.text))
<BR>[Address Reference Count : 1]<UL><LI> startup_stm32f10x_hd.o(RESET)
</UL>
<P><STRONG><a name="[3f]"></a>__irq_tim1_up</STRONG> (Thumb, 0 bytes, Stack size 0 bytes, startup_stm32f10x_hd.o(.text))
<BR>[Address Reference Count : 1]<UL><LI> startup_stm32f10x_hd.o(RESET)
</UL>
<P><STRONG><a name="[58]"></a>__irq_tim5</STRONG> (Thumb, 0 bytes, Stack size 0 bytes, startup_stm32f10x_hd.o(.text))
<BR>[Address Reference Count : 1]<UL><LI> startup_stm32f10x_hd.o(RESET)
</UL>
<P><STRONG><a name="[5c]"></a>__irq_tim6</STRONG> (Thumb, 0 bytes, Stack size 0 bytes, startup_stm32f10x_hd.o(.text))
<BR>[Address Reference Count : 1]<UL><LI> startup_stm32f10x_hd.o(RESET)
</UL>
<P><STRONG><a name="[5d]"></a>__irq_tim7</STRONG> (Thumb, 0 bytes, Stack size 0 bytes, startup_stm32f10x_hd.o(.text))
<BR>[Address Reference Count : 1]<UL><LI> startup_stm32f10x_hd.o(RESET)
</UL>
<P><STRONG><a name="[51]"></a>__irq_tim8_brk</STRONG> (Thumb, 0 bytes, Stack size 0 bytes, startup_stm32f10x_hd.o(.text))
<BR>[Address Reference Count : 1]<UL><LI> startup_stm32f10x_hd.o(RESET)
</UL>
<P><STRONG><a name="[54]"></a>__irq_tim8_cc</STRONG> (Thumb, 0 bytes, Stack size 0 bytes, startup_stm32f10x_hd.o(.text))
<BR>[Address Reference Count : 1]<UL><LI> startup_stm32f10x_hd.o(RESET)
</UL>
<P><STRONG><a name="[53]"></a>__irq_tim8_trg_com</STRONG> (Thumb, 0 bytes, Stack size 0 bytes, startup_stm32f10x_hd.o(.text))
<BR>[Address Reference Count : 1]<UL><LI> startup_stm32f10x_hd.o(RESET)
</UL>
<P><STRONG><a name="[52]"></a>__irq_tim8_up</STRONG> (Thumb, 0 bytes, Stack size 0 bytes, startup_stm32f10x_hd.o(.text))
<BR>[Address Reference Count : 1]<UL><LI> startup_stm32f10x_hd.o(RESET)
</UL>
<P><STRONG><a name="[4b]"></a>__irq_usart1</STRONG> (Thumb, 0 bytes, Stack size 0 bytes, startup_stm32f10x_hd.o(.text))
<BR>[Address Reference Count : 1]<UL><LI> startup_stm32f10x_hd.o(RESET)
</UL>
<P><STRONG><a name="[4c]"></a>__irq_usart2</STRONG> (Thumb, 0 bytes, Stack size 0 bytes, startup_stm32f10x_hd.o(.text))
<BR>[Address Reference Count : 1]<UL><LI> startup_stm32f10x_hd.o(RESET)
</UL>
<P><STRONG><a name="[4d]"></a>__irq_usart3</STRONG> (Thumb, 0 bytes, Stack size 0 bytes, startup_stm32f10x_hd.o(.text))
<BR>[Address Reference Count : 1]<UL><LI> startup_stm32f10x_hd.o(RESET)
</UL>
<P><STRONG><a name="[5a]"></a>__irq_usart4</STRONG> (Thumb, 0 bytes, Stack size 0 bytes, startup_stm32f10x_hd.o(.text))
<BR>[Address Reference Count : 1]<UL><LI> startup_stm32f10x_hd.o(RESET)
</UL>
<P><STRONG><a name="[5b]"></a>__irq_usart5</STRONG> (Thumb, 0 bytes, Stack size 0 bytes, startup_stm32f10x_hd.o(.text))
<BR>[Address Reference Count : 1]<UL><LI> startup_stm32f10x_hd.o(RESET)
</UL>
<P><STRONG><a name="[39]"></a>__irq_usb_hp_can_tx</STRONG> (Thumb, 0 bytes, Stack size 0 bytes, startup_stm32f10x_hd.o(.text))
<BR>[Address Reference Count : 1]<UL><LI> startup_stm32f10x_hd.o(RESET)
</UL>
<P><STRONG><a name="[50]"></a>__irq_usbwakeup</STRONG> (Thumb, 0 bytes, Stack size 0 bytes, startup_stm32f10x_hd.o(.text))
<BR>[Address Reference Count : 1]<UL><LI> startup_stm32f10x_hd.o(RESET)
</UL>
<P><STRONG><a name="[26]"></a>__irq_wwdg</STRONG> (Thumb, 0 bytes, Stack size 0 bytes, startup_stm32f10x_hd.o(.text))
<BR>[Address Reference Count : 1]<UL><LI> startup_stm32f10x_hd.o(RESET)
</UL>
<P><STRONG><a name="[373]"></a>__user_initial_stackheap</STRONG> (Thumb, 0 bytes, Stack size unknown bytes, startup_stm32f10x_hd.o(.text))
<BR><BR>[Called By]<UL><LI><a href="#[f8]">&gt;&gt;</a>&nbsp;&nbsp;&nbsp;__user_setup_stackheap
</UL>

<P><STRONG><a name="[48c]"></a>USB_SIL_Init</STRONG> (Thumb, 28 bytes, Stack size 0 bytes, usb_sil.o(.text), UNUSED)

<P><STRONG><a name="[109]"></a>USB_SIL_Write</STRONG> (Thumb, 46 bytes, Stack size 24 bytes, usb_sil.o(.text), UNUSED)
<BR><BR>[Calls]<UL><LI><a href="#[10b]">&gt;&gt;</a>&nbsp;&nbsp;&nbsp;UserToPMABufferCopy
<LI><a href="#[10c]">&gt;&gt;</a>&nbsp;&nbsp;&nbsp;SetEPTxCount
<LI><a href="#[10a]">&gt;&gt;</a>&nbsp;&nbsp;&nbsp;GetEPTxAddr
</UL>

<P><STRONG><a name="[10d]"></a>USB_SIL_Read</STRONG> (Thumb, 46 bytes, Stack size 24 bytes, usb_sil.o(.text))
<BR><BR>[Stack]<UL><LI>Max Depth = 44<LI>Call Chain = USB_SIL_Read &rArr; PMAToUserBufferCopy
</UL>
<BR>[Calls]<UL><LI><a href="#[110]">&gt;&gt;</a>&nbsp;&nbsp;&nbsp;PMAToUserBufferCopy
<LI><a href="#[10e]">&gt;&gt;</a>&nbsp;&nbsp;&nbsp;GetEPRxCount
<LI><a href="#[10f]">&gt;&gt;</a>&nbsp;&nbsp;&nbsp;GetEPRxAddr
</UL>
<BR>[Called By]<UL><LI><a href="#[9a]">&gt;&gt;</a>&nbsp;&nbsp;&nbsp;EP3_OUT_Callback_UsbVcom()
</UL>

<P><STRONG><a name="[11e]"></a>Standard_GetConfiguration</STRONG> (Thumb, 34 bytes, Stack size 8 bytes, usb_core.o(.text))
<BR><BR>[Stack]<UL><LI>Max Depth = 8<LI>Call Chain = Standard_GetConfiguration
</UL>
<BR>[Address Reference Count : 1]<UL><LI> usb_core.o(.text)
</UL>
<P><STRONG><a name="[119]"></a>Standard_SetConfiguration</STRONG> (Thumb, 60 bytes, Stack size 8 bytes, usb_core.o(.text))
<BR><BR>[Stack]<UL><LI>Max Depth = 8<LI>Call Chain = Standard_SetConfiguration
</UL>
<BR>[Called By]<UL><LI><a href="#[118]">&gt;&gt;</a>&nbsp;&nbsp;&nbsp;NoData_Setup0
</UL>

<P><STRONG><a name="[11f]"></a>Standard_GetInterface</STRONG> (Thumb, 34 bytes, Stack size 8 bytes, usb_core.o(.text))
<BR><BR>[Stack]<UL><LI>Max Depth = 8<LI>Call Chain = Standard_GetInterface
</UL>
<BR>[Address Reference Count : 1]<UL><LI> usb_core.o(.text)
</UL>
<P><STRONG><a name="[11b]"></a>Standard_SetInterface</STRONG> (Thumb, 96 bytes, Stack size 8 bytes, usb_core.o(.text))
<BR><BR>[Stack]<UL><LI>Max Depth = 8<LI>Call Chain = Standard_SetInterface
</UL>
<BR>[Called By]<UL><LI><a href="#[118]">&gt;&gt;</a>&nbsp;&nbsp;&nbsp;NoData_Setup0
</UL>

<P><STRONG><a name="[11d]"></a>Standard_GetStatus</STRONG> (Thumb, 230 bytes, Stack size 8 bytes, usb_core.o(.text))
<BR><BR>[Stack]<UL><LI>Max Depth = 8<LI>Call Chain = Standard_GetStatus
</UL>
<BR>[Address Reference Count : 1]<UL><LI> usb_core.o(.text)
</UL>
<P><STRONG><a name="[111]"></a>Standard_ClearFeature</STRONG> (Thumb, 308 bytes, Stack size 32 bytes, usb_core.o(.text))
<BR><BR>[Stack]<UL><LI>Max Depth = 40<LI>Call Chain = Standard_ClearFeature &rArr; SetEPTxStatus
</UL>
<BR>[Calls]<UL><LI><a href="#[113]">&gt;&gt;</a>&nbsp;&nbsp;&nbsp;SetEPTxStatus
<LI><a href="#[114]">&gt;&gt;</a>&nbsp;&nbsp;&nbsp;SetEPRxCount
<LI><a href="#[112]">&gt;&gt;</a>&nbsp;&nbsp;&nbsp;ClearDTOG_TX
<LI><a href="#[115]">&gt;&gt;</a>&nbsp;&nbsp;&nbsp;ClearDTOG_RX
</UL>
<BR>[Called By]<UL><LI><a href="#[118]">&gt;&gt;</a>&nbsp;&nbsp;&nbsp;NoData_Setup0
</UL>

<P><STRONG><a name="[11c]"></a>Standard_SetEndPointFeature</STRONG> (Thumb, 168 bytes, Stack size 24 bytes, usb_core.o(.text))
<BR><BR>[Stack]<UL><LI>Max Depth = 24<LI>Call Chain = Standard_SetEndPointFeature
</UL>
<BR>[Called By]<UL><LI><a href="#[118]">&gt;&gt;</a>&nbsp;&nbsp;&nbsp;NoData_Setup0
</UL>

<P><STRONG><a name="[11a]"></a>Standard_SetDeviceFeature</STRONG> (Thumb, 30 bytes, Stack size 8 bytes, usb_core.o(.text))
<BR><BR>[Stack]<UL><LI>Max Depth = 8<LI>Call Chain = Standard_SetDeviceFeature
</UL>
<BR>[Called By]<UL><LI><a href="#[118]">&gt;&gt;</a>&nbsp;&nbsp;&nbsp;NoData_Setup0
</UL>

<P><STRONG><a name="[257]"></a>Standard_GetDescriptorData</STRONG> (Thumb, 32 bytes, Stack size 8 bytes, usb_core.o(.text))
<BR><BR>[Stack]<UL><LI>Max Depth = 8<LI>Call Chain = Standard_GetDescriptorData
</UL>
<BR>[Called By]<UL><LI><a href="#[96]">&gt;&gt;</a>&nbsp;&nbsp;&nbsp;c_usb::GetStringDescriptor(unsigned short)
<LI><a href="#[95]">&gt;&gt;</a>&nbsp;&nbsp;&nbsp;c_usb::GetConfigDescriptor(unsigned short)
<LI><a href="#[94]">&gt;&gt;</a>&nbsp;&nbsp;&nbsp;c_usb::GetDeviceDescriptor(unsigned short)
</UL>

<P><STRONG><a name="[121]"></a>Post0_Process</STRONG> (Thumb, 54 bytes, Stack size 8 bytes, usb_core.o(.text))
<BR><BR>[Stack]<UL><LI>Max Depth = 16<LI>Call Chain = Post0_Process &rArr; SetEPRxCount
</UL>
<BR>[Calls]<UL><LI><a href="#[114]">&gt;&gt;</a>&nbsp;&nbsp;&nbsp;SetEPRxCount
</UL>
<BR>[Called By]<UL><LI><a href="#[126]">&gt;&gt;</a>&nbsp;&nbsp;&nbsp;Out0_Process
<LI><a href="#[124]">&gt;&gt;</a>&nbsp;&nbsp;&nbsp;In0_Process
<LI><a href="#[122]">&gt;&gt;</a>&nbsp;&nbsp;&nbsp;Setup0_Process
</UL>

<P><STRONG><a name="[122]"></a>Setup0_Process</STRONG> (Thumb, 170 bytes, Stack size 16 bytes, usb_core.o(.text))
<BR><BR>[Stack]<UL><LI>Max Depth = 108<LI>Call Chain = Setup0_Process &rArr; Data_Setup0 &rArr; DataStageIn &rArr; UserToPMABufferCopy
</UL>
<BR>[Calls]<UL><LI><a href="#[123]">&gt;&gt;</a>&nbsp;&nbsp;&nbsp;ByteSwap
<LI><a href="#[121]">&gt;&gt;</a>&nbsp;&nbsp;&nbsp;Post0_Process
<LI><a href="#[120]">&gt;&gt;</a>&nbsp;&nbsp;&nbsp;Data_Setup0
<LI><a href="#[118]">&gt;&gt;</a>&nbsp;&nbsp;&nbsp;NoData_Setup0
</UL>
<BR>[Called By]<UL><LI><a href="#[127]">&gt;&gt;</a>&nbsp;&nbsp;&nbsp;CTR_LP
</UL>

<P><STRONG><a name="[125]"></a>SetDeviceAddress</STRONG> (Thumb, 66 bytes, Stack size 12 bytes, usb_core.o(.text))
<BR><BR>[Stack]<UL><LI>Max Depth = 12<LI>Call Chain = SetDeviceAddress
</UL>
<BR>[Called By]<UL><LI><a href="#[124]">&gt;&gt;</a>&nbsp;&nbsp;&nbsp;In0_Process
<LI><a href="#[254]">&gt;&gt;</a>&nbsp;&nbsp;&nbsp;c_usb::ResetPort(void(*)())
</UL>

<P><STRONG><a name="[124]"></a>In0_Process</STRONG> (Thumb, 98 bytes, Stack size 8 bytes, usb_core.o(.text))
<BR><BR>[Stack]<UL><LI>Max Depth = 60<LI>Call Chain = In0_Process &rArr; DataStageIn &rArr; UserToPMABufferCopy
</UL>
<BR>[Calls]<UL><LI><a href="#[125]">&gt;&gt;</a>&nbsp;&nbsp;&nbsp;SetDeviceAddress
<LI><a href="#[121]">&gt;&gt;</a>&nbsp;&nbsp;&nbsp;Post0_Process
<LI><a href="#[117]">&gt;&gt;</a>&nbsp;&nbsp;&nbsp;DataStageIn
</UL>
<BR>[Called By]<UL><LI><a href="#[127]">&gt;&gt;</a>&nbsp;&nbsp;&nbsp;CTR_LP
</UL>

<P><STRONG><a name="[126]"></a>Out0_Process</STRONG> (Thumb, 70 bytes, Stack size 8 bytes, usb_core.o(.text))
<BR><BR>[Stack]<UL><LI>Max Depth = 52<LI>Call Chain = Out0_Process &rArr; DataStageOut &rArr; PMAToUserBufferCopy
</UL>
<BR>[Calls]<UL><LI><a href="#[121]">&gt;&gt;</a>&nbsp;&nbsp;&nbsp;Post0_Process
<LI><a href="#[116]">&gt;&gt;</a>&nbsp;&nbsp;&nbsp;DataStageOut
</UL>
<BR>[Called By]<UL><LI><a href="#[127]">&gt;&gt;</a>&nbsp;&nbsp;&nbsp;CTR_LP
</UL>

<P><STRONG><a name="[90]"></a>NOP_Process</STRONG> (Thumb, 2 bytes, Stack size 0 bytes, usb_core.o(.text))
<BR>[Address Reference Count : 1]<UL><LI> m_usbserial.o(.constdata)
</UL>
<P><STRONG><a name="[250]"></a>USB_Init</STRONG> (Thumb, 36 bytes, Stack size 8 bytes, usb_init.o(.text))
<BR><BR>[Stack]<UL><LI>Max Depth = 8<LI>Call Chain = USB_Init
</UL>
<BR>[Called By]<UL><LI><a href="#[24d]">&gt;&gt;</a>&nbsp;&nbsp;&nbsp;c_usb::beging(usblib_dev*)
</UL>

<P><STRONG><a name="[127]"></a>CTR_LP</STRONG> (Thumb, 584 bytes, Stack size 8 bytes, usb_int.o(.text))
<BR><BR>[Stack]<UL><LI>Max Depth = 116<LI>Call Chain = CTR_LP &rArr; Setup0_Process &rArr; Data_Setup0 &rArr; DataStageIn &rArr; UserToPMABufferCopy
</UL>
<BR>[Calls]<UL><LI><a href="#[126]">&gt;&gt;</a>&nbsp;&nbsp;&nbsp;Out0_Process
<LI><a href="#[124]">&gt;&gt;</a>&nbsp;&nbsp;&nbsp;In0_Process
<LI><a href="#[122]">&gt;&gt;</a>&nbsp;&nbsp;&nbsp;Setup0_Process
</UL>
<BR>[Called By]<UL><LI><a href="#[24a]">&gt;&gt;</a>&nbsp;&nbsp;&nbsp;c_usb::USB_Istr()
</UL>

<P><STRONG><a name="[48d]"></a>CTR_HP</STRONG> (Thumb, 158 bytes, Stack size 8 bytes, usb_int.o(.text), UNUSED)

<P><STRONG><a name="[10b]"></a>UserToPMABufferCopy</STRONG> (Thumb, 52 bytes, Stack size 20 bytes, usb_mem.o(.text))
<BR><BR>[Stack]<UL><LI>Max Depth = 20<LI>Call Chain = UserToPMABufferCopy
</UL>
<BR>[Called By]<UL><LI><a href="#[117]">&gt;&gt;</a>&nbsp;&nbsp;&nbsp;DataStageIn
<LI><a href="#[109]">&gt;&gt;</a>&nbsp;&nbsp;&nbsp;USB_SIL_Write
<LI><a href="#[25e]">&gt;&gt;</a>&nbsp;&nbsp;&nbsp;usbSerial::Handle_USBAsynchXfer()
</UL>

<P><STRONG><a name="[110]"></a>PMAToUserBufferCopy</STRONG> (Thumb, 34 bytes, Stack size 20 bytes, usb_mem.o(.text))
<BR><BR>[Stack]<UL><LI>Max Depth = 20<LI>Call Chain = PMAToUserBufferCopy
</UL>
<BR>[Called By]<UL><LI><a href="#[116]">&gt;&gt;</a>&nbsp;&nbsp;&nbsp;DataStageOut
<LI><a href="#[10d]">&gt;&gt;</a>&nbsp;&nbsp;&nbsp;USB_SIL_Read
</UL>

<P><STRONG><a name="[48e]"></a>SetCNTR</STRONG> (Thumb, 6 bytes, Stack size 0 bytes, usb_regs.o(.text), UNUSED)

<P><STRONG><a name="[48f]"></a>GetCNTR</STRONG> (Thumb, 8 bytes, Stack size 0 bytes, usb_regs.o(.text), UNUSED)

<P><STRONG><a name="[490]"></a>SetISTR</STRONG> (Thumb, 8 bytes, Stack size 0 bytes, usb_regs.o(.text), UNUSED)

<P><STRONG><a name="[491]"></a>GetISTR</STRONG> (Thumb, 10 bytes, Stack size 0 bytes, usb_regs.o(.text), UNUSED)

<P><STRONG><a name="[492]"></a>GetFNR</STRONG> (Thumb, 10 bytes, Stack size 0 bytes, usb_regs.o(.text), UNUSED)

<P><STRONG><a name="[493]"></a>SetDADDR</STRONG> (Thumb, 8 bytes, Stack size 0 bytes, usb_regs.o(.text), UNUSED)

<P><STRONG><a name="[494]"></a>GetDADDR</STRONG> (Thumb, 10 bytes, Stack size 0 bytes, usb_regs.o(.text), UNUSED)

<P><STRONG><a name="[255]"></a>SetBTABLE</STRONG> (Thumb, 14 bytes, Stack size 0 bytes, usb_regs.o(.text))
<BR><BR>[Called By]<UL><LI><a href="#[254]">&gt;&gt;</a>&nbsp;&nbsp;&nbsp;c_usb::ResetPort(void(*)())
</UL>

<P><STRONG><a name="[495]"></a>GetBTABLE</STRONG> (Thumb, 10 bytes, Stack size 0 bytes, usb_regs.o(.text), UNUSED)

<P><STRONG><a name="[496]"></a>SetENDPOINT</STRONG> (Thumb, 10 bytes, Stack size 0 bytes, usb_regs.o(.text), UNUSED)

<P><STRONG><a name="[129]"></a>GetENDPOINT</STRONG> (Thumb, 14 bytes, Stack size 0 bytes, usb_regs.o(.text), UNUSED)
<BR><BR>[Called By]<UL><LI><a href="#[128]">&gt;&gt;</a>&nbsp;&nbsp;&nbsp;SetDouBleBuffEPStall
</UL>

<P><STRONG><a name="[259]"></a>SetEPType</STRONG> (Thumb, 26 bytes, Stack size 0 bytes, usb_regs.o(.text))
<BR><BR>[Called By]<UL><LI><a href="#[258]">&gt;&gt;</a>&nbsp;&nbsp;&nbsp;serialEpInit()
</UL>

<P><STRONG><a name="[497]"></a>GetEPType</STRONG> (Thumb, 16 bytes, Stack size 0 bytes, usb_regs.o(.text), UNUSED)

<P><STRONG><a name="[113]"></a>SetEPTxStatus</STRONG> (Thumb, 56 bytes, Stack size 8 bytes, usb_regs.o(.text))
<BR><BR>[Stack]<UL><LI>Max Depth = 8<LI>Call Chain = SetEPTxStatus
</UL>
<BR>[Called By]<UL><LI><a href="#[111]">&gt;&gt;</a>&nbsp;&nbsp;&nbsp;Standard_ClearFeature
<LI><a href="#[258]">&gt;&gt;</a>&nbsp;&nbsp;&nbsp;serialEpInit()
</UL>

<P><STRONG><a name="[25d]"></a>SetEPRxStatus</STRONG> (Thumb, 56 bytes, Stack size 8 bytes, usb_regs.o(.text))
<BR><BR>[Stack]<UL><LI>Max Depth = 8<LI>Call Chain = SetEPRxStatus
</UL>
<BR>[Called By]<UL><LI><a href="#[258]">&gt;&gt;</a>&nbsp;&nbsp;&nbsp;serialEpInit()
</UL>

<P><STRONG><a name="[128]"></a>SetDouBleBuffEPStall</STRONG> (Thumb, 50 bytes, Stack size 8 bytes, usb_regs.o(.text), UNUSED)
<BR><BR>[Calls]<UL><LI><a href="#[129]">&gt;&gt;</a>&nbsp;&nbsp;&nbsp;GetENDPOINT
</UL>

<P><STRONG><a name="[498]"></a>GetEPTxStatus</STRONG> (Thumb, 16 bytes, Stack size 0 bytes, usb_regs.o(.text), UNUSED)

<P><STRONG><a name="[499]"></a>GetEPRxStatus</STRONG> (Thumb, 16 bytes, Stack size 0 bytes, usb_regs.o(.text), UNUSED)

<P><STRONG><a name="[261]"></a>SetEPTxValid</STRONG> (Thumb, 42 bytes, Stack size 0 bytes, usb_regs.o(.text))
<BR><BR>[Called By]<UL><LI><a href="#[25e]">&gt;&gt;</a>&nbsp;&nbsp;&nbsp;usbSerial::Handle_USBAsynchXfer()
</UL>

<P><STRONG><a name="[264]"></a>SetEPRxValid</STRONG> (Thumb, 42 bytes, Stack size 0 bytes, usb_regs.o(.text))
<BR><BR>[Called By]<UL><LI><a href="#[9a]">&gt;&gt;</a>&nbsp;&nbsp;&nbsp;EP3_OUT_Callback_UsbVcom()
</UL>

<P><STRONG><a name="[49a]"></a>SetEP_KIND</STRONG> (Thumb, 34 bytes, Stack size 0 bytes, usb_regs.o(.text), UNUSED)

<P><STRONG><a name="[49b]"></a>ClearEP_KIND</STRONG> (Thumb, 30 bytes, Stack size 0 bytes, usb_regs.o(.text), UNUSED)

<P><STRONG><a name="[25c]"></a>Clear_Status_Out</STRONG> (Thumb, 30 bytes, Stack size 0 bytes, usb_regs.o(.text))
<BR><BR>[Called By]<UL><LI><a href="#[258]">&gt;&gt;</a>&nbsp;&nbsp;&nbsp;serialEpInit()
</UL>

<P><STRONG><a name="[49c]"></a>Set_Status_Out</STRONG> (Thumb, 34 bytes, Stack size 0 bytes, usb_regs.o(.text), UNUSED)

<P><STRONG><a name="[49d]"></a>SetEPDoubleBuff</STRONG> (Thumb, 34 bytes, Stack size 0 bytes, usb_regs.o(.text), UNUSED)

<P><STRONG><a name="[49e]"></a>ClearEPDoubleBuff</STRONG> (Thumb, 30 bytes, Stack size 0 bytes, usb_regs.o(.text), UNUSED)

<P><STRONG><a name="[49f]"></a>GetTxStallStatus</STRONG> (Thumb, 26 bytes, Stack size 0 bytes, usb_regs.o(.text), UNUSED)

<P><STRONG><a name="[4a0]"></a>GetRxStallStatus</STRONG> (Thumb, 28 bytes, Stack size 0 bytes, usb_regs.o(.text), UNUSED)

<P><STRONG><a name="[4a1]"></a>ClearEP_CTR_RX</STRONG> (Thumb, 28 bytes, Stack size 0 bytes, usb_regs.o(.text), UNUSED)

<P><STRONG><a name="[4a2]"></a>ClearEP_CTR_TX</STRONG> (Thumb, 24 bytes, Stack size 0 bytes, usb_regs.o(.text), UNUSED)

<P><STRONG><a name="[4a3]"></a>ToggleDTOG_RX</STRONG> (Thumb, 30 bytes, Stack size 0 bytes, usb_regs.o(.text), UNUSED)

<P><STRONG><a name="[4a4]"></a>ToggleDTOG_TX</STRONG> (Thumb, 30 bytes, Stack size 0 bytes, usb_regs.o(.text), UNUSED)

<P><STRONG><a name="[115]"></a>ClearDTOG_RX</STRONG> (Thumb, 44 bytes, Stack size 0 bytes, usb_regs.o(.text))
<BR><BR>[Called By]<UL><LI><a href="#[111]">&gt;&gt;</a>&nbsp;&nbsp;&nbsp;Standard_ClearFeature
</UL>

<P><STRONG><a name="[112]"></a>ClearDTOG_TX</STRONG> (Thumb, 44 bytes, Stack size 0 bytes, usb_regs.o(.text))
<BR><BR>[Called By]<UL><LI><a href="#[111]">&gt;&gt;</a>&nbsp;&nbsp;&nbsp;Standard_ClearFeature
</UL>

<P><STRONG><a name="[4a5]"></a>SetEPAddress</STRONG> (Thumb, 32 bytes, Stack size 0 bytes, usb_regs.o(.text), UNUSED)

<P><STRONG><a name="[4a6]"></a>GetEPAddress</STRONG> (Thumb, 16 bytes, Stack size 0 bytes, usb_regs.o(.text), UNUSED)

<P><STRONG><a name="[25b]"></a>SetEPTxAddr</STRONG> (Thumb, 26 bytes, Stack size 8 bytes, usb_regs.o(.text))
<BR><BR>[Stack]<UL><LI>Max Depth = 8<LI>Call Chain = SetEPTxAddr
</UL>
<BR>[Called By]<UL><LI><a href="#[258]">&gt;&gt;</a>&nbsp;&nbsp;&nbsp;serialEpInit()
</UL>

<P><STRONG><a name="[25a]"></a>SetEPRxAddr</STRONG> (Thumb, 28 bytes, Stack size 8 bytes, usb_regs.o(.text))
<BR><BR>[Stack]<UL><LI>Max Depth = 8<LI>Call Chain = SetEPRxAddr
</UL>
<BR>[Called By]<UL><LI><a href="#[258]">&gt;&gt;</a>&nbsp;&nbsp;&nbsp;serialEpInit()
</UL>

<P><STRONG><a name="[10a]"></a>GetEPTxAddr</STRONG> (Thumb, 32 bytes, Stack size 0 bytes, usb_regs.o(.text))
<BR><BR>[Called By]<UL><LI><a href="#[117]">&gt;&gt;</a>&nbsp;&nbsp;&nbsp;DataStageIn
<LI><a href="#[109]">&gt;&gt;</a>&nbsp;&nbsp;&nbsp;USB_SIL_Write
</UL>

<P><STRONG><a name="[10f]"></a>GetEPRxAddr</STRONG> (Thumb, 24 bytes, Stack size 0 bytes, usb_regs.o(.text))
<BR><BR>[Called By]<UL><LI><a href="#[116]">&gt;&gt;</a>&nbsp;&nbsp;&nbsp;DataStageOut
<LI><a href="#[10d]">&gt;&gt;</a>&nbsp;&nbsp;&nbsp;USB_SIL_Read
</UL>

<P><STRONG><a name="[10c]"></a>SetEPTxCount</STRONG> (Thumb, 20 bytes, Stack size 0 bytes, usb_regs.o(.text))
<BR><BR>[Called By]<UL><LI><a href="#[117]">&gt;&gt;</a>&nbsp;&nbsp;&nbsp;DataStageIn
<LI><a href="#[116]">&gt;&gt;</a>&nbsp;&nbsp;&nbsp;DataStageOut
<LI><a href="#[109]">&gt;&gt;</a>&nbsp;&nbsp;&nbsp;USB_SIL_Write
<LI><a href="#[25e]">&gt;&gt;</a>&nbsp;&nbsp;&nbsp;usbSerial::Handle_USBAsynchXfer()
</UL>

<P><STRONG><a name="[4a7]"></a>SetEPCountRxReg</STRONG> (Thumb, 46 bytes, Stack size 0 bytes, usb_regs.o(.text), UNUSED)

<P><STRONG><a name="[114]"></a>SetEPRxCount</STRONG> (Thumb, 66 bytes, Stack size 8 bytes, usb_regs.o(.text))
<BR><BR>[Stack]<UL><LI>Max Depth = 8<LI>Call Chain = SetEPRxCount
</UL>
<BR>[Called By]<UL><LI><a href="#[121]">&gt;&gt;</a>&nbsp;&nbsp;&nbsp;Post0_Process
<LI><a href="#[111]">&gt;&gt;</a>&nbsp;&nbsp;&nbsp;Standard_ClearFeature
<LI><a href="#[258]">&gt;&gt;</a>&nbsp;&nbsp;&nbsp;serialEpInit()
</UL>

<P><STRONG><a name="[4a8]"></a>GetEPTxCount</STRONG> (Thumb, 26 bytes, Stack size 0 bytes, usb_regs.o(.text), UNUSED)

<P><STRONG><a name="[10e]"></a>GetEPRxCount</STRONG> (Thumb, 26 bytes, Stack size 0 bytes, usb_regs.o(.text))
<BR><BR>[Called By]<UL><LI><a href="#[10d]">&gt;&gt;</a>&nbsp;&nbsp;&nbsp;USB_SIL_Read
</UL>

<P><STRONG><a name="[4a9]"></a>SetEPDblBuffAddr</STRONG> (Thumb, 44 bytes, Stack size 12 bytes, usb_regs.o(.text), UNUSED)

<P><STRONG><a name="[4aa]"></a>SetEPDblBuf0Addr</STRONG> (Thumb, 24 bytes, Stack size 8 bytes, usb_regs.o(.text), UNUSED)

<P><STRONG><a name="[4ab]"></a>SetEPDblBuf1Addr</STRONG> (Thumb, 26 bytes, Stack size 8 bytes, usb_regs.o(.text), UNUSED)

<P><STRONG><a name="[4ac]"></a>GetEPDblBuf0Addr</STRONG> (Thumb, 22 bytes, Stack size 0 bytes, usb_regs.o(.text), UNUSED)

<P><STRONG><a name="[4ad]"></a>GetEPDblBuf1Addr</STRONG> (Thumb, 24 bytes, Stack size 0 bytes, usb_regs.o(.text), UNUSED)

<P><STRONG><a name="[4ae]"></a>SetEPDblBuffCount</STRONG> (Thumb, 182 bytes, Stack size 12 bytes, usb_regs.o(.text), UNUSED)

<P><STRONG><a name="[4af]"></a>SetEPDblBuf0Count</STRONG> (Thumb, 94 bytes, Stack size 12 bytes, usb_regs.o(.text), UNUSED)

<P><STRONG><a name="[4b0]"></a>SetEPDblBuf1Count</STRONG> (Thumb, 94 bytes, Stack size 12 bytes, usb_regs.o(.text), UNUSED)

<P><STRONG><a name="[4b1]"></a>GetEPDblBuf0Count</STRONG> (Thumb, 26 bytes, Stack size 0 bytes, usb_regs.o(.text), UNUSED)

<P><STRONG><a name="[4b2]"></a>GetEPDblBuf1Count</STRONG> (Thumb, 26 bytes, Stack size 0 bytes, usb_regs.o(.text), UNUSED)

<P><STRONG><a name="[4b3]"></a>GetEPDblBufDir</STRONG> (Thumb, 62 bytes, Stack size 0 bytes, usb_regs.o(.text), UNUSED)

<P><STRONG><a name="[4b4]"></a>FreeUserBuffer</STRONG> (Thumb, 68 bytes, Stack size 0 bytes, usb_regs.o(.text), UNUSED)

<P><STRONG><a name="[4b5]"></a>ToWord</STRONG> (Thumb, 8 bytes, Stack size 0 bytes, usb_regs.o(.text), UNUSED)

<P><STRONG><a name="[123]"></a>ByteSwap</STRONG> (Thumb, 12 bytes, Stack size 0 bytes, usb_regs.o(.text))
<BR><BR>[Called By]<UL><LI><a href="#[122]">&gt;&gt;</a>&nbsp;&nbsp;&nbsp;Setup0_Process
</UL>

<P><STRONG><a name="[150]"></a>u8g_IsBBXIntersection</STRONG> (Thumb, 182 bytes, Stack size 28 bytes, u8g_clip.o(.text))
<BR><BR>[Stack]<UL><LI>Max Depth = 28<LI>Call Chain = u8g_IsBBXIntersection
</UL>
<BR>[Called By]<UL><LI><a href="#[157]">&gt;&gt;</a>&nbsp;&nbsp;&nbsp;u8g_draw_glyph270
<LI><a href="#[155]">&gt;&gt;</a>&nbsp;&nbsp;&nbsp;u8g_draw_glyph180
<LI><a href="#[153]">&gt;&gt;</a>&nbsp;&nbsp;&nbsp;u8g_draw_glyph90
<LI><a href="#[14f]">&gt;&gt;</a>&nbsp;&nbsp;&nbsp;u8g_draw_glyph
<LI><a href="#[1b8]">&gt;&gt;</a>&nbsp;&nbsp;&nbsp;u8g_DrawRBox
<LI><a href="#[1b6]">&gt;&gt;</a>&nbsp;&nbsp;&nbsp;u8g_DrawRFrame
<LI><a href="#[1b5]">&gt;&gt;</a>&nbsp;&nbsp;&nbsp;u8g_DrawBox
<LI><a href="#[1b3]">&gt;&gt;</a>&nbsp;&nbsp;&nbsp;u8g_DrawFrame
<LI><a href="#[1b2]">&gt;&gt;</a>&nbsp;&nbsp;&nbsp;u8g_DrawVLine
<LI><a href="#[1b1]">&gt;&gt;</a>&nbsp;&nbsp;&nbsp;u8g_DrawHLine
<LI><a href="#[1c5]">&gt;&gt;</a>&nbsp;&nbsp;&nbsp;u8g_DrawXBMP
<LI><a href="#[1c3]">&gt;&gt;</a>&nbsp;&nbsp;&nbsp;u8g_DrawXBM
<LI><a href="#[1c1]">&gt;&gt;</a>&nbsp;&nbsp;&nbsp;u8g_DrawBitmapP
<LI><a href="#[1bf]">&gt;&gt;</a>&nbsp;&nbsp;&nbsp;u8g_DrawBitmap
<LI><a href="#[1bd]">&gt;&gt;</a>&nbsp;&nbsp;&nbsp;u8g_DrawDisc
<LI><a href="#[1bb]">&gt;&gt;</a>&nbsp;&nbsp;&nbsp;u8g_DrawCircle
</UL>

<P><STRONG><a name="[4b6]"></a>u8g_InitCom</STRONG> (Thumb, 20 bytes, Stack size 16 bytes, u8g_com_api.o(.text), UNUSED)

<P><STRONG><a name="[4b7]"></a>u8g_StopCom</STRONG> (Thumb, 20 bytes, Stack size 16 bytes, u8g_com_api.o(.text), UNUSED)

<P><STRONG><a name="[12d]"></a>u8g_SetChipSelect</STRONG> (Thumb, 26 bytes, Stack size 24 bytes, u8g_com_api.o(.text), UNUSED)
<BR><BR>[Called By]<UL><LI><a href="#[12a]">&gt;&gt;</a>&nbsp;&nbsp;&nbsp;u8g_WriteEscSeqP
</UL>

<P><STRONG><a name="[12e]"></a>u8g_SetResetLow</STRONG> (Thumb, 20 bytes, Stack size 16 bytes, u8g_com_api.o(.text), UNUSED)
<BR><BR>[Called By]<UL><LI><a href="#[12a]">&gt;&gt;</a>&nbsp;&nbsp;&nbsp;u8g_WriteEscSeqP
</UL>

<P><STRONG><a name="[130]"></a>u8g_SetResetHigh</STRONG> (Thumb, 20 bytes, Stack size 16 bytes, u8g_com_api.o(.text), UNUSED)
<BR><BR>[Called By]<UL><LI><a href="#[12a]">&gt;&gt;</a>&nbsp;&nbsp;&nbsp;u8g_WriteEscSeqP
</UL>

<P><STRONG><a name="[12c]"></a>u8g_SetAddress</STRONG> (Thumb, 26 bytes, Stack size 24 bytes, u8g_com_api.o(.text), UNUSED)
<BR><BR>[Called By]<UL><LI><a href="#[12a]">&gt;&gt;</a>&nbsp;&nbsp;&nbsp;u8g_WriteEscSeqP
</UL>

<P><STRONG><a name="[12b]"></a>u8g_WriteByte</STRONG> (Thumb, 26 bytes, Stack size 24 bytes, u8g_com_api.o(.text), UNUSED)
<BR><BR>[Called By]<UL><LI><a href="#[12a]">&gt;&gt;</a>&nbsp;&nbsp;&nbsp;u8g_WriteEscSeqP
</UL>

<P><STRONG><a name="[1ae]"></a>u8g_WriteSequence</STRONG> (Thumb, 30 bytes, Stack size 24 bytes, u8g_com_api.o(.text), UNUSED)
[...]
</UL>
<BR>[Called By]<UL><LI><a href="#[3ac]">&gt;&gt;</a>&nbsp;&nbsp;&nbsp;fat_read
</UL>

<P><STRONG><a name="[407]"></a>read_last_entry</STRONG> (Thumb, 54 bytes, Stack size 16 bytes, fs_fat.o(i.read_last_entry))
<BR><BR>[Stack]<UL><LI>Max Depth = 32<LI>Call Chain = read_last_entry &rArr; read_sector
</UL>
<BR>[Calls]<UL><LI><a href="#[24e]">&gt;&gt;</a>&nbsp;&nbsp;&nbsp;__aeabi_memcpy4
<LI><a href="#[3d7]">&gt;&gt;</a>&nbsp;&nbsp;&nbsp;read_sector
<LI><a href="#[3c4]">&gt;&gt;</a>&nbsp;&nbsp;&nbsp;clus_to_sect
</UL>
<BR>[Called By]<UL><LI><a href="#[39e]">&gt;&gt;</a>&nbsp;&nbsp;&nbsp;fat_wclose
</UL>

<P><STRONG><a name="[3d7]"></a>read_sector</STRONG> (Thumb, 82 bytes, Stack size 16 bytes, fs_fat.o(i.read_sector))
<BR><BR>[Stack]<UL><LI>Max Depth = 16<LI>Call Chain = read_sector
</UL>
<BR>[Calls]<UL><LI><a href="#[37f]">&gt;&gt;</a>&nbsp;&nbsp;&nbsp;__aeabi_memcpy
</UL>
<BR>[Called By]<UL><LI><a href="#[3f7]">&gt;&gt;</a>&nbsp;&nbsp;&nbsp;fat_init
<LI><a href="#[3b0]">&gt;&gt;</a>&nbsp;&nbsp;&nbsp;fat_write
<LI><a href="#[408]">&gt;&gt;</a>&nbsp;&nbsp;&nbsp;write_last_entry
<LI><a href="#[407]">&gt;&gt;</a>&nbsp;&nbsp;&nbsp;read_last_entry
<LI><a href="#[404]">&gt;&gt;</a>&nbsp;&nbsp;&nbsp;read_cache
<LI><a href="#[41b]">&gt;&gt;</a>&nbsp;&nbsp;&nbsp;j_find_rsvd
<LI><a href="#[3fb]">&gt;&gt;</a>&nbsp;&nbsp;&nbsp;get_fsinfo
<LI><a href="#[3fa]">&gt;&gt;</a>&nbsp;&nbsp;&nbsp;get_bootrec
<LI><a href="#[3b6]">&gt;&gt;</a>&nbsp;&nbsp;&nbsp;frec_read
<LI><a href="#[3d0]">&gt;&gt;</a>&nbsp;&nbsp;&nbsp;create_sfn_entry
</UL>

<P><STRONG><a name="[3c2]"></a>search_for_name</STRONG> (Thumb, 688 bytes, Stack size 168 bytes, fs_fat.o(i.search_for_name))
<BR><BR>[Stack]<UL><LI>Max Depth = 288<LI>Call Chain = search_for_name &rArr; frec_pos_set &rArr; set_next_clus &rArr; cache_fat &rArr; fsj_write &rArr; SetBuf
</UL>
<BR>[Calls]<UL><LI><a href="#[2f8]">&gt;&gt;</a>&nbsp;&nbsp;&nbsp;strlen
<LI><a href="#[3b4]">&gt;&gt;</a>&nbsp;&nbsp;&nbsp;elink_set
<LI><a href="#[3d5]">&gt;&gt;</a>&nbsp;&nbsp;&nbsp;elink_prop
<LI><a href="#[3d4]">&gt;&gt;</a>&nbsp;&nbsp;&nbsp;elink_insert
<LI><a href="#[3d1]">&gt;&gt;</a>&nbsp;&nbsp;&nbsp;elink_alloc
<LI><a href="#[3d3]">&gt;&gt;</a>&nbsp;&nbsp;&nbsp;short_ent_hash
<LI><a href="#[3cd]">&gt;&gt;</a>&nbsp;&nbsp;&nbsp;lfn_calc_chksum
<LI><a href="#[3f9]">&gt;&gt;</a>&nbsp;&nbsp;&nbsp;get_u32
<LI><a href="#[3c9]">&gt;&gt;</a>&nbsp;&nbsp;&nbsp;get_u16
<LI><a href="#[3b6]">&gt;&gt;</a>&nbsp;&nbsp;&nbsp;frec_read
<LI><a href="#[3b7]">&gt;&gt;</a>&nbsp;&nbsp;&nbsp;frec_pos_set
<LI><a href="#[3b5]">&gt;&gt;</a>&nbsp;&nbsp;&nbsp;frec_pos_comp
<LI><a href="#[3e9]">&gt;&gt;</a>&nbsp;&nbsp;&nbsp;fat_crc32
<LI><a href="#[3cc]">&gt;&gt;</a>&nbsp;&nbsp;&nbsp;cvt_fatname
</UL>
<BR>[Called By]<UL><LI><a href="#[3ef]">&gt;&gt;</a>&nbsp;&nbsp;&nbsp;find_name
<LI><a href="#[3c1]">&gt;&gt;</a>&nbsp;&nbsp;&nbsp;check_name
</UL>

<P><STRONG><a name="[405]"></a>set_next_clus</STRONG> (Thumb, 148 bytes, Stack size 24 bytes, fs_fat.o(i.set_next_clus))
<BR><BR>[Stack]<UL><LI>Max Depth = 104<LI>Call Chain = set_next_clus &rArr; cache_fat &rArr; fsj_write &rArr; SetBuf
</UL>
<BR>[Calls]<UL><LI><a href="#[3f9]">&gt;&gt;</a>&nbsp;&nbsp;&nbsp;get_u32
<LI><a href="#[3c9]">&gt;&gt;</a>&nbsp;&nbsp;&nbsp;get_u16
<LI><a href="#[3c8]">&gt;&gt;</a>&nbsp;&nbsp;&nbsp;get_fat_sect
<LI><a href="#[3bd]">&gt;&gt;</a>&nbsp;&nbsp;&nbsp;cache_fat
</UL>
<BR>[Called By]<UL><LI><a href="#[3b0]">&gt;&gt;</a>&nbsp;&nbsp;&nbsp;fat_write
<LI><a href="#[3ae]">&gt;&gt;</a>&nbsp;&nbsp;&nbsp;fat_seek
<LI><a href="#[3ac]">&gt;&gt;</a>&nbsp;&nbsp;&nbsp;fat_read
<LI><a href="#[413]">&gt;&gt;</a>&nbsp;&nbsp;&nbsp;get_fen_val
<LI><a href="#[3b7]">&gt;&gt;</a>&nbsp;&nbsp;&nbsp;frec_pos_set
</UL>

<P><STRONG><a name="[3eb]"></a>set_root_clus</STRONG> (Thumb, 14 bytes, Stack size 0 bytes, fs_fat.o(i.set_root_clus))
<BR><BR>[Called By]<UL><LI><a href="#[3f2]">&gt;&gt;</a>&nbsp;&nbsp;&nbsp;fat_ffind
<LI><a href="#[3a6]">&gt;&gt;</a>&nbsp;&nbsp;&nbsp;fat_find
<LI><a href="#[3a8]">&gt;&gt;</a>&nbsp;&nbsp;&nbsp;fat_delete
<LI><a href="#[3a7]">&gt;&gt;</a>&nbsp;&nbsp;&nbsp;fat_create
</UL>

<P><STRONG><a name="[3d9]"></a>set_u16</STRONG> (Thumb, 8 bytes, Stack size 0 bytes, fs_fat.o(i.set_u16))
<BR><BR>[Called By]<UL><LI><a href="#[39e]">&gt;&gt;</a>&nbsp;&nbsp;&nbsp;fat_wclose
<LI><a href="#[3f1]">&gt;&gt;</a>&nbsp;&nbsp;&nbsp;write_fsinfo
<LI><a href="#[3bc]">&gt;&gt;</a>&nbsp;&nbsp;&nbsp;write_fat_link
<LI><a href="#[3f4]">&gt;&gt;</a>&nbsp;&nbsp;&nbsp;write_dot_entries
<LI><a href="#[3f0]">&gt;&gt;</a>&nbsp;&nbsp;&nbsp;unlink_clus_chain
<LI><a href="#[3d0]">&gt;&gt;</a>&nbsp;&nbsp;&nbsp;create_sfn_entry
</UL>

<P><STRONG><a name="[403]"></a>set_u32</STRONG> (Thumb, 16 bytes, Stack size 0 bytes, fs_fat.o(i.set_u32))
<BR><BR>[Called By]<UL><LI><a href="#[39e]">&gt;&gt;</a>&nbsp;&nbsp;&nbsp;fat_wclose
<LI><a href="#[400]">&gt;&gt;</a>&nbsp;&nbsp;&nbsp;fat_jour_prep
<LI><a href="#[3f1]">&gt;&gt;</a>&nbsp;&nbsp;&nbsp;write_fsinfo
<LI><a href="#[3bc]">&gt;&gt;</a>&nbsp;&nbsp;&nbsp;write_fat_link
</UL>

<P><STRONG><a name="[3d3]"></a>short_ent_hash</STRONG> (Thumb, 82 bytes, Stack size 24 bytes, fs_fat.o(i.short_ent_hash))
<BR><BR>[Stack]<UL><LI>Max Depth = 48<LI>Call Chain = short_ent_hash &rArr; fat_crc32 &rArr; strlen
</UL>
<BR>[Calls]<UL><LI><a href="#[3e9]">&gt;&gt;</a>&nbsp;&nbsp;&nbsp;fat_crc32
</UL>
<BR>[Called By]<UL><LI><a href="#[3c2]">&gt;&gt;</a>&nbsp;&nbsp;&nbsp;search_for_name
<LI><a href="#[3ca]">&gt;&gt;</a>&nbsp;&nbsp;&nbsp;create_entry
</UL>

<P><STRONG><a name="[41c]"></a>switch_fat</STRONG> (Thumb, 56 bytes, Stack size 16 bytes, fs_fat.o(i.switch_fat))
<BR><BR>[Stack]<UL><LI>Max Depth = 96<LI>Call Chain = switch_fat &rArr; cache_fat &rArr; fsj_write &rArr; SetBuf
</UL>
<BR>[Calls]<UL><LI><a href="#[3bd]">&gt;&gt;</a>&nbsp;&nbsp;&nbsp;cache_fat
</UL>
<BR>[Called By]<UL><LI><a href="#[3fd]">&gt;&gt;</a>&nbsp;&nbsp;&nbsp;j_init_fats
</UL>

<P><STRONG><a name="[3f0]"></a>unlink_clus_chain</STRONG> (Thumb, 312 bytes, Stack size 32 bytes, fs_fat.o(i.unlink_clus_chain))
<BR><BR>[Stack]<UL><LI>Max Depth = 112<LI>Call Chain = unlink_clus_chain &rArr; cache_fat &rArr; fsj_write &rArr; SetBuf
</UL>
<BR>[Calls]<UL><LI><a href="#[3d9]">&gt;&gt;</a>&nbsp;&nbsp;&nbsp;set_u16
<LI><a href="#[406]">&gt;&gt;</a>&nbsp;&nbsp;&nbsp;is_EOC
<LI><a href="#[3f9]">&gt;&gt;</a>&nbsp;&nbsp;&nbsp;get_u32
<LI><a href="#[3c9]">&gt;&gt;</a>&nbsp;&nbsp;&nbsp;get_u16
<LI><a href="#[3c8]">&gt;&gt;</a>&nbsp;&nbsp;&nbsp;get_fat_sect
<LI><a href="#[3bd]">&gt;&gt;</a>&nbsp;&nbsp;&nbsp;cache_fat
</UL>
<BR>[Called By]<UL><LI><a href="#[3a8]">&gt;&gt;</a>&nbsp;&nbsp;&nbsp;fat_delete
</UL>

<P><STRONG><a name="[3c0]"></a>val_ch</STRONG> (Thumb, 96 bytes, Stack size 0 bytes, fs_fat.o(i.val_ch))
<BR><BR>[Called By]<UL><LI><a href="#[3a5]">&gt;&gt;</a>&nbsp;&nbsp;&nbsp;fat_path_valid
<LI><a href="#[3db]">&gt;&gt;</a>&nbsp;&nbsp;&nbsp;val_char
<LI><a href="#[3b3]">&gt;&gt;</a>&nbsp;&nbsp;&nbsp;check_lfn
</UL>

<P><STRONG><a name="[3db]"></a>val_char</STRONG> (Thumb, 20 bytes, Stack size 8 bytes, fs_fat.o(i.val_char))
<BR><BR>[Stack]<UL><LI>Max Depth = 8<LI>Call Chain = val_char
</UL>
<BR>[Calls]<UL><LI><a href="#[3c0]">&gt;&gt;</a>&nbsp;&nbsp;&nbsp;val_ch
</UL>
<BR>[Called By]<UL><LI><a href="#[3cf]">&gt;&gt;</a>&nbsp;&nbsp;&nbsp;get_nt_name
<LI><a href="#[3cc]">&gt;&gt;</a>&nbsp;&nbsp;&nbsp;cvt_fatname
</UL>

<P><STRONG><a name="[3c5]"></a>write_cache</STRONG> (Thumb, 174 bytes, Stack size 24 bytes, fs_fat.o(i.write_cache))
<BR><BR>[Stack]<UL><LI>Max Depth = 104<LI>Call Chain = write_cache &rArr; write_sector &rArr; fsj_write &rArr; SetBuf
</UL>
<BR>[Calls]<UL><LI><a href="#[37f]">&gt;&gt;</a>&nbsp;&nbsp;&nbsp;__aeabi_memcpy
<LI><a href="#[3d6]">&gt;&gt;</a>&nbsp;&nbsp;&nbsp;write_sector
</UL>
<BR>[Called By]<UL><LI><a href="#[3b0]">&gt;&gt;</a>&nbsp;&nbsp;&nbsp;fat_write
<LI><a href="#[39e]">&gt;&gt;</a>&nbsp;&nbsp;&nbsp;fat_wclose
<LI><a href="#[3a8]">&gt;&gt;</a>&nbsp;&nbsp;&nbsp;fat_delete
<LI><a href="#[3f1]">&gt;&gt;</a>&nbsp;&nbsp;&nbsp;write_fsinfo
<LI><a href="#[3b9]">&gt;&gt;</a>&nbsp;&nbsp;&nbsp;clear_clus
</UL>

<P><STRONG><a name="[3f4]"></a>write_dot_entries</STRONG> (Thumb, 266 bytes, Stack size 24 bytes, fs_fat.o(i.write_dot_entries))
<BR><BR>[Stack]<UL><LI>Max Depth = 104<LI>Call Chain = write_dot_entries &rArr; write_sector &rArr; fsj_write &rArr; SetBuf
</UL>
<BR>[Calls]<UL><LI><a href="#[38f]">&gt;&gt;</a>&nbsp;&nbsp;&nbsp;__aeabi_memclr
<LI><a href="#[24e]">&gt;&gt;</a>&nbsp;&nbsp;&nbsp;__aeabi_memcpy4
<LI><a href="#[3d6]">&gt;&gt;</a>&nbsp;&nbsp;&nbsp;write_sector
<LI><a href="#[3d9]">&gt;&gt;</a>&nbsp;&nbsp;&nbsp;set_u16
<LI><a href="#[3da]">&gt;&gt;</a>&nbsp;&nbsp;&nbsp;get_time
<LI><a href="#[3d8]">&gt;&gt;</a>&nbsp;&nbsp;&nbsp;get_date
<LI><a href="#[3c4]">&gt;&gt;</a>&nbsp;&nbsp;&nbsp;clus_to_sect
</UL>
<BR>[Called By]<UL><LI><a href="#[3ed]">&gt;&gt;</a>&nbsp;&nbsp;&nbsp;fat_find_dir
</UL>

<P><STRONG><a name="[3bc]"></a>write_fat_link</STRONG> (Thumb, 232 bytes, Stack size 32 bytes, fs_fat.o(i.write_fat_link))
<BR><BR>[Stack]<UL><LI>Max Depth = 112<LI>Call Chain = write_fat_link &rArr; cache_fat &rArr; fsj_write &rArr; SetBuf
</UL>
<BR>[Calls]<UL><LI><a href="#[403]">&gt;&gt;</a>&nbsp;&nbsp;&nbsp;set_u32
<LI><a href="#[3d9]">&gt;&gt;</a>&nbsp;&nbsp;&nbsp;set_u16
<LI><a href="#[3f9]">&gt;&gt;</a>&nbsp;&nbsp;&nbsp;get_u32
<LI><a href="#[3c9]">&gt;&gt;</a>&nbsp;&nbsp;&nbsp;get_u16
<LI><a href="#[3c8]">&gt;&gt;</a>&nbsp;&nbsp;&nbsp;get_fat_sect
<LI><a href="#[3bd]">&gt;&gt;</a>&nbsp;&nbsp;&nbsp;cache_fat
</UL>
<BR>[Called By]<UL><LI><a href="#[3b0]">&gt;&gt;</a>&nbsp;&nbsp;&nbsp;fat_write
<LI><a href="#[39e]">&gt;&gt;</a>&nbsp;&nbsp;&nbsp;fat_wclose
<LI><a href="#[402]">&gt;&gt;</a>&nbsp;&nbsp;&nbsp;j_mark_rsvd
<LI><a href="#[3b8]">&gt;&gt;</a>&nbsp;&nbsp;&nbsp;alloc_new_clus
</UL>

<P><STRONG><a name="[3f1]"></a>write_fsinfo</STRONG> (Thumb, 94 bytes, Stack size 8 bytes, fs_fat.o(i.write_fsinfo))
<BR><BR>[Stack]<UL><LI>Max Depth = 112<LI>Call Chain = write_fsinfo &rArr; write_cache &rArr; write_sector &rArr; fsj_write &rArr; SetBuf
</UL>
<BR>[Calls]<UL><LI><a href="#[38f]">&gt;&gt;</a>&nbsp;&nbsp;&nbsp;__aeabi_memclr
<LI><a href="#[3c5]">&gt;&gt;</a>&nbsp;&nbsp;&nbsp;write_cache
<LI><a href="#[403]">&gt;&gt;</a>&nbsp;&nbsp;&nbsp;set_u32
<LI><a href="#[3d9]">&gt;&gt;</a>&nbsp;&nbsp;&nbsp;set_u16
</UL>
<BR>[Called By]<UL><LI><a href="#[3f7]">&gt;&gt;</a>&nbsp;&nbsp;&nbsp;fat_init
<LI><a href="#[39e]">&gt;&gt;</a>&nbsp;&nbsp;&nbsp;fat_wclose
<LI><a href="#[3a8]">&gt;&gt;</a>&nbsp;&nbsp;&nbsp;fat_delete
</UL>

<P><STRONG><a name="[408]"></a>write_last_entry</STRONG> (Thumb, 74 bytes, Stack size 24 bytes, fs_fat.o(i.write_last_entry))
<BR><BR>[Stack]<UL><LI>Max Depth = 104<LI>Call Chain = write_last_entry &rArr; write_sector &rArr; fsj_write &rArr; SetBuf
</UL>
<BR>[Calls]<UL><LI><a href="#[24e]">&gt;&gt;</a>&nbsp;&nbsp;&nbsp;__aeabi_memcpy4
<LI><a href="#[3d6]">&gt;&gt;</a>&nbsp;&nbsp;&nbsp;write_sector
<LI><a href="#[3d7]">&gt;&gt;</a>&nbsp;&nbsp;&nbsp;read_sector
<LI><a href="#[3c4]">&gt;&gt;</a>&nbsp;&nbsp;&nbsp;clus_to_sect
</UL>
<BR>[Called By]<UL><LI><a href="#[39e]">&gt;&gt;</a>&nbsp;&nbsp;&nbsp;fat_wclose
</UL>

<P><STRONG><a name="[3d6]"></a>write_sector</STRONG> (Thumb, 48 bytes, Stack size 16 bytes, fs_fat.o(i.write_sector))
<BR><BR>[Stack]<UL><LI>Max Depth = 80<LI>Call Chain = write_sector &rArr; fsj_write &rArr; SetBuf
</UL>
<BR>[Calls]<UL><LI><a href="#[3bf]">&gt;&gt;</a>&nbsp;&nbsp;&nbsp;fsj_write
</UL>
<BR>[Called By]<UL><LI><a href="#[400]">&gt;&gt;</a>&nbsp;&nbsp;&nbsp;fat_jour_prep
<LI><a href="#[408]">&gt;&gt;</a>&nbsp;&nbsp;&nbsp;write_last_entry
<LI><a href="#[3f4]">&gt;&gt;</a>&nbsp;&nbsp;&nbsp;write_dot_entries
<LI><a href="#[3c5]">&gt;&gt;</a>&nbsp;&nbsp;&nbsp;write_cache
<LI><a href="#[3dc]">&gt;&gt;</a>&nbsp;&nbsp;&nbsp;delete_entries
<LI><a href="#[3d0]">&gt;&gt;</a>&nbsp;&nbsp;&nbsp;create_sfn_entry
<LI><a href="#[3ce]">&gt;&gt;</a>&nbsp;&nbsp;&nbsp;create_lfn_entry
</UL>

<P><STRONG><a name="[3e1]"></a>delete_list_add</STRONG> (Thumb, 56 bytes, Stack size 16 bytes, fs_fat_elink.o(i.delete_list_add))
<BR><BR>[Stack]<UL><LI>Max Depth = 16<LI>Call Chain = delete_list_add
</UL>
<BR>[Called By]<UL><LI><a href="#[3e0]">&gt;&gt;</a>&nbsp;&nbsp;&nbsp;elink_con
<LI><a href="#[3e8]">&gt;&gt;</a>&nbsp;&nbsp;&nbsp;elink_scan
</UL>

<P><STRONG><a name="[3e2]"></a>delete_list_discon</STRONG> (Thumb, 90 bytes, Stack size 12 bytes, fs_fat_elink.o(i.delete_list_discon))
<BR><BR>[Stack]<UL><LI>Max Depth = 12<LI>Call Chain = delete_list_discon
</UL>
<BR>[Called By]<UL><LI><a href="#[3e8]">&gt;&gt;</a>&nbsp;&nbsp;&nbsp;elink_scan
<LI><a href="#[3dd]">&gt;&gt;</a>&nbsp;&nbsp;&nbsp;elink_delete
</UL>

<P><STRONG><a name="[3de]"></a>delete_list_get</STRONG> (Thumb, 124 bytes, Stack size 24 bytes, fs_fat_elink.o(i.delete_list_get))
<BR><BR>[Stack]<UL><LI>Max Depth = 32<LI>Call Chain = delete_list_get &rArr; elink_discon
</UL>
<BR>[Calls]<UL><LI><a href="#[3df]">&gt;&gt;</a>&nbsp;&nbsp;&nbsp;elink_discon
</UL>
<BR>[Called By]<UL><LI><a href="#[3d1]">&gt;&gt;</a>&nbsp;&nbsp;&nbsp;elink_alloc
</UL>

<P><STRONG><a name="[3e0]"></a>elink_con</STRONG> (Thumb, 142 bytes, Stack size 24 bytes, fs_fat_elink.o(i.elink_con))
<BR><BR>[Stack]<UL><LI>Max Depth = 40<LI>Call Chain = elink_con &rArr; delete_list_add
</UL>
<BR>[Calls]<UL><LI><a href="#[3e1]">&gt;&gt;</a>&nbsp;&nbsp;&nbsp;delete_list_add
</UL>
<BR>[Called By]<UL><LI><a href="#[3d4]">&gt;&gt;</a>&nbsp;&nbsp;&nbsp;elink_insert
</UL>

<P><STRONG><a name="[3df]"></a>elink_discon</STRONG> (Thumb, 98 bytes, Stack size 8 bytes, fs_fat_elink.o(i.elink_discon))
<BR><BR>[Stack]<UL><LI>Max Depth = 8<LI>Call Chain = elink_discon
</UL>
<BR>[Called By]<UL><LI><a href="#[3de]">&gt;&gt;</a>&nbsp;&nbsp;&nbsp;delete_list_get
<LI><a href="#[3dd]">&gt;&gt;</a>&nbsp;&nbsp;&nbsp;elink_delete
</UL>

<P><STRONG><a name="[3e5]"></a>elink_drvId</STRONG> (Thumb, 96 bytes, Stack size 16 bytes, fs_fat_elink.o(i.elink_drvId))
<BR><BR>[Stack]<UL><LI>Max Depth = 16<LI>Call Chain = elink_drvId
</UL>
<BR>[Called By]<UL><LI><a href="#[3e6]">&gt;&gt;</a>&nbsp;&nbsp;&nbsp;elink_init_path
<LI><a href="#[3e4]">&gt;&gt;</a>&nbsp;&nbsp;&nbsp;elink_flush
</UL>

<P><STRONG><a name="[3e3]"></a>elink_free</STRONG> (Thumb, 14 bytes, Stack size 0 bytes, fs_fat_elink.o(i.elink_free))
<BR><BR>[Called By]<UL><LI><a href="#[3e4]">&gt;&gt;</a>&nbsp;&nbsp;&nbsp;elink_flush
<LI><a href="#[3dd]">&gt;&gt;</a>&nbsp;&nbsp;&nbsp;elink_delete
</UL>

<P><STRONG><a name="[3e7]"></a>elink_step_dir</STRONG> (Thumb, 40 bytes, Stack size 0 bytes, fs_fat_elink.o(i.elink_step_dir))
<BR><BR>[Called By]<UL><LI><a href="#[3d4]">&gt;&gt;</a>&nbsp;&nbsp;&nbsp;elink_insert
</UL>

<P><STRONG><a name="[38c]"></a>CheckJSect</STRONG> (Thumb, 80 bytes, Stack size 16 bytes, fs_journal.o(i.CheckJSect))
<BR><BR>[Stack]<UL><LI>Max Depth = 16<LI>Call Chain = CheckJSect
</UL>
<BR>[Calls]<UL><LI><a href="#[38d]">&gt;&gt;</a>&nbsp;&nbsp;&nbsp;get_u32
</UL>
<BR>[Called By]<UL><LI><a href="#[38e]">&gt;&gt;</a>&nbsp;&nbsp;&nbsp;CheckJourn
</UL>

<P><STRONG><a name="[38e]"></a>CheckJourn</STRONG> (Thumb, 220 bytes, Stack size 56 bytes, fs_journal.o(i.CheckJourn))
<BR><BR>[Stack]<UL><LI>Max Depth = 72<LI>Call Chain = CheckJourn &rArr; CheckJSect
</UL>
<BR>[Calls]<UL><LI><a href="#[38f]">&gt;&gt;</a>&nbsp;&nbsp;&nbsp;__aeabi_memclr
<LI><a href="#[38c]">&gt;&gt;</a>&nbsp;&nbsp;&nbsp;CheckJSect
</UL>
<BR>[Called By]<UL><LI><a href="#[3ff]">&gt;&gt;</a>&nbsp;&nbsp;&nbsp;fsj_init
</UL>

<P><STRONG><a name="[390]"></a>SetBuf</STRONG> (Thumb, 106 bytes, Stack size 24 bytes, fs_journal.o(i.SetBuf))
<BR><BR>[Stack]<UL><LI>Max Depth = 24<LI>Call Chain = SetBuf
</UL>
<BR>[Calls]<UL><LI><a href="#[38f]">&gt;&gt;</a>&nbsp;&nbsp;&nbsp;__aeabi_memclr
<LI><a href="#[391]">&gt;&gt;</a>&nbsp;&nbsp;&nbsp;set_u32
</UL>
<BR>[Called By]<UL><LI><a href="#[3bf]">&gt;&gt;</a>&nbsp;&nbsp;&nbsp;fsj_write
</UL>

<P><STRONG><a name="[38d]"></a>get_u32</STRONG> (Thumb, 22 bytes, Stack size 0 bytes, fs_journal.o(i.get_u32))
<BR><BR>[Called By]<UL><LI><a href="#[38c]">&gt;&gt;</a>&nbsp;&nbsp;&nbsp;CheckJSect
</UL>

<P><STRONG><a name="[391]"></a>set_u32</STRONG> (Thumb, 16 bytes, Stack size 0 bytes, fs_journal.o(i.set_u32))
<BR><BR>[Called By]<UL><LI><a href="#[390]">&gt;&gt;</a>&nbsp;&nbsp;&nbsp;SetBuf
</UL>

<P><STRONG><a name="[34a]"></a>_freopen_locked</STRONG> (Thumb, 174 bytes, Stack size 32 bytes, fopen_locked.o(.text))
<BR><BR>[Stack]<UL><LI>Max Depth = 496<LI>Call Chain = _freopen_locked &rArr; _sys_open &rArr; __sys_open &rArr; fat_find &rArr; fat_find_dir &rArr; create_entry &rArr; check_name &rArr; search_for_name &rArr; frec_pos_set &rArr; set_next_clus &rArr; cache_fat &rArr; fsj_write &rArr; SetBuf
</UL>
<BR>[Calls]<UL><LI><a href="#[1d1]">&gt;&gt;</a>&nbsp;&nbsp;&nbsp;_sys_open
<LI><a href="#[e6]">&gt;&gt;</a>&nbsp;&nbsp;&nbsp;_mutex_release
<LI><a href="#[e5]">&gt;&gt;</a>&nbsp;&nbsp;&nbsp;_mutex_acquire
<LI><a href="#[345]">&gt;&gt;</a>&nbsp;&nbsp;&nbsp;_fclose_internal
<LI><a href="#[34b]">&gt;&gt;</a>&nbsp;&nbsp;&nbsp;_fseek
</UL>
<BR>[Called By]<UL><LI><a href="#[2f2]">&gt;&gt;</a>&nbsp;&nbsp;&nbsp;fopen
<LI><a href="#[34c]">&gt;&gt;</a>&nbsp;&nbsp;&nbsp;freopen
</UL>

<P><STRONG><a name="[451]"></a>_dadd1</STRONG> (Thumb, 0 bytes, Stack size unknown bytes, daddsub_clz.o(x$fpl$dadd), UNUSED)
<BR><BR>[Called By]<UL><LI><a href="#[452]">&gt;&gt;</a>&nbsp;&nbsp;&nbsp;_dsub
<LI><a href="#[450]">&gt;&gt;</a>&nbsp;&nbsp;&nbsp;_drsb
</UL>

<P><STRONG><a name="[443]"></a>_dsub1</STRONG> (Thumb, 0 bytes, Stack size unknown bytes, daddsub_clz.o(x$fpl$dsub), UNUSED)
<BR><BR>[Called By]<UL><LI><a href="#[450]">&gt;&gt;</a>&nbsp;&nbsp;&nbsp;_drsb
<LI><a href="#[442]">&gt;&gt;</a>&nbsp;&nbsp;&nbsp;_dadd
</UL>

<P><STRONG><a name="[462]"></a>_fadd1</STRONG> (Thumb, 0 bytes, Stack size unknown bytes, faddsub_clz.o(x$fpl$fadd), UNUSED)
<BR><BR>[Called By]<UL><LI><a href="#[463]">&gt;&gt;</a>&nbsp;&nbsp;&nbsp;_fsub
<LI><a href="#[461]">&gt;&gt;</a>&nbsp;&nbsp;&nbsp;_frsb
</UL>

<P><STRONG><a name="[456]"></a>_fsub1</STRONG> (Thumb, 0 bytes, Stack size unknown bytes, faddsub_clz.o(x$fpl$fsub), UNUSED)
<BR><BR>[Called By]<UL><LI><a href="#[461]">&gt;&gt;</a>&nbsp;&nbsp;&nbsp;_frsb
<LI><a href="#[455]">&gt;&gt;</a>&nbsp;&nbsp;&nbsp;_fadd
</UL>

<P><STRONG><a name="[352]"></a>Heap1_SizeAdjust</STRONG> (Thumb, 8 bytes, Stack size 0 bytes, h1_alloc_mt.o(.text))
<BR><BR>[Called By]<UL><LI><a href="#[351]">&gt;&gt;</a>&nbsp;&nbsp;&nbsp;_malloc_internal
</UL>

<P><STRONG><a name="[359]"></a>_local_sscanf</STRONG> (Thumb, 60 bytes, Stack size 56 bytes, strtod.o(.text))
<BR><BR>[Stack]<UL><LI>Max Depth = 384<LI>Call Chain = _local_sscanf &rArr; _scanf_real &rArr; _scanf_really_real &rArr; _fp_value &rArr; _btod_etento &rArr; _btod_emul &rArr; _e2e
</UL>
<BR>[Calls]<UL><LI><a href="#[35a]">&gt;&gt;</a>&nbsp;&nbsp;&nbsp;_scanf_real
</UL>
<BR>[Called By]<UL><LI><a href="#[35b]">&gt;&gt;</a>&nbsp;&nbsp;&nbsp;__strtod_int
</UL>

<P><STRONG><a name="[374]"></a>_fp_value</STRONG> (Thumb, 504 bytes, Stack size 88 bytes, scanf_fp.o(.text))
<BR><BR>[Stack]<UL><LI>Max Depth = 208<LI>Call Chain = _fp_value &rArr; _btod_etento &rArr; _btod_emul &rArr; _e2e
</UL>
<BR>[Calls]<UL><LI><a href="#[344]">&gt;&gt;</a>&nbsp;&nbsp;&nbsp;__aeabi_errno_addr
<LI><a href="#[376]">&gt;&gt;</a>&nbsp;&nbsp;&nbsp;_btod_emuld
<LI><a href="#[377]">&gt;&gt;</a>&nbsp;&nbsp;&nbsp;_btod_edivd
<LI><a href="#[375]">&gt;&gt;</a>&nbsp;&nbsp;&nbsp;_btod_etento
</UL>
<BR>[Called By]<UL><LI><a href="#[378]">&gt;&gt;</a>&nbsp;&nbsp;&nbsp;_scanf_really_real
</UL>
<P>
<H3>
Undefined Global Symbols
</H3><HR></body></html>
