ARM Linker, 5.03 [Build 24] [MDK-ARM Standard][RL-ARM]

==============================================================================

Section Cross References

    system_stm32f10x.o(.text) refers to system_stm32f10x.o(.data) for SystemCoreClock
    startup_stm32f10x_hd.o(STACK) refers (Special) to heapauxi.o(.text) for __use_two_region_memory
    startup_stm32f10x_hd.o(HEAP) refers (Special) to heapauxi.o(.text) for __use_two_region_memory
    startup_stm32f10x_hd.o(RESET) refers (Special) to heapauxi.o(.text) for __use_two_region_memory
    startup_stm32f10x_hd.o(RESET) refers to startup_stm32f10x_hd.o(STACK) for __initial_sp
    startup_stm32f10x_hd.o(RESET) refers to startup_stm32f10x_hd.o(.text) for __exc_reset
    startup_stm32f10x_hd.o(RESET) refers to hal_cm3.o(.emb_text) for SVC_Handler
    startup_stm32f10x_hd.o(RESET) refers to m_exti.o(.text) for __irq_exti0
    startup_stm32f10x_hd.o(RESET) refers to m_adc.o(.text) for __irq_dma1_channel1
    startup_stm32f10x_hd.o(RESET) refers to m_serial.o(.text) for __irq_dma1_channel4
    startup_stm32f10x_hd.o(RESET) refers to m_usb.o(.text) for __irq_usb_lp_can_rx0
    startup_stm32f10x_hd.o(RESET) refers to m_timer.o(.text) for __irq_tim1_cc
    startup_stm32f10x_hd.o(.text) refers (Special) to heapauxi.o(.text) for __use_two_region_memory
    startup_stm32f10x_hd.o(.text) refers to system_stm32f10x.o(.text) for SystemInit
    startup_stm32f10x_hd.o(.text) refers to __main.o(!!!main) for __main
    startup_stm32f10x_hd.o(.text) refers to startup_stm32f10x_hd.o(HEAP) for Heap_Mem
    startup_stm32f10x_hd.o(.text) refers to startup_stm32f10x_hd.o(STACK) for Stack_Mem
    usb_sil.o(.text) refers to usb_regs.o(.text) for GetEPTxAddr
    usb_sil.o(.text) refers to usb_mem.o(.text) for UserToPMABufferCopy
    usb_sil.o(.text) refers to usb_init.o(.data) for wInterrupt_Mask
    usb_core.o(.text) refers to usb_regs.o(.text) for ClearDTOG_TX
    usb_core.o(.text) refers to usb_init.o(.data) for pInformation
    usb_core.o(.text) refers to m_usb.o(.data) for Device_Table
    usb_core.o(.text) refers to usb_core.o(.data) for StatusInfo
    usb_core.o(.text) refers to m_usb.o(.bss) for Device_Property
    usb_core.o(.text) refers to usb_mem.o(.text) for PMAToUserBufferCopy
    usb_core.o(.text) refers to usb_int.o(.data) for SaveRState
    usb_init.o(.text) refers to usb_init.o(.bss) for Device_Info
    usb_init.o(.text) refers to usb_init.o(.data) for pInformation
    usb_init.o(.text) refers to m_usb.o(.bss) for Device_Property
    usb_int.o(.text) refers to usb_core.o(.text) for In0_Process
    usb_int.o(.text) refers to m_usb.o(.data) for wIstr
    usb_int.o(.text) refers to usb_init.o(.data) for EPindex
    usb_int.o(.text) refers to usb_int.o(.data) for SaveRState
    usb_int.o(.text) refers to m_usb.o(.bss) for pEpInt_OUT
    u8g_com_api.o(.text) refers to u8glib_st7920_128x64_rrd.o(.text) for u8g_Delay
    u8g_com_api_16gr.o(.text) refers to u8g_com_api_16gr.o(.data) for map
    u8g_cursor.o(.text) refers to u8g_ll_api.o(.text) for u8g_GetColorIndex
    u8g_cursor.o(.text) refers to u8g_font.o(.text) for u8g_draw_glyph
    u8g_dev_gprof.o(.text) refers to u8g_pb.o(.text) for u8g_pb_Clear
    u8g_dev_gprof.o(.text) refers to u8g_page.o(.text) for u8g_page_First
    u8g_dev_gprof.o(.text) refers to u8g_pb8v1.o(.text) for u8g_dev_pb8v1_base_fn
    u8g_dev_gprof.o(.data) refers to u8g_dev_gprof.o(.bss) for u8g_pb_dev_gprof_buf
    u8g_dev_gprof.o(.data) refers to u8g_dev_gprof.o(.text) for u8g_dev_gprof_fn
    u8g_font.o(.text) refers to u8g_clip.o(.text) for u8g_IsBBXIntersection
    u8g_font.o(.text) refers to u8g_ll_api.o(.text) for u8g_Draw8Pixel
    u8g_line.o(.text) refers to u8g_ll_api.o(.text) for u8g_DrawPixel
    u8g_ll_api.o(.text) refers to u8g_font.o(.text) for u8g_SetFontPosBaseline
    u8g_ll_api.o(.text) refers to u8g_state.o(.text) for u8g_state_dummy_cb
    u8g_pb8h1.o(.text) refers to u8g_pb.o(.text) for u8g_pb_Clear
    u8g_pb8h1.o(.text) refers to u8g_page.o(.text) for u8g_page_First
    u8g_pb8h1f.o(.text) refers to u8g_pb.o(.text) for u8g_pb_Clear
    u8g_pb8h1f.o(.text) refers to u8g_page.o(.text) for u8g_page_First
    u8g_pb8h2.o(.text) refers to u8g_pb.o(.text) for u8g_pb_Clear
    u8g_pb8h2.o(.text) refers to u8g_page.o(.text) for u8g_page_First
    u8g_pb8h8.o(.text) refers to u8g_pb.o(.text) for u8g_pb_Is8PixelVisible
    u8g_pb8h8.o(.text) refers to u8g_page.o(.text) for u8g_page_First
    u8g_pb8v1.o(.text) refers to u8g_pb.o(.text) for u8g_pb_Clear
    u8g_pb8v1.o(.text) refers to u8g_page.o(.text) for u8g_page_First
    u8g_pb8v2.o(.text) refers to u8g_pb.o(.text) for u8g_pb_Clear
    u8g_pb8v2.o(.text) refers to u8g_page.o(.text) for u8g_page_First
    u8g_pb14v1.o(.text) refers to u8g_pb.o(.text) for u8g_pb_Is8PixelVisible
    u8g_pb14v1.o(.text) refers to u8g_page.o(.text) for u8g_page_First
[...]
    _ffix_r                                  0x0801f36d   Thumb Code    82  ffix.o(x$fpl$ffixr)
    __aeabi_f2uiz                            0x0801f3c1   Thumb Code     0  ffixu.o(x$fpl$ffixu)
    _ffixu                                   0x0801f3c1   Thumb Code    62  ffixu.o(x$fpl$ffixu)
    __aeabi_i2f                              0x0801f401   Thumb Code     0  fflt_clz.o(x$fpl$fflt)
    _fflt                                    0x0801f401   Thumb Code    48  fflt_clz.o(x$fpl$fflt)
    __aeabi_ui2f                             0x0801f431   Thumb Code     0  fflt_clz.o(x$fpl$ffltu)
    _ffltu                                   0x0801f431   Thumb Code    38  fflt_clz.o(x$fpl$ffltu)
    __aeabi_cfcmple                          0x0801f459   Thumb Code     0  fleqf.o(x$fpl$fleqf)
    _fcmple                                  0x0801f459   Thumb Code   104  fleqf.o(x$fpl$fleqf)
    __fpl_fcmple_InfNaN                      0x0801f4ab   Thumb Code     0  fleqf.o(x$fpl$fleqf)
    __aeabi_fmul                             0x0801f4c1   Thumb Code     0  fmul.o(x$fpl$fmul)
    _fmul                                    0x0801f4c1   Thumb Code   258  fmul.o(x$fpl$fmul)
    __fpl_fnaninf                            0x0801f5c3   Thumb Code   140  fnaninf.o(x$fpl$fnaninf)
    __fpl_fretinf                            0x0801f64f   Thumb Code    10  fretinf.o(x$fpl$fretinf)
    __aeabi_cfrcmple                         0x0801f659   Thumb Code     0  frleqf.o(x$fpl$frleqf)
    _frcmple                                 0x0801f659   Thumb Code    98  frleqf.o(x$fpl$frleqf)
    _frnd                                    0x0801f6bd   Thumb Code    96  frnd.o(x$fpl$frnd)
    __aeabi_frsub                            0x0801f71d   Thumb Code     0  faddsub_clz.o(x$fpl$frsb)
    _frsb                                    0x0801f71d   Thumb Code    20  faddsub_clz.o(x$fpl$frsb)
    _fsqrt                                   0x0801f731   Thumb Code   272  fsqrt.o(x$fpl$fsqrt)
    __aeabi_fsub                             0x0801f841   Thumb Code     0  faddsub_clz.o(x$fpl$fsub)
    _fsub                                    0x0801f841   Thumb Code   234  faddsub_clz.o(x$fpl$fsub)
    __aeabi_d2lz                             0x0801f92d   Thumb Code     0  dfixll.o(x$fpl$llsfromd)
    _ll_sfrom_d                              0x0801f92d   Thumb Code   194  dfixll.o(x$fpl$llsfromd)
    __fpl_return_NaN                         0x0801f9ef   Thumb Code   100  retnan.o(x$fpl$retnan)
    __ARM_scalbn                             0x0801fa53   Thumb Code    92  scalbn.o(x$fpl$scalbn)
    __ARM_scalbnf                            0x0801faaf   Thumb Code    76  scalbnf.o(x$fpl$scalbnf)
    _scanf_real                              0x0801fafb   Thumb Code     4  scanf1.o(x$fpl$scanf1)
    _scanf_hex_real                          0x0801faff   Thumb Code     4  scanf2.o(x$fpl$scanf2)
    _scanf_infnan                            0x0801fb03   Thumb Code     4  scanf2.o(x$fpl$scanf2)
    __fpl_cmpreturn                          0x0801fb07   Thumb Code    48  trapv.o(x$fpl$trapveneer)
    __I$use$fp                               0x0801fb36   Number         0  usenofp.o(x$fpl$usenofp)
    spi0_drv                                 0x0801fb38   Data          32  spi_stm32f103.o(.constdata)
    __stdin_name                             0x0801fb58   Data           6  retarget.o(.constdata)
    __stdout_name                            0x0801fb5e   Data           7  retarget.o(.constdata)
    __stderr_name                            0x0801fb65   Data           7  retarget.o(.constdata)
    _NFILE                                   0x0801fb6c   Data           2  file_config.o(.constdata)
    _NDRV                                    0x0801fb6e   Data           2  file_config.o(.constdata)
    fat_ncache                               0x0801fb70   Data          12  file_config.o(.constdata)
    mc0_drv                                  0x0801fb7c   Data          24  file_config.o(.constdata)
    fs_DevPool                               0x0801fb94   Data           8  file_config.o(.constdata)
    PIN_MAP                                  0x0801fb9c   Data         752  m_pins.o(.constdata)
    os_maxtaskrun                            0x08020714   Data           2  rtx_conf_cm.o(.constdata)
    os_stackinfo                             0x08020718   Data           4  rtx_conf_cm.o(.constdata)
    os_rrobin                                0x0802071c   Data           4  rtx_conf_cm.o(.constdata)
    os_trv                                   0x08020720   Data           4  rtx_conf_cm.o(.constdata)
    os_flags                                 0x08020724   Data           1  rtx_conf_cm.o(.constdata)
    os_clockrate                             0x08020728   Data           4  rtx_conf_cm.o(.constdata)
    os_timernum                              0x0802072c   Data           4  rtx_conf_cm.o(.constdata)
    mp_tcb_size                              0x08020730   Data           2  rtx_conf_cm.o(.constdata)
    mp_stk_size                              0x08020734   Data           4  rtx_conf_cm.o(.constdata)
    os_fifo_size                             0x08020738   Data           1  rtx_conf_cm.o(.constdata)
    mp_tmr_size                              0x0802073a   Data           2  rtx_conf_cm.o(.constdata)
    vtable for U8GLIB_ST7920_128X64_RRD      0x08020cac   Data          20  u8glib_st7920_128x64_rrd.o(.constdata__ZTV24U8GLIB_ST7920_128X64_RRD)
    vtable for Print                         0x08020cc0   Data          20  m_print.o(.constdata__ZTV5Print)
    vtable for U8GLIB                        0x08020cd4   Data          20  u8glib_st7920_128x64_rrd.o(.constdata__ZTV6U8GLIB)
    vtable for serial                        0x08020ce8   Data          24  m_serial.o(.constdata__ZTV6serial)
    vtable for usbSerial                     0x08020d00   Data          20  m_usbserial.o(.constdata__ZTV9usbSerial)
    u8g_font_6x10_marlin                     0x08020d14   Data        2617  lcd.o(.progmem.u8g_font_6x10_marlin)
    Region$$Table$$Base                      0x08021750   Number         0  anon$$obj.o(Region$$Table)
    Region$$Table$$Limit                     0x08021770   Number         0  anon$$obj.o(Region$$Table)
    __aeabi_HUGE_VAL                         0x08021770   Data           0  fpconst.o(c$$dinf)
    __aeabi_HUGE_VALL                        0x08021770   Data           0  fpconst.o(c$$dinf)
    __aeabi_INFINITY                         0x08021770   Data           0  fpconst.o(c$$dinf)
    __dInf                                   0x08021770   Data           0  fpconst.o(c$$dinf)
    __huge_val                               0x08021770   Data           0  fpconst.o(c$$dinf)
    __ctype                                  0x08021785   Data           0  lc_ctype_c.o(locale$$data)
    SHT$$INIT_ARRAY$$Base                    0x080218a4   Number         0  u8glib_st7920_128x64_rrd.o(.init_array)
    SHT$$INIT_ARRAY$$Limit                   0x080218d8   Number         0  commu.o(.init_array)
    EEP_DF                                   0x0803f000   Data         392  eeprom.o(.ARM.__AT_0x0803F000)
    EEP                                      0x0803f800   Data        2048  eeprom.o(.ARM.__AT_0x0803F800)
    SystemCoreClock                          0x20000000   Data           4  system_stm32f10x.o(.data)
    AHBPrescTable                            0x20000004   Data          16  system_stm32f10x.o(.data)
    Data_Mul_MaxPacketSize                   0x20000014   Data           1  usb_core.o(.data)
    StatusInfo                               0x20000016   Data           2  usb_core.o(.data)
    EPindex                                  0x20000018   Data           1  usb_init.o(.data)
    pInformation                             0x2000001c   Data           4  usb_init.o(.data)
    pProperty                                0x20000020   Data           4  usb_init.o(.data)
    SaveState                                0x20000024   Data           2  usb_init.o(.data)
    wInterrupt_Mask                          0x20000026   Data           2  usb_init.o(.data)
    pUser_Standard_Requests                  0x20000028   Data           4  usb_init.o(.data)
    SaveRState                               0x2000002c   Data           2  usb_int.o(.data)
    SaveTState                               0x2000002e   Data           2  usb_int.o(.data)
    u8g_dev_st7920_128x64_rrd_pb             0x20000030   Data          12  u8glib_st7920_128x64_rrd.o(.data)
    u8g_dev_st7920_128x64_rrd_sw_spi         0x2000003c   Data          12  u8glib_st7920_128x64_rrd.o(.data)
    adc1                                     0x2000005c   Data           8  m_adc.o(.data)
    adc2                                     0x20000064   Data           8  m_adc.o(.data)
    gpioa                                    0x2000006c   Data           8  m_gpio.o(.data)
    gpiob                                    0x20000074   Data           8  m_gpio.o(.data)
    gpioc                                    0x2000007c   Data           8  m_gpio.o(.data)
    gpiod                                    0x20000084   Data           8  m_gpio.o(.data)
    gpio                                     0x2000008c   Data           1  m_gpio.o(.data)
    timer1                                   0x20000090   Data          32  m_timer.o(.data)
    timer2                                   0x200000b0   Data          32  m_timer.o(.data)
    timer3                                   0x200000d0   Data          32  m_timer.o(.data)
    timer4                                   0x200000f0   Data          32  m_timer.o(.data)
    timer8                                   0x20000110   Data          32  m_timer.o(.data)
    TIMER1                                   0x20000130   Data           4  m_timer.o(.data)
    TIMER2                                   0x20000134   Data           4  m_timer.o(.data)
    TIMER3                                   0x20000138   Data           4  m_timer.o(.data)
    TIMER4                                   0x2000013c   Data           4  m_timer.o(.data)
    TIMER8                                   0x20000140   Data           4  m_timer.o(.data)
    Timer                                    0x20000144   Data           1  m_timer.o(.data)
    rcc                                      0x20000145   Data           1  m_rcc.o(.data)
    usart1                                   0x2000016c   Data          32  m_serial.o(.data)
    wIstr                                    0x2000018c   Data           2  m_usb.o(.data)
    UsbIsrCount                              0x2000018e   Data           2  m_usb.o(.data)
    Device_Table                             0x20000190   Data           2  m_usb.o(.data)
    ResumeS                                  0x20000192   Data           2  m_usb.o(.data)
    usb                                      0x20000194   Data           1  m_usb.o(.data)
    c_usb::usb_device                        0x20000198   Data           4  m_usb.o(.data)
    sysTimer                                 0x2000019c   Data           4  m_sysconf.o(.data)
    LinecodingUsbVcom                        0x200001c8   Data           8  m_usbserial.o(.data)
    usbSerialDev                             0x200001d0   Data          80  m_usbserial.o(.data)
    serial_pEpInt_IN                         0x20000228   Data           8  m_usbserial.o(.data)
    nvic                                     0x20000230   Data           1  m_nvic.o(.data)
    eep                                      0x20000231   Data           1  m_eep.o(.data)
    spi1InitFlag                             0x20000232   Data           1  m_spi.o(.data)
    exti                                     0x200002b4   Data           1  m_exti.o(.data)
    mainTaskRunEnable                        0x200002b8   Data           1  main.o(.data)
    debugOut                                 0x200002b9   Data           1  main.o(.data)
    EEp_init_flag                            0x200002ba   Data           1  main.o(.data)
    pMaxLimitIsr                             0x200002d4   Data          20  stepmoto.o(.data)
    pMinLimitIsr                             0x200002e8   Data          20  stepmoto.o(.data)
    pinTab                                   0x200002fc   Data          25  stepmoto.o(.data)
    step_moto_3d                             0x20000318   Data         164  stepmoto.o(.data)
    sem_step                                 0x200003dc   Data           8  stepmoto.o(.data)
    directionCnt                             0x200003e4   Data           4  stepmoto.o(.data)
    temperatureBed                           0x200003e8   Data          32  temperature.o(.data)
    temperatureEnd1                          0x20000408   Data          32  temperature.o(.data)
    temperatureEnd2                          0x20000428   Data          32  temperature.o(.data)
    test                                     0x20000458   Data           4  lcd.o(.data)
    conv                                     0x2000045c   Data           8  lcd.o(.data)
    osErrorData                              0x20000474   Data           4  rtx_conf_cm.o(.data)
    m_tmr                                    0x20000478   Data           4  rtx_conf_cm.o(.data)
    os_tsk                                   0x20000484   Data           8  rt_task.o(.data)
    os_time                                  0x2000048c   Data           4  rt_time.o(.data)
    dbg_msg                                  0x20000490   Data           1  hal_cm3.o(.data)
    os_tick_irqn                             0x200004a0   Data           4  rt_system.o(.data)
    os_tmr                                   0x200004a4   Data           8  rt_timer.o(.data)
    _stream_list_lock                        0x200004ac   Data           4  streamlock.o(.data)
    __aeabi_stdin                            0x200004b0   Data           4  stdio_streams.o(.data)
    __aeabi_stdout                           0x200004b4   Data           4  stdio_streams.o(.data)
    __aeabi_stderr                           0x200004b8   Data           4  stdio_streams.o(.data)
    Device_Info                              0x200004bc   Data          28  usb_init.o(.bss)
    u8g_dev_st7920_128x64_rrd_buf            0x200004d8   Data         512  u8glib_st7920_128x64_rrd.o(.bss)
    u8g                                      0x200006d8   Data          80  u8glib_st7920_128x64_rrd.o(.bss)
    _iob                                     0x20000728   Data         180  file_config.o(.bss)
    fat_name_pool                            0x200007dc   Data        2384  file_config.o(.bss)
    adc                                      0x200018d8   Data         196  m_adc.o(.bss)
    serial1Rxbuf                             0x2000199c   Data         100  m_serial.o(.bss)
    serial1Txbuf                             0x20001a00   Data         100  m_serial.o(.bss)
    serial1                                  0x20001a64   Data          24  m_serial.o(.bss)
    pEpInt_IN                                0x20001a7c   Data          28  m_usb.o(.bss)
    pEpInt_OUT                               0x20001a98   Data          28  m_usb.o(.bss)
    Device_Property                          0x20001ab4   Data          48  m_usb.o(.bss)
    User_Standard_Requests                   0x20001ae4   Data          36  m_usb.o(.bss)
    usbSerial1                               0x20001b08   Data         504  m_usbserial.o(.bss)
    main_loop_stk                            0x20001d00   Data        1024  main.o(.bss)
    lcdStk                                   0x20002100   Data        1024  main.o(.bss)
    sdReaderStk                              0x20002500   Data        1024  main.o(.bss)
    commuStk                                 0x20002900   Data        1024  main.o(.bss)
    gcodeStk                                 0x20002d00   Data        1024  main.o(.bss)
    block_buf                                0x20003140   Data        1760  stepmoto.o(.bss)
    stepMoto                                 0x20003820   Data          44  stepmoto.o(.bss)
    tempHotBed                               0x2000384c   Data          44  temperature.o(.bss)
    tempHotEnd1                              0x20003878   Data          44  temperature.o(.bss)
    tempHotEnd2                              0x200038a4   Data          44  temperature.o(.bss)
    gcode                                    0x20003910   Data         232  gcode.o(.bss)
    para                                     0x200039f8   Data         392  eeprom.o(.bss)
    sdReader                                 0x20003b90   Data         368  sdreader.o(.bss)
    lcd                                      0x20003d00   Data         140  lcd.o(.bss)
    mbx_commu                                0x20003d8c   Data         416  commu.o(.bss)
    box_commu                                0x20003f2c   Data        6252  commu.o(.bss)
    commu                                    0x20005798   Data          84  commu.o(.bss)
    mutPushCommand                           0x200057ec   Data          12  commu.o(.bss)
    mp_tcb                                   0x200057f8   Data         348  rtx_conf_cm.o(.bss)
    mp_stk                                   0x20005958   Data        4816  rtx_conf_cm.o(.bss)
    os_fifo                                  0x20006c28   Data         388  rtx_conf_cm.o(.bss)
    os_active_TCB                            0x20006dac   Data          28  rtx_conf_cm.o(.bss)
    os_idle_TCB                              0x200070c8   Data          48  rt_task.o(.bss)
    os_rdy                                   0x200070f8   Data          24  rt_list.o(.bss)
    os_dly                                   0x20007110   Data          24  rt_list.o(.bss)
    __libspace_start                         0x20007128   Data          96  libspace.o(.bss)
    __stdin                                  0x20007188   Data          84  stdio_streams.o(.bss)
    __temporary_stack_top$libspace           0x20007188   Data           0  libspace.o(.bss)
    __stdout                                 0x200071dc   Data          84  stdio_streams.o(.bss)
    __stderr                                 0x20007230   Data          84  stdio_streams.o(.bss)



==============================================================================

Memory Map of the image

  Image Entry point : 0x08000131

  Load Region LR_IROM1 (Base: 0x08000000, Size: 0x0003f644, Max: 0x0003f7ff, ABSOLUTE, COMPRESSED[0x0003f334])

    Execution Region ER_IROM1 (Base: 0x08000000, Size: 0x0003f188, Max: 0x0003f7ff, ABSOLUTE)

    Base Addr    Size         Type   Attr      Idx    E Section Name        Object

    0x08000000   0x00000130   Data   RO           51    RESET               startup_stm32f10x_hd.o
    0x08000130   0x00000008   Code   RO         4158  * !!!main             c_w.l(__main.o)
    0x08000138   0x00000034   Code   RO         4882    !!!scatter          c_w.l(__scatter.o)
    0x0800016c   0x0000005a   Code   RO         4880    !!dczerorl2         c_w.l(__dczerorl2.o)
    0x080001c6   0x00000002   PAD
    0x080001c8   0x0000001c   Code   RO         4884    !!handler_zi        c_w.l(__scatter_zi.o)
    0x080001e4   0x00000002   Code   RO         4764    .ARM.Collect$$libinit$$00000000  c_w.l(libinit.o)
    0x080001e6   0x00000000   Code   RO         4512    .ARM.Collect$$libinit$$00000002  c_w.l(libinit2.o)
    0x080001e6   0x00000008   Code   RO         4513    .ARM.Collect$$libinit$$00000003  c_w.l(libinit2.o)
    0x080001ee   0x00000000   Code   RO         4515    .ARM.Collect$$libinit$$00000008  c_w.l(libinit2.o)
    0x080001ee   0x00000000   Code   RO         4517    .ARM.Collect$$libinit$$0000000A  c_w.l(libinit2.o)
    0x080001ee   0x00000000   Code   RO         4519    .ARM.Collect$$libinit$$0000000C  c_w.l(libinit2.o)
    0x080001ee   0x00000006   Code   RO         4520    .ARM.Collect$$libinit$$0000000D  c_w.l(libinit2.o)
    0x080001f4   0x00000000   Code   RO         4522    .ARM.Collect$$libinit$$0000000F  c_w.l(libinit2.o)
    0x080001f4   0x0000000c   Code   RO         4523    .ARM.Collect$$libinit$$00000010  c_w.l(libinit2.o)
    0x08000200   0x00000000   Code   RO         4524    .ARM.Collect$$libinit$$00000011  c_w.l(libinit2.o)
    0x08000200   0x00000000   Code   RO         4526    .ARM.Collect$$libinit$$00000013  c_w.l(libinit2.o)
    0x08000200   0x0000000a   Code   RO         4527    .ARM.Collect$$libinit$$00000014  c_w.l(libinit2.o)
    0x0800020a   0x00000000   Code   RO         4528    .ARM.Collect$$libinit$$00000015  c_w.l(libinit2.o)
    0x0800020a   0x00000000   Code   RO         4530    .ARM.Collect$$libinit$$00000017  c_w.l(libinit2.o)
    0x0800020a   0x00000000   Code   RO         4532    .ARM.Collect$$libinit$$00000019  c_w.l(libinit2.o)
    0x0800020a   0x00000000   Code   RO         4534    .ARM.Collect$$libinit$$0000001B  c_w.l(libinit2.o)
    0x0800020a   0x00000000   Code   RO         4536    .ARM.Collect$$libinit$$0000001D  c_w.l(libinit2.o)
    0x0800020a   0x00000000   Code   RO         4538    .ARM.Collect$$libinit$$0000001F  c_w.l(libinit2.o)
    0x0800020a   0x00000000   Code   RO         4540    .ARM.Collect$$libinit$$00000021  c_w.l(libinit2.o)
    0x0800020a   0x00000004   Code   RO         4541    .ARM.Collect$$libinit$$00000022  c_w.l(libinit2.o)
    0x0800020e   0x00000000   Code   RO         4542    .ARM.Collect$$libinit$$00000023  c_w.l(libinit2.o)
    0x0800020e   0x00000000   Code   RO         4546    .ARM.Collect$$libinit$$0000002A  c_w.l(libinit2.o)
    0x0800020e   0x00000000   Code   RO         4548    .ARM.Collect$$libinit$$0000002C  c_w.l(libinit2.o)
    0x0800020e   0x00000000   Code   RO         4550    .ARM.Collect$$libinit$$0000002E  c_w.l(libinit2.o)
    0x0800020e   0x00000004   Code   RO         4551    .ARM.Collect$$libinit$$0000002F  c_w.l(libinit2.o)
    0x08000212   0x00000000   Code   RO         4552    .ARM.Collect$$libinit$$00000030  c_w.l(libinit2.o)
    0x08000212   0x00000002   Code   RO         4553    .ARM.Collect$$libinit$$00000031  c_w.l(libinit2.o)
    0x08000214   0x00000002   Code   RO         4858    .ARM.Collect$$libshutdown$$00000000  c_w.l(libshutdown.o)
    0x08000216   0x00000004   Code   RO         4690    .ARM.Collect$$libshutdown$$00000002  c_w.l(libshutdown2.o)
    0x0800021a   0x00000000   Code   RO         4691    .ARM.Collect$$libshutdown$$00000003  c_w.l(libshutdown2.o)
    0x0800021a   0x00000000   Code   RO         4694    .ARM.Collect$$libshutdown$$00000006  c_w.l(libshutdown2.o)
    0x0800021a   0x00000000   Code   RO         4697    .ARM.Collect$$libshutdown$$00000009  c_w.l(libshutdown2.o)
    0x0800021a   0x00000000   Code   RO         4699    .ARM.Collect$$libshutdown$$0000000B  c_w.l(libshutdown2.o)
    0x0800021a   0x00000000   Code   RO         4702    .ARM.Collect$$libshutdown$$0000000E  c_w.l(libshutdown2.o)
    0x0800021a   0x00000002   Code   RO         4703    .ARM.Collect$$libshutdown$$0000000F  c_w.l(libshutdown2.o)
    0x0800021c   0x00000000   Code   RO         4403    .ARM.Collect$$rtentry$$00000000  c_w.l(rtentry.o)
    0x0800021c   0x00000000   Code   RO         4593    .ARM.Collect$$rtentry$$00000002  c_w.l(rtentry2.o)
    0x0800021c   0x00000006   Code   RO         4605    .ARM.Collect$$rtentry$$00000004  c_w.l(rtentry4.o)
    0x08000222   0x00000000   Code   RO         4595    .ARM.Collect$$rtentry$$00000009  c_w.l(rtentry2.o)
    0x08000222   0x00000004   Code   RO         4596    .ARM.Collect$$rtentry$$0000000A  c_w.l(rtentry2.o)
    0x08000226   0x00000000   Code   RO         4598    .ARM.Collect$$rtentry$$0000000C  c_w.l(rtentry2.o)
    0x08000226   0x00000008   Code   RO         4599    .ARM.Collect$$rtentry$$0000000D  c_w.l(rtentry2.o)
    0x0800022e   0x00000002   Code   RO         4767    .ARM.Collect$$rtexit$$00000000  c_w.l(rtexit.o)
    0x08000230   0x00000000   Code   RO         4826    .ARM.Collect$$rtexit$$00000002  c_w.l(rtexit2.o)
    0x08000230   0x00000004   Code   RO         4827    .ARM.Collect$$rtexit$$00000003  c_w.l(rtexit2.o)
    0x08000234   0x00000006   Code   RO         4828    .ARM.Collect$$rtexit$$00000004  c_w.l(rtexit2.o)
    0x0800023a   0x00000002   PAD
    0x0800023c   0x00000154   Code   RO         3555    .emb_text           RTX_CM3.LIB(hal_cm3.o)
    0x08000390   0x00000000   Code   RO         4716    .emb_text           c_w.l(maybetermalloc1.o)
    0x08000390   0x000001dc   Code   RO            3    .text               system_stm32f10x.o
    0x0800056c   0x0000004c   Code   RO           52    .text               startup_stm32f10x_hd.o
    0x080005b8   0x00000080   Code   RO           58    .text               usb_sil.o
    0x08000638   0x00000af8   Code   RO          152    .text               usb_core.o
    0x08001130   0x0000003c   Code   RO          179    .text               usb_init.o
    0x0800116c   0x00000304   Code   RO          214    .text               usb_int.o
    0x08001470   0x0000005c   Code   RO          250    .text               usb_mem.o
    0x080014cc   0x00000790   Code   RO          274    .text               usb_regs.o
    0x08001c5c   0x000000b6   Code   RO          296    .text               u8g_clip.o
    0x08001d12   0x00000198   Code   RO          315    .text               u8g_com_api.o
    0x08001eaa   0x00000026   Code   RO          352    .text               u8g_com_null.o
    0x08001ed0   0x00000e16   Code   RO          408    .text               u8g_font.o
    0x08002ce6   0x00000002   PAD
    0x08002ce8   0x000004d8   Code   RO          814    .text               u8g_ll_api.o
    0x080031c0   0x00000060   Code   RO          826    .text               u8g_page.o
    0x08003220   0x00000206   Code   RO          973    .text               u8g_pb32h1.o
    0x08003426   0x00000128   Code   RO          985    .text               u8g_pb.o
    0x0800354e   0x00000432   Code   RO          997    .text               u8g_rect.o
    0x08003980   0x00000010   Code   RO         1039    .text               u8g_state.o
    0x08003990   0x000002e4   Code   RO         1324    .text               u8g_circle.o
    0x08003c74   0x00000260   Code   RO         1336    .text               u8g_bitmap.o
    0x08003ed4   0x00000264   Code   RO         1350    .text               u8glib_st7920_128x64_rrd.o
    0x08004138   0x00000148   Code   RO         1439    .text               spi_stm32f103.o
    0x08004280   0x00000124   Code   RO         1472    .text               retarget.o
    0x080043a4   0x000000a4   Code   RO         1503    .text               file_config.o
    0x08004448   0x000003a4   Code   RO         1528    .text               stm32f10x_rcc.o
    0x080047ec   0x00000250   Code   RO         1576    .text               stm32f10x_dma.o
    0x08004a3c   0x00000408   Code   RO         1599    .text               stm32f10x_usart.o
    0x08004e44   0x00000334   Code   RO         1622    .text               m_adc.o
    0x08005178   0x0000025c   Code   RO         1820    .text               m_gpio.o
    0x080053d4   0x0000049c   Code   RO         1914    .text               m_timer.o
    0x08005870   0x0000013c   Code   RO         1978    .text               m_rcc.o
    0x080059ac   0x00000754   Code   RO         2046    .text               m_print.o
    0x08006100   0x00000278   Code   RO         2093    .text               m_serial.o
    0x08006378   0x000005e8   Code   RO         2138    .text               m_usb.o
    0x08006960   0x00000030   Code   RO         2195    .text               m_sysconf.o
    0x08006990   0x00000434   Code   RO         2234    .text               m_usbserial.o
    0x08006dc4   0x0000005c   Code   RO         2286    .text               m_mapleinit.o
    0x08006e20   0x000000b4   Code   RO         2315    .text               m_nvic.o
    0x08006ed4   0x00000170   Code   RO         2348    .text               m_eep.o
    0x08007044   0x00000150   Code   RO         2381    .text               m_spi.o
    0x08007194   0x000002ec   Code   RO         2412    .text               m_exti.o
    0x08007480   0x00000534   Code   RO         2508    .text               main.o
    0x080079b4   0x00001d40   Code   RO         2557    .text               stepmoto.o
    0x080096f4   0x00000a04   Code   RO         2655    .text               temperature.o
    0x0800a0f8   0x00001b90   Code   RO         2701    .text               gcode.o
    0x0800bc88   0x000005c8   Code   RO         2866    .text               sdreader.o
    0x0800c250   0x00009182   Code   RO         2922    .text               lcd.o
    0x080153d2   0x00000002   PAD
    0x080153d4   0x00000be8   Code   RO         3111    .text               commu.o
    0x08015fbc   0x000000b8   Code   RO         3183    .text               rtx_conf_cm.o
    0x08016074   0x00000008   Code   RO         4108    .text               c_w.l(libspace.o)
    0x0801607c   0x00000002   Code   RO         4111    .text               c_w.l(use_no_semi.o)
    0x0801607e   0x000000ee   Code   RO         4113    .text               c_w.l(lludivv7m.o)
    0x0801616c   0x00000070   Code   RO         4115    .text               c_w.l(strtol.o)
    0x080161dc   0x0000004c   Code   RO         4128    .text               c_w.l(fclose.o)
    0x08016228   0x00000020   Code   RO         4130    .text               c_w.l(fgetc_locked.o)
    0x08016248   0x00000034   Code   RO         4132    .text               c_w.l(fclose_locked.o)
    0x0801627c   0x0000001e   Code   RO         4134    .text               c_w.l(feof_locked.o)
    0x0801629a   0x00000002   PAD
    0x0801629c   0x00000144   Code   RO         4136    .text               c_w.l(fopen_locked.o)
    0x080163e0   0x00000014   Code   RO         4138    .text               c_w.l(strchr.o)
    0x080163f4   0x0000003e   Code   RO         4140    .text               c_w.l(strlen.o)
    0x08016432   0x0000008a   Code   RO         4144    .text               c_w.l(rt_memcpy_v6.o)
    0x080164bc   0x00000064   Code   RO         4146    .text               c_w.l(rt_memcpy_w.o)
    0x08016520   0x00000044   Code   RO         4150    .text               c_w.l(rt_memclr.o)
    0x08016564   0x0000004e   Code   RO         4152    .text               c_w.l(rt_memclr_w.o)
    0x080165b2   0x00000002   PAD
    0x080165b4   0x00000080   Code   RO         4154    .text               c_w.l(strcmpv7m.o)
    0x08016634   0x00000006   Code   RO         4156    .text               c_w.l(heapauxi.o)
    0x0801663a   0x00000002   PAD
    0x0801663c   0x00000024   Code   RO         4163    .text               c_w.l(init_aeabi.o)
    0x08016660   0x00000010   Code   RO         4404    .text               c_w.l(rt_ctype_table.o)
    0x08016670   0x00000004   Code   RO         4415    .text               c_w.l(rt_errno_addr_twolibspace.o)
    0x08016674   0x0000009e   Code   RO         4425    .text               c_w.l(h1_alloc_mt.o)
    0x08016712   0x00000076   Code   RO         4427    .text               c_w.l(h1_free_mt.o)
    0x08016788   0x00000016   Code   RO         4479    .text               c_w.l(_rserrno.o)
    0x0801679e   0x0000009e   Code   RO         4481    .text               c_w.l(_strtoul.o)
    0x0801683c   0x000000a0   Code   RO         4483    .text               c_w.l(strtod.o)
    0x080168dc   0x00000240   Code   RO         4485    .text               c_w.l(filbuf.o)
    0x08016b1c   0x000000f8   Code   RO         4491    .text               c_w.l(fseek.o)
    0x08016c14   0x000000f0   Code   RO         4493    .text               c_w.l(stdio.o)
    0x08016d04   0x000001c8   Code   RO         4505    .text               c_w.l(initio_locked.o)
    0x08016ecc   0x0000000e   Code   RO         4507    .text               c_w.l(defsig_pvfn_outer.o)
    0x08016eda   0x0000000a   Code   RO         4616    .text               c_w.l(rt_heap_descriptor_twolibspace.o)
    0x08016ee4   0x0000000a   Code   RO         4623    .text               c_w.l(rt_locale_twolibspace.o)
    0x08016eee   0x00000004   Code   RO         4625    .text               c_w.l(hguard.o)
    0x08016ef2   0x0000008a   Code   RO         4627    .text               c_w.l(init_alloc.o)
    0x08016f7c   0x00000012   Code   RO         4633    .text               c_w.l(h1_init_mt.o)
    0x08016f8e   0x00000012   Code   RO         4645    .text               c_w.l(isspace.o)
    0x08016fa0   0x0000001c   Code   RO         4647    .text               c_w.l(_chval.o)
    0x08016fbc   0x00000040   Code   RO         4649    .text               c_w.l(_sgetc.o)
    0x08016ffc   0x000001de   Code   RO         4651    .text               c_w.l(flsbuf.o)
    0x080171da   0x00000046   Code   RO         4653    .text               c_w.l(ftell.o)
    0x08017220   0x00000068   Code   RO         4663    .text               c_w.l(setvbuf_locked.o)
    0x08017288   0x0000005c   Code   RO         4669    .text               c_w.l(flushlinebuffered_locked.o)
    0x080172e4   0x0000000a   Code   RO         4677    .text               c_w.l(defsig_exit.o)
    0x080172ee   0x0000000e   Code   RO         4679    .text               c_w.l(defsig_rtred_outer.o)
    0x080172fc   0x00000030   Code   RO         4683    .text               c_w.l(defsig_pvfn_inner.o)
    0x0801732c   0x0000004a   Code   RO         4712    .text               c_w.l(sys_stackheap_outer.o)
    0x08017376   0x0000003e   Code   RO         4720    .text               c_w.l(h1_extend_mt.o)
    0x080173b4   0x000004a4   Code   RO         4722    .text               c_w.l(scanf_fp.o)
    0x08017858   0x00000090   Code   RO         4730    .text               c_w.l(fflush_locked.o)
    0x080178e8   0x000000d4   Code   RO         4732    .text               c_w.l(fwritefast_locked.o)
    0x080179bc   0x0000000c   Code   RO         4734    .text               c_w.l(exit.o)
    0x080179c8   0x00000032   Code   RO         4738    .text               c_w.l(defsig_general.o)
    0x080179fa   0x00000002   PAD
    0x080179fc   0x00000034   Code   RO         4744    .text               c_w.l(defsig_rtred_inner.o)
    0x08017a30   0x0000000e   Code   RO         4746    .text               c_w.l(defsig_rtmem_outer.o)
    0x08017a3e   0x00000002   PAD
    0x08017a40   0x000000e4   Code   RO         4771    .text               c_w.l(bigflt0.o)
    0x08017b24   0x00000050   Code   RO         4802    .text               c_w.l(defsig_rtmem_inner.o)
    0x08017b74   0x00000314   Code   RO         4836    .text               c_w.l(scanf_hexfp.o)
    0x08017e88   0x0000013c   Code   RO         4838    .text               c_w.l(scanf_infnan.o)
    0x08017fc4   0x00000026   Code   RO         4854    .text               c_w.l(llshl.o)
    0x08017fea   0x00000338   Code   RO         4784    CL$$btod_div_common  c_w.l(btod.o)
    0x08018322   0x00000002   PAD
    0x08018324   0x00000054   Code   RO         4782    CL$$btod_e2d        c_w.l(btod.o)
    0x08018378   0x000000c6   Code   RO         4781    CL$$btod_e2e        c_w.l(btod.o)
    0x0801843e   0x00000028   Code   RO         4778    CL$$btod_ediv       c_w.l(btod.o)
    0x08018466   0x00000028   Code   RO         4780    CL$$btod_edivd      c_w.l(btod.o)
    0x0801848e   0x00000028   Code   RO         4777    CL$$btod_emul       c_w.l(btod.o)
    0x080184b6   0x00000028   Code   RO         4779    CL$$btod_emuld      c_w.l(btod.o)
    0x080184de   0x00000244   Code   RO         4783    CL$$btod_mult_common  c_w.l(btod.o)
    0x08018722   0x00000002   PAD
    0x08018724   0x00000004   Code   RO         3993    SVC_TABLE           RTX_CM3.LIB(SVC_Table.o)
    0x08018728   0x00000054   Code   RO         3996    i.CheckJSect        FS_CM3.lib(fs_journal.o)
    0x0801877c   0x000000dc   Code   RO         3997    i.CheckJourn        FS_CM3.lib(fs_journal.o)
    0x08018858   0x00000078   Code   RO         3998    i.SetBuf            FS_CM3.lib(fs_journal.o)
    0x080188d0   0x000000a8   Code   RO         2584    i._ZN10c_stepMoto18intersection_stepsEjjfj  stepmoto.o
    0x08018978   0x00000048   Code   RO         1371    i._ZN24U8GLIB_ST7920_128X64_RRDC1Eh  u8glib_st7920_128x64_rrd.o
    0x080189c0   0x00000018   Code   RO         3016    i._ZN5c_lcd20menu_action_feedBackEv  lcd.o
    0x080189d8   0x00000024   Code   RO         2956    i._ZN6U8GLIB11drawBitmapPEhhhhPKh  lcd.o
    0x080189fc   0x0000000a   Code   RO         2962    i._ZN6U8GLIB11setPrintPosEhh  lcd.o
    0x08018a06   0x00000010   Code   RO         2986    i._ZN6U8GLIB13setColorIndexEh  lcd.o
    0x08018a16   0x0000001e   Code   RO         1391    i._ZN6U8GLIB5writeEPKc  u8glib_st7920_128x64_rrd.o
    0x08018a34   0x00000022   Code   RO         1385    i._ZN6U8GLIB5writeEh  u8glib_st7920_128x64_rrd.o
    0x08018a56   0x00000024   Code   RO         2998    i._ZN6U8GLIB7drawBoxEhhhh  lcd.o
    0x08018a7a   0x0000001c   Code   RO         2980    i._ZN6U8GLIB7drawStrEhhPKc  lcd.o
    0x08018a96   0x00000010   Code   RO         2968    i._ZN6U8GLIB7setFontEPKh  lcd.o
    0x08018aa6   0x0000000c   Code   RO         2974    i._ZN6U8GLIB8nextPageEv  lcd.o
    0x08018ab2   0x00000024   Code   RO         3010    i._ZN6U8GLIB9drawFrameEhhhh  lcd.o
    0x08018ad6   0x00000014   Code   RO         3004    i._ZN6U8GLIB9drawPixelEhh  lcd.o
    0x08018aea   0x00000022   Code   RO         2944    i._ZN6U8GLIB9firstPageEv  lcd.o
    0x08018b0c   0x00000006   Code   RO         2992    i._ZN6U8GLIB9getHeightEv  lcd.o
    0x08018b12   0x0000005a   Code   RO         1839    i._ZN6c_gpio13gpio_set_modeEP8gpio_devh13gpio_pin_mode  m_gpio.o
    0x08018b6c   0x00000004   Code   RO         2746    i._ZN6c_temp10setTarTempEi  gcode.o
    0x08018b70   0x00000006   Code   RO         2734    i._ZN6c_temp14getTemperatureEv  gcode.o
    0x08018b76   0x00000006   Code   RO         2728    i._ZN6c_temp17getTarTemperatureEv  gcode.o
    0x08018b7c   0x0000001c   Code   RO         2950    i._ZN6c_temp6isHeatEv  lcd.o
    0x08018b98   0x00000026   Code   RO         3132    i._ZN7c_commu14parseLongValueEPcPt  commu.o
    0x08018bbe   0x0000002e   Code   RO         3138    i._ZN7c_commu15parseFloatValueEPcPt  commu.o
    0x08018bec   0x00000014   Code   RO         2722    i._ZN7c_gcode3M25Ev  gcode.o
    0x08018c00   0x0000000c   Code   RO         2885    i._ZN7c_gcode9getCurPosEh  sdreader.o
    0x08018c0c   0x00000006   Code   RO         1934    i._ZN7c_timer11setOverflowEP9timer_devt  m_timer.o
    0x08018c12   0x00000016   Code   RO         1940    i._ZN7c_timer17setPrescaleFactorEP9timer_devj  m_timer.o
    0x08018c28   0x0000000e   Code   RO         2578    i._ZN7c_timer5pauseEP9timer_dev  stepmoto.o
    0x08018c36   0x0000000a   Code   RO         2740    i._ZSt3absf         gcode.o
    0x08018c40   0x0000000e   Code   RO         3022    i._ZSt3absl         lcd.o
    0x08018c4e   0x0000000c   Code   RO         2590    i._ZSt4sqrtf        stepmoto.o
    0x08018c5a   0x00000010   Code   RO         2752    i._ZSt5hypotff      gcode.o
    0x08018c6a   0x00000010   Code   RO         2891    i._ZSt6strchrPci    sdreader.o
    0x08018c7a   0x00000026   Code   RO         4585    i.__ARM_fpclassifyf  m_ws.l(fpclassifyf.o)
    0x08018ca0   0x00000010   Code   RO         4169    i.__cxa_guard_acquire  cpprt_w.l(cxa_guard_acquire.o)
    0x08018cb0   0x00000006   Code   RO         4166    i.__cxa_pure_virtual  cpprt_w.l(pure_virt.o)
    0x08018cb6   0x00000002   PAD
    0x08018cb8   0x00000010   Code   RO         4875    i.__mathlib_dbl_underflow  m_ws.l(dunder.o)
    0x08018cc8   0x0000000a   Code   RO         4587    i.__mathlib_flt_underflow  m_ws.l(funder.o)
    0x08018cd2   0x00000010   Code   RO         4819    i.__mathlib_narrow  m_ws.l(narrow.o)
    0x08018ce2   0x00000002   PAD
    0x08018ce4   0x00000158   Code   RO         4589    i.__mathlib_rredf2  m_ws.l(rredf.o)
    0x08018e3c   0x00000088   Code   RO         4820    i.__mathlib_tofloat  m_ws.l(narrow.o)
    0x08018ec4   0x00000016   Code   RO         4862    i.__support_ldexp   m_ws.l(ldexp.o)
    0x08018eda   0x00000002   PAD
    0x08018edc   0x00000054   Code   RO         3205    i.__sys_close       FS_CM3.lib(fs_sys.o)
    0x08018f30   0x00000048   Code   RO         3206    i.__sys_ensure      FS_CM3.lib(fs_sys.o)
    0x08018f78   0x00000040   Code   RO         3207    i.__sys_flen        FS_CM3.lib(fs_sys.o)
    0x08018fb8   0x000001c8   Code   RO         3208    i.__sys_open        FS_CM3.lib(fs_sys.o)
    0x08019180   0x00000060   Code   RO         3209    i.__sys_read        FS_CM3.lib(fs_sys.o)
    0x080191e0   0x00000048   Code   RO         3210    i.__sys_seek        FS_CM3.lib(fs_sys.o)
    0x08019228   0x00000058   Code   RO         3211    i.__sys_write       FS_CM3.lib(fs_sys.o)
    0x08019280   0x0000001e   Code   RO         3525    i._calloc_box       RTX_CM3.LIB(rt_membox.o)
    0x0801929e   0x00000046   Code   RO         3526    i._init_box         RTX_CM3.LIB(rt_membox.o)
    0x080192e4   0x0000000e   Code   RO         4724    i._is_digit         c_w.l(scanf_fp.o)
    0x080192f2   0x000000d8   Code   RO         3596    i.alloc_name        FS_CM3.lib(fs_fat.o)
    0x080193ca   0x0000004a   Code   RO         3597    i.alloc_new_clus    FS_CM3.lib(fs_fat.o)
    0x08019414   0x00000254   Code   RO         4352    i.atan2f            m_ws.l(atan2f.o)
    0x08019668   0x00000092   Code   RO         3598    i.cache_fat         FS_CM3.lib(fs_fat.o)
    0x080196fa   0x00000072   Code   RO         3599    i.check_lfn         FS_CM3.lib(fs_fat.o)
    0x0801976c   0x00000006   Code   RO         3600    i.check_name        FS_CM3.lib(fs_fat.o)
    0x08019772   0x00000002   PAD
    0x08019774   0x00000080   Code   RO         3601    i.chk_dir_empty     FS_CM3.lib(fs_fat.o)
    0x080197f4   0x0000003c   Code   RO         3602    i.clear_clus        FS_CM3.lib(fs_fat.o)
    0x08019830   0x00000024   Code   RO         3603    i.clus_to_sect      FS_CM3.lib(fs_fat.o)
    0x08019854   0x00000184   Code   RO         4360    i.cosf              m_ws.l(cosf.o)
    0x080199d8   0x0000010a   Code   RO         3604    i.count_free_clus   FS_CM3.lib(fs_fat.o)
    0x08019ae2   0x00000002   PAD
    0x08019ae4   0x00000100   Code   RO         3605    i.create_entry      FS_CM3.lib(fs_fat.o)
    0x08019be4   0x0000010c   Code   RO         3606    i.create_lfn_entry  FS_CM3.lib(fs_fat.o)
    0x08019cf0   0x00000188   Code   RO         3607    i.create_sfn_entry  FS_CM3.lib(fs_fat.o)
    0x08019e78   0x0000009e   Code   RO         3608    i.cvt_fatname       FS_CM3.lib(fs_fat.o)
    0x08019f16   0x00000002   PAD
    0x08019f18   0x00000030   Code   RO         3556    i.dbg_init          RTX_CM3.LIB(hal_cm3.o)
    0x08019f48   0x00000020   Code   RO         3557    i.dbg_task_notify   RTX_CM3.LIB(hal_cm3.o)
    0x08019f68   0x00000010   Code   RO         3558    i.dbg_task_switch   RTX_CM3.LIB(hal_cm3.o)
    0x08019f78   0x000000a0   Code   RO         3609    i.delete_entries    FS_CM3.lib(fs_fat.o)
    0x0801a018   0x0000003c   Code   RO         3793    i.delete_list_add   FS_CM3.lib(fs_fat_elink.o)
    0x0801a054   0x00000060   Code   RO         3794    i.delete_list_discon  FS_CM3.lib(fs_fat_elink.o)
    0x0801a0b4   0x00000084   Code   RO         3795    i.delete_list_get   FS_CM3.lib(fs_fat_elink.o)
    0x0801a138   0x00000050   Code   RO         3796    i.elink_alloc       FS_CM3.lib(fs_fat_elink.o)
    0x0801a188   0x0000001c   Code   RO         3797    i.elink_cmd         FS_CM3.lib(fs_fat_elink.o)
    0x0801a1a4   0x00000094   Code   RO         3798    i.elink_con         FS_CM3.lib(fs_fat_elink.o)
    0x0801a238   0x0000001c   Code   RO         3799    i.elink_delete      FS_CM3.lib(fs_fat_elink.o)
    0x0801a254   0x00000068   Code   RO         3800    i.elink_discon      FS_CM3.lib(fs_fat_elink.o)
    0x0801a2bc   0x00000068   Code   RO         3801    i.elink_drvId       FS_CM3.lib(fs_fat_elink.o)
    0x0801a324   0x00000090   Code   RO         3802    i.elink_flush       FS_CM3.lib(fs_fat_elink.o)
    0x0801a3b4   0x00000014   Code   RO         3803    i.elink_free        FS_CM3.lib(fs_fat_elink.o)
    0x0801a3c8   0x000000c4   Code   RO         3804    i.elink_init        FS_CM3.lib(fs_fat_elink.o)
    0x0801a48c   0x0000004c   Code   RO         3805    i.elink_init_path   FS_CM3.lib(fs_fat_elink.o)
    0x0801a4d8   0x0000009c   Code   RO         3806    i.elink_insert      FS_CM3.lib(fs_fat_elink.o)
    0x0801a574   0x00000030   Code   RO         3807    i.elink_prop        FS_CM3.lib(fs_fat_elink.o)
    0x0801a5a4   0x0000006c   Code   RO         3808    i.elink_scan        FS_CM3.lib(fs_fat_elink.o)
    0x0801a610   0x00000058   Code   RO         3809    i.elink_set         FS_CM3.lib(fs_fat_elink.o)
    0x0801a668   0x00000028   Code   RO         3810    i.elink_step_dir    FS_CM3.lib(fs_fat_elink.o)
    0x0801a690   0x00000034   Code   RO         3611    i.fat_crc32         FS_CM3.lib(fs_fat.o)
    0x0801a6c4   0x00000060   Code   RO         3612    i.fat_create        FS_CM3.lib(fs_fat.o)
    0x0801a724   0x000000b0   Code   RO         3613    i.fat_delete        FS_CM3.lib(fs_fat.o)
    0x0801a7d4   0x0000004e   Code   RO         3614    i.fat_ffind         FS_CM3.lib(fs_fat.o)
    0x0801a822   0x0000007c   Code   RO         3615    i.fat_find          FS_CM3.lib(fs_fat.o)
    0x0801a89e   0x0000008e   Code   RO         3616    i.fat_find_dir      FS_CM3.lib(fs_fat.o)
    0x0801a92c   0x00000152   Code   RO         3620    i.fat_init          FS_CM3.lib(fs_fat.o)
    0x0801aa7e   0x00000054   Code   RO         3621    i.fat_jour_init     FS_CM3.lib(fs_fat.o)
    0x0801aad2   0x00000002   PAD
    0x0801aad4   0x00000094   Code   RO         3622    i.fat_jour_prep     FS_CM3.lib(fs_fat.o)
    0x0801ab68   0x00000054   Code   RO         3623    i.fat_path_valid    FS_CM3.lib(fs_fat.o)
    0x0801abbc   0x000000b4   Code   RO         3624    i.fat_read          FS_CM3.lib(fs_fat.o)
    0x0801ac70   0x000000a6   Code   RO         3626    i.fat_seek          FS_CM3.lib(fs_fat.o)
    0x0801ad16   0x000000d8   Code   RO         3627    i.fat_wclose        FS_CM3.lib(fs_fat.o)
    0x0801adee   0x00000124   Code   RO         3628    i.fat_write         FS_CM3.lib(fs_fat.o)
    0x0801af12   0x00000002   PAD
    0x0801af14   0x00000080   Code   RO         3223    i.fdelete           FS_CM3.lib(fs_mapi.o)
    0x0801af94   0x000001c4   Code   RO         3224    i.ffind             FS_CM3.lib(fs_mapi.o)
    0x0801b158   0x00000018   Code   RO         4120    i.fgetc             c_w.l(fgetc.o)
    0x0801b170   0x00000022   Code   RO         3629    i.find_fn_elink     FS_CM3.lib(fs_fat.o)
    0x0801b192   0x00000006   Code   RO         3630    i.find_name         FS_CM3.lib(fs_fat.o)
    0x0801b198   0x0000007c   Code   RO         3227    i.finit             FS_CM3.lib(fs_mapi.o)
    0x0801b214   0x0000007c   Code   RO         4368    i.floorf            m_ws.l(floorf.o)
    0x0801b290   0x00000032   Code   RO         3631    i.frec_pos_comp     FS_CM3.lib(fs_fat.o)
    0x0801b2c2   0x00000056   Code   RO         3632    i.frec_pos_set      FS_CM3.lib(fs_fat.o)
    0x0801b318   0x00000034   Code   RO         3633    i.frec_read         FS_CM3.lib(fs_fat.o)
    0x0801b34c   0x00000058   Code   RO         4851    i.frexp             m_ws.l(frexp.o)
    0x0801b3a4   0x00000064   Code   RO         3229    i.fs_cfg_drv        FS_CM3.lib(fs_mapi.o)
    0x0801b408   0x0000002e   Code   RO         3776    i.fs_chk_media      FS_CM3.lib(fs_lib.o)
    0x0801b436   0x00000024   Code   RO         3777    i.fs_dir            FS_CM3.lib(fs_lib.o)
    0x0801b45a   0x00000002   PAD
    0x0801b45c   0x0000002c   Code   RO         3778    i.fs_find_drv       FS_CM3.lib(fs_lib.o)
    0x0801b488   0x00000038   Code   RO         3779    i.fs_find_iob       FS_CM3.lib(fs_lib.o)
    0x0801b4c0   0x00000008   Code   RO         4012    i.fs_get_date       FS_CM3.lib(fs_time.o)
    0x0801b4c8   0x00000006   Code   RO         4013    i.fs_get_time       FS_CM3.lib(fs_time.o)
    0x0801b4ce   0x00000002   PAD
    0x0801b4d0   0x00000054   Code   RO         3780    i.fs_lock           FS_CM3.lib(fs_lib.o)
    0x0801b524   0x00000078   Code   RO         3781    i.fs_map_drive      FS_CM3.lib(fs_lib.o)
    0x0801b59c   0x00000018   Code   RO         3783    i.fs_strpos         FS_CM3.lib(fs_lib.o)
    0x0801b5b4   0x0000002a   Code   RO         3999    i.fsj_init          FS_CM3.lib(fs_journal.o)
    0x0801b5de   0x00000018   Code   RO         4000    i.fsj_set_space     FS_CM3.lib(fs_journal.o)
    0x0801b5f6   0x000000b2   Code   RO         4001    i.fsj_write         FS_CM3.lib(fs_journal.o)
    0x0801b6a8   0x00000094   Code   RO         3230    i.funinit           FS_CM3.lib(fs_mapi.o)
    0x0801b73c   0x00000024   Code   RO         3634    i.get_EOC           FS_CM3.lib(fs_fat.o)
    0x0801b760   0x00000024   Code   RO         3635    i.get_RSVD          FS_CM3.lib(fs_fat.o)
    0x0801b784   0x000000b0   Code   RO         3636    i.get_bootrec       FS_CM3.lib(fs_fat.o)
    0x0801b834   0x0000002e   Code   RO         3637    i.get_date          FS_CM3.lib(fs_fat.o)
    0x0801b862   0x0000002c   Code   RO         3638    i.get_dir_name      FS_CM3.lib(fs_fat.o)
    0x0801b88e   0x00000066   Code   RO         3639    i.get_elink_dat     FS_CM3.lib(fs_fat.o)
    0x0801b8f4   0x00000032   Code   RO         3640    i.get_fat_sect      FS_CM3.lib(fs_fat.o)
    0x0801b926   0x00000018   Code   RO         3641    i.get_fen_val       FS_CM3.lib(fs_fat.o)
    0x0801b93e   0x00000002   PAD
    0x0801b940   0x000000dc   Code   RO         3642    i.get_free_clus     FS_CM3.lib(fs_fat.o)
    0x0801ba1c   0x00000080   Code   RO         3643    i.get_fsinfo        FS_CM3.lib(fs_fat.o)
    0x0801ba9c   0x00000198   Code   RO         3644    i.get_next_info     FS_CM3.lib(fs_fat.o)
    0x0801bc34   0x00000190   Code   RO         3645    i.get_nt_name       FS_CM3.lib(fs_fat.o)
    0x0801bdc4   0x0000002e   Code   RO         3647    i.get_time          FS_CM3.lib(fs_fat.o)
    0x0801bdf2   0x0000000a   Code   RO         3648    i.get_u16           FS_CM3.lib(fs_fat.o)
    0x0801bdfc   0x00000016   Code   RO         3649    i.get_u32           FS_CM3.lib(fs_fat.o)
    0x0801be12   0x00000016   Code   RO         4002    i.get_u32           FS_CM3.lib(fs_journal.o)
    0x0801be28   0x000001d4   Code   RO         4372    i.hypotf            m_ws.l(hypotf.o)
    0x0801bffc   0x000000d2   Code   RO         3232    i.init_drv          FS_CM3.lib(fs_mapi.o)
    0x0801c0ce   0x00000016   Code   RO         3650    i.init_elink_path   FS_CM3.lib(fs_fat.o)
    0x0801c0e4   0x00000038   Code   RO         3651    i.is_EOC            FS_CM3.lib(fs_fat.o)
    0x0801c11c   0x00000010   Code   RO         3432    i.isr_sem_send      RTX_CM3.LIB(rt_semaphore.o)
    0x0801c12c   0x00000036   Code   RO         3652    i.j_chk_rsvd        FS_CM3.lib(fs_fat.o)
    0x0801c162   0x0000000a   Code   RO         3653    i.j_clus_cnt        FS_CM3.lib(fs_fat.o)
    0x0801c16c   0x00000082   Code   RO         3654    i.j_find_reg        FS_CM3.lib(fs_fat.o)
    0x0801c1ee   0x00000002   PAD
    0x0801c1f0   0x000000a8   Code   RO         3655    i.j_find_rsvd       FS_CM3.lib(fs_fat.o)
    0x0801c298   0x00000082   Code   RO         3656    i.j_init_fats       FS_CM3.lib(fs_fat.o)
    0x0801c31a   0x00000010   Code   RO         3657    i.j_low_boundary    FS_CM3.lib(fs_fat.o)
    0x0801c32a   0x0000003a   Code   RO         3658    i.j_mark_rsvd       FS_CM3.lib(fs_fat.o)
    0x0801c364   0x00000028   Code   RO         3659    i.j_rep_space       FS_CM3.lib(fs_fat.o)
    0x0801c38c   0x0000007e   Code   RO         4863    i.ldexp             m_ws.l(ldexp.o)
    0x0801c40a   0x0000001e   Code   RO         3660    i.lfn_calc_chksum   FS_CM3.lib(fs_fat.o)
    0x0801c428   0x00000092   Code   RO         4399    i.lroundf           m_ws.l(lroundf.o)
    0x0801c4ba   0x00000024   Code   RO         3250    i.mmc_DevCtrl       FS_CM3.lib(fs_mmc.o)
    0x0801c4de   0x00000212   Code   RO         3251    i.mmc_Init          FS_CM3.lib(fs_mmc.o)
    0x0801c6f0   0x0000005e   Code   RO         3252    i.mmc_ReadInfo      FS_CM3.lib(fs_mmc.o)
    0x0801c74e   0x00000002   PAD
    0x0801c750   0x00000058   Code   RO         3253    i.mmc_ReadSector    FS_CM3.lib(fs_mmc.o)
    0x0801c7a8   0x00000018   Code   RO         3254    i.mmc_UnInit        FS_CM3.lib(fs_mmc.o)
    0x0801c7c0   0x0000005c   Code   RO         3255    i.mmc_WriteSector   FS_CM3.lib(fs_mmc.o)
    0x0801c81c   0x000000a2   Code   RO         3256    i.mmc_command       FS_CM3.lib(fs_mmc.o)
    0x0801c8be   0x00000086   Code   RO         3257    i.mmc_fill_cid      FS_CM3.lib(fs_mmc.o)
    0x0801c944   0x00000070   Code   RO         3258    i.mmc_read_block    FS_CM3.lib(fs_mmc.o)
    0x0801c9b4   0x0000003c   Code   RO         3259    i.mmc_read_cid      FS_CM3.lib(fs_mmc.o)
    0x0801c9f0   0x000000dc   Code   RO         3260    i.mmc_read_csd      FS_CM3.lib(fs_mmc.o)
    0x0801cacc   0x00000050   Code   RO         3261    i.mmc_read_info     FS_CM3.lib(fs_mmc.o)
    0x0801cb1c   0x00000094   Code   RO         3262    i.mmc_write_block   FS_CM3.lib(fs_mmc.o)
    0x0801cbb0   0x00000008   Code   RO         3661    i.name_hash         FS_CM3.lib(fs_fat.o)
    0x0801cbb8   0x00000028   Code   RO         3831    i.os_tick_init      RTX_CM3.LIB(rt_system.o)
    0x0801cbe0   0x00000002   Code   RO         3832    i.os_tick_irqack    RTX_CM3.LIB(rt_system.o)
    0x0801cbe2   0x0000007a   Code   RO         3662    i.read_cache        FS_CM3.lib(fs_fat.o)
    0x0801cc5c   0x00000036   Code   RO         3664    i.read_last_entry   FS_CM3.lib(fs_fat.o)
    0x0801cc92   0x00000052   Code   RO         3665    i.read_sector       FS_CM3.lib(fs_fat.o)
    0x0801cce4   0x0000001a   Code   RO         3527    i.rt_alloc_box      RTX_CM3.LIB(rt_membox.o)
    0x0801ccfe   0x00000002   PAD
    0x0801cd00   0x00000038   Code   RO         3277    i.rt_block          RTX_CM3.LIB(rt_task.o)
    0x0801cd38   0x00000074   Code   RO         3914    i.rt_dec_dly        RTX_CM3.LIB(rt_list.o)
    0x0801cdac   0x00000044   Code   RO         3278    i.rt_dispatch       RTX_CM3.LIB(rt_task.o)
    0x0801cdf0   0x00000006   Code   RO         3468    i.rt_dly_wait       RTX_CM3.LIB(rt_time.o)
    0x0801cdf6   0x00000002   PAD
    0x0801cdf8   0x0000004c   Code   RO         4019    i.rt_evt_psh        RTX_CM3.LIB(rt_event.o)
    0x0801ce44   0x00000020   Code   RO         3528    i.rt_free_box       RTX_CM3.LIB(rt_membox.o)
    0x0801ce64   0x00000028   Code   RO         3915    i.rt_get_first      RTX_CM3.LIB(rt_list.o)
    0x0801ce8c   0x00000044   Code   RO         3279    i.rt_init_context   RTX_CM3.LIB(rt_task.o)
    0x0801ced0   0x00000050   Code   RO         3559    i.rt_init_stack     RTX_CM3.LIB(hal_cm3.o)
    0x0801cf20   0x0000001a   Code   RO         3379    i.rt_mbx_init       RTX_CM3.LIB(rt_mailbox.o)
    0x0801cf3a   0x00000002   PAD
    0x0801cf3c   0x000000c0   Code   RO         3380    i.rt_mbx_psh        RTX_CM3.LIB(rt_mailbox.o)
    0x0801cffc   0x000000a0   Code   RO         3381    i.rt_mbx_send       RTX_CM3.LIB(rt_mailbox.o)
    0x0801d09c   0x000000b8   Code   RO         3382    i.rt_mbx_wait       RTX_CM3.LIB(rt_mailbox.o)
    0x0801d154   0x00000010   Code   RO         3501    i.rt_mut_init       RTX_CM3.LIB(rt_mutex.o)
    0x0801d164   0x000000ac   Code   RO         3502    i.rt_mut_release    RTX_CM3.LIB(rt_mutex.o)
    0x0801d210   0x00000064   Code   RO         3503    i.rt_mut_wait       RTX_CM3.LIB(rt_mutex.o)
    0x0801d274   0x00000078   Code   RO         3833    i.rt_pop_req        RTX_CM3.LIB(rt_system.o)
    0x0801d2ec   0x00000020   Code   RO         3834    i.rt_psh_req        RTX_CM3.LIB(rt_system.o)
    0x0801d30c   0x00000058   Code   RO         3917    i.rt_psq_enq        RTX_CM3.LIB(rt_list.o)
    0x0801d364   0x00000048   Code   RO         3918    i.rt_put_dly        RTX_CM3.LIB(rt_list.o)
    0x0801d3ac   0x00000036   Code   RO         3919    i.rt_put_prio       RTX_CM3.LIB(rt_list.o)
    0x0801d3e2   0x00000002   PAD
    0x0801d3e4   0x00000014   Code   RO         3920    i.rt_put_rdy_first  RTX_CM3.LIB(rt_list.o)
    0x0801d3f8   0x00000034   Code   RO         3921    i.rt_resort_prio    RTX_CM3.LIB(rt_list.o)
    0x0801d42c   0x00000028   Code   RO         3922    i.rt_rmv_dly        RTX_CM3.LIB(rt_list.o)
    0x0801d454   0x00000030   Code   RO         3923    i.rt_rmv_list       RTX_CM3.LIB(rt_list.o)
    0x0801d484   0x0000000c   Code   RO         3433    i.rt_sem_init       RTX_CM3.LIB(rt_semaphore.o)
    0x0801d490   0x00000034   Code   RO         3434    i.rt_sem_psh        RTX_CM3.LIB(rt_semaphore.o)
    0x0801d4c4   0x00000038   Code   RO         3435    i.rt_sem_send       RTX_CM3.LIB(rt_semaphore.o)
    0x0801d4fc   0x0000003c   Code   RO         3436    i.rt_sem_wait       RTX_CM3.LIB(rt_semaphore.o)
    0x0801d538   0x00000024   Code   RO         3836    i.rt_stk_check      RTX_CM3.LIB(rt_system.o)
    0x0801d55c   0x00000028   Code   RO         3280    i.rt_switch_req     RTX_CM3.LIB(rt_task.o)
    0x0801d584   0x00000158   Code   RO         3281    i.rt_sys_init       RTX_CM3.LIB(rt_task.o)
    0x0801d6dc   0x0000003c   Code   RO         3838    i.rt_systick        RTX_CM3.LIB(rt_system.o)
    0x0801d718   0x0000000c   Code   RO         3471    i.rt_time_get       RTX_CM3.LIB(rt_time.o)
    0x0801d724   0x00000040   Code   RO         4060    i.rt_tmr_tick       RTX_CM3.LIB(rt_timer.o)
    0x0801d764   0x00000094   Code   RO         3282    i.rt_tsk_create     RTX_CM3.LIB(rt_task.o)
    0x0801d7f8   0x000000bc   Code   RO         3283    i.rt_tsk_delete     RTX_CM3.LIB(rt_task.o)
    0x0801d8b4   0x00000010   Code   RO         3286    i.rt_tsk_self       RTX_CM3.LIB(rt_task.o)
    0x0801d8c4   0x000002b4   Code   RO         3666    i.search_for_name   FS_CM3.lib(fs_fat.o)
    0x0801db78   0x00000094   Code   RO         3667    i.set_next_clus     FS_CM3.lib(fs_fat.o)
    0x0801dc0c   0x0000000e   Code   RO         3668    i.set_root_clus     FS_CM3.lib(fs_fat.o)
    0x0801dc1a   0x00000008   Code   RO         3669    i.set_u16           FS_CM3.lib(fs_fat.o)
    0x0801dc22   0x00000010   Code   RO         3670    i.set_u32           FS_CM3.lib(fs_fat.o)
    0x0801dc32   0x00000010   Code   RO         4003    i.set_u32           FS_CM3.lib(fs_journal.o)
    0x0801dc42   0x00000052   Code   RO         3671    i.short_ent_hash    FS_CM3.lib(fs_fat.o)
    0x0801dc94   0x0000018c   Code   RO         4380    i.sinf              m_ws.l(sinf.o)
    0x0801de20   0x0000002c   Code   RO         4388    i.sqrtf             m_ws.l(sqrtf.o)
    0x0801de4c   0x0000001c   Code   RO         4396    i.strtod            m_ws.l(strtod.o)
    0x0801de68   0x00000038   Code   RO         3672    i.switch_fat        FS_CM3.lib(fs_fat.o)
    0x0801dea0   0x00000050   Code   RO         3233    i.uninit_drv        FS_CM3.lib(fs_mapi.o)
    0x0801def0   0x00000138   Code   RO         3673    i.unlink_clus_chain  FS_CM3.lib(fs_fat.o)
    0x0801e028   0x00000060   Code   RO         3674    i.val_ch            FS_CM3.lib(fs_fat.o)
    0x0801e088   0x00000014   Code   RO         3675    i.val_char          FS_CM3.lib(fs_fat.o)
    0x0801e09c   0x000000ae   Code   RO         3677    i.write_cache       FS_CM3.lib(fs_fat.o)
    0x0801e14a   0x00000002   PAD
    0x0801e14c   0x00000118   Code   RO         3678    i.write_dot_entries  FS_CM3.lib(fs_fat.o)
    0x0801e264   0x000000e8   Code   RO         3679    i.write_fat_link    FS_CM3.lib(fs_fat.o)
    0x0801e34c   0x00000068   Code   RO         3680    i.write_fsinfo      FS_CM3.lib(fs_fat.o)
    0x0801e3b4   0x0000004a   Code   RO         3682    i.write_last_entry  FS_CM3.lib(fs_fat.o)
    0x0801e3fe   0x00000030   Code   RO         3684    i.write_sector      FS_CM3.lib(fs_fat.o)
    0x0801e42e   0x00000002   PAD
    0x0801e430   0x0000002c   Code   RO         4672    locale$$code        c_w.l(lc_ctype_c.o)
    0x0801e45c   0x0000002c   Code   RO         4675    locale$$code        c_w.l(lc_numeric_c.o)
    0x0801e488   0x00000062   Code   RO         4275    x$fpl$d2f           fz_ws.l(d2f.o)
    0x0801e4ea   0x00000002   PAD
    0x0801e4ec   0x00000150   Code   RO         4277    x$fpl$dadd          fz_ws.l(daddsub_clz.o)
    0x0801e63c   0x00000010   Code   RO         4873    x$fpl$dcheck1       fz_ws.l(dcheck1.o)
    0x0801e64c   0x00000018   Code   RO         4566    x$fpl$dcmpinf       fz_ws.l(dcmpi.o)
    0x0801e664   0x000002b0   Code   RO         4284    x$fpl$ddiv          fz_ws.l(ddiv.o)
    0x0801e914   0x00000078   Code   RO         4287    x$fpl$deqf          fz_ws.l(deqf.o)
    0x0801e98c   0x0000005e   Code   RO         4289    x$fpl$dfix          fz_ws.l(dfix.o)
    0x0801e9ea   0x00000002   PAD
    0x0801e9ec   0x0000005a   Code   RO         4297    x$fpl$dfixu         fz_ws.l(dfixu.o)
    0x0801ea46   0x0000002e   Code   RO         4302    x$fpl$dflt          fz_ws.l(dflt_clz.o)
    0x0801ea74   0x000000a2   Code   RO         4307    x$fpl$dfltll        fz_ws.l(dfltll_clz.o)
    0x0801eb16   0x00000026   Code   RO         4301    x$fpl$dfltu         fz_ws.l(dflt_clz.o)
    0x0801eb3c   0x00000078   Code   RO         4311    x$fpl$dleqf         fz_ws.l(dleqf.o)
    0x0801ebb4   0x00000154   Code   RO         4313    x$fpl$dmul          fz_ws.l(dmul.o)
    0x0801ed08   0x0000009c   Code   RO         4568    x$fpl$dnaninf       fz_ws.l(dnaninf.o)
    0x0801eda4   0x0000000c   Code   RO         4570    x$fpl$dretinf       fz_ws.l(dretinf.o)
    0x0801edb0   0x0000006c   Code   RO         4315    x$fpl$drleqf        fz_ws.l(drleqf.o)
    0x0801ee1c   0x00000016   Code   RO         4278    x$fpl$drsb          fz_ws.l(daddsub_clz.o)
    0x0801ee32   0x00000002   PAD
    0x0801ee34   0x000001d4   Code   RO         4279    x$fpl$dsub          fz_ws.l(daddsub_clz.o)
    0x0801f008   0x00000056   Code   RO         4317    x$fpl$f2d           fz_ws.l(f2d.o)
    0x0801f05e   0x00000002   PAD
    0x0801f060   0x000000c4   Code   RO         4319    x$fpl$fadd          fz_ws.l(faddsub_clz.o)
    0x0801f124   0x0000000c   Code   RO         4706    x$fpl$fcheck1       fz_ws.l(fcheck1.o)
    0x0801f130   0x00000018   Code   RO         4572    x$fpl$fcmpinf       fz_ws.l(fcmpi.o)
    0x0801f148   0x00000184   Code   RO         4326    x$fpl$fdiv          fz_ws.l(fdiv.o)
    0x0801f2cc   0x00000068   Code   RO         4329    x$fpl$feqf          fz_ws.l(feqf.o)
    0x0801f334   0x00000036   Code   RO         4331    x$fpl$ffix          fz_ws.l(ffix.o)
    0x0801f36a   0x00000002   PAD
    0x0801f36c   0x00000052   Code   RO         4332    x$fpl$ffixr         fz_ws.l(ffix.o)
    0x0801f3be   0x00000002   PAD
    0x0801f3c0   0x0000003e   Code   RO         4335    x$fpl$ffixu         fz_ws.l(ffixu.o)
    0x0801f3fe   0x00000002   PAD
    0x0801f400   0x00000030   Code   RO         4340    x$fpl$fflt          fz_ws.l(fflt_clz.o)
    0x0801f430   0x00000026   Code   RO         4339    x$fpl$ffltu         fz_ws.l(fflt_clz.o)
    0x0801f456   0x00000002   PAD
    0x0801f458   0x00000068   Code   RO         4345    x$fpl$fleqf         fz_ws.l(fleqf.o)
    0x0801f4c0   0x00000102   Code   RO         4347    x$fpl$fmul          fz_ws.l(fmul.o)
    0x0801f5c2   0x0000008c   Code   RO         4574    x$fpl$fnaninf       fz_ws.l(fnaninf.o)
    0x0801f64e   0x0000000a   Code   RO         4576    x$fpl$fretinf       fz_ws.l(fretinf.o)
    0x0801f658   0x00000062   Code   RO         4349    x$fpl$frleqf        fz_ws.l(frleqf.o)
    0x0801f6ba   0x00000002   PAD
    0x0801f6bc   0x00000060   Code   RO         4578    x$fpl$frnd          fz_ws.l(frnd.o)
    0x0801f71c   0x00000014   Code   RO         4320    x$fpl$frsb          fz_ws.l(faddsub_clz.o)
    0x0801f730   0x00000110   Code   RO         4580    x$fpl$fsqrt         fz_ws.l(fsqrt.o)
    0x0801f840   0x000000ea   Code   RO         4321    x$fpl$fsub          fz_ws.l(faddsub_clz.o)
    0x0801f92a   0x00000002   PAD
    0x0801f92c   0x000000c2   Code   RO         4293    x$fpl$llsfromd      fz_ws.l(dfixll.o)
    0x0801f9ee   0x00000064   Code   RO         4765    x$fpl$retnan        fz_ws.l(retnan.o)
    0x0801fa52   0x0000005c   Code   RO         4859    x$fpl$scalbn        fz_ws.l(scalbn.o)
    0x0801faae   0x0000004c   Code   RO         4582    x$fpl$scalbnf       fz_ws.l(scalbnf.o)
    0x0801fafa   0x00000004   Code   RO         4710    x$fpl$scanf1        fz_ws.l(scanf1.o)
    0x0801fafe   0x00000008   Code   RO         4811    x$fpl$scanf2        fz_ws.l(scanf2.o)
    0x0801fb06   0x00000030   Code   RO         4817    x$fpl$trapveneer    fz_ws.l(trapv.o)
    0x0801fb36   0x00000000   Code   RO         4584    x$fpl$usenofp       fz_ws.l(usenofp.o)
    0x0801fb36   0x00000002   PAD
    0x0801fb38   0x00000020   Data   RO         1440    .constdata          spi_stm32f103.o
    0x0801fb58   0x00000014   Data   RO         1473    .constdata          retarget.o
    0x0801fb6c   0x00000030   Data   RO         1505    .constdata          file_config.o
    0x0801fb9c   0x000002f0   Data   RO         1887    .constdata          m_pins.o
    0x0801fe8c   0x00000070   Data   RO         1980    .constdata          m_rcc.o
    0x0801fefc   0x00000130   Data   RO         2237    .constdata          m_usbserial.o
    0x0802002c   0x0000014a   Data   RO         2658    .constdata          temperature.o
    0x08020176   0x00000002   PAD
    0x08020178   0x0000059a   Data   RO         2925    .constdata          lcd.o
    0x08020712   0x00000002   PAD
    0x08020714   0x00000028   Data   RO         3185    .constdata          rtx_conf_cm.o
    0x0802073c   0x00000010   Data   RO         3263    .constdata          FS_CM3.lib(fs_mmc.o)
    0x0802074c   0x000004ac   Data   RO         3685    .constdata          FS_CM3.lib(fs_fat.o)
    0x08020bf8   0x00000020   Data   RO         4590    .constdata          m_ws.l(rredf.o)
    0x08020c18   0x00000094   Data   RO         4772    .constdata          c_w.l(bigflt0.o)
    0x08020cac   0x00000014   Data   RO         1380    .constdata__ZTV24U8GLIB_ST7920_128X64_RRD  u8glib_st7920_128x64_rrd.o
    0x08020cc0   0x00000014   Data   RO         2064    .constdata__ZTV5Print  m_print.o
    0x08020cd4   0x00000014   Data   RO         1378    .constdata__ZTV6U8GLIB  u8glib_st7920_128x64_rrd.o
    0x08020ce8   0x00000018   Data   RO         2116    .constdata__ZTV6serial  m_serial.o
    0x08020d00   0x00000014   Data   RO         2257    .constdata__ZTV9usbSerial  m_usbserial.o
    0x08020d14   0x00000a39   Data   RO         2927    .progmem.u8g_font_6x10_marlin  lcd.o
    0x0802174d   0x00000003   PAD
    0x08021750   0x00000020   Data   RO         4878    Region$$Table       anon$$obj.o
    0x08021770   0x00000008   Data   RO         4806    c$$dinf             fz_ws.l(fpconst.o)
    0x08021778   0x00000110   Data   RO         4671    locale$$data        c_w.l(lc_ctype_c.o)
    0x08021888   0x0000001c   Data   RO         4674    locale$$data        c_w.l(lc_numeric_c.o)
    0x080218a4   0x00000004   Data   RO         1354    .init_array         u8glib_st7920_128x64_rrd.o
    0x080218a8   0x00000004   Data   RO         1626    .init_array         m_adc.o
    0x080218ac   0x00000004   Data   RO         1823    .init_array         m_gpio.o
    0x080218b0   0x00000004   Data   RO         1917    .init_array         m_timer.o
    0x080218b4   0x00000004   Data   RO         1982    .init_array         m_rcc.o
    0x080218b8   0x00000004   Data   RO         2097    .init_array         m_serial.o
    0x080218bc   0x00000004   Data   RO         2142    .init_array         m_usb.o
    0x080218c0   0x00000004   Data   RO         2239    .init_array         m_usbserial.o
    0x080218c4   0x00000004   Data   RO         2288    .init_array         m_mapleinit.o
    0x080218c8   0x00000004   Data   RO         2561    .init_array         stepmoto.o
    0x080218cc   0x00000004   Data   RO         2660    .init_array         temperature.o
    0x080218d0   0x00000004   Data   RO         2705    .init_array         gcode.o
    0x080218d4   0x00000004   Data   RO         3115    .init_array         commu.o
    0x080218d8   0x0001d728   PAD
    0x0803f000   0x00000188   Data   RO         2837    .ARM.__AT_0x0803F000  eeprom.o


    Execution Region RW_IRAM1 (Base: 0x20000000, Size: 0x00008288, Max: 0x0000c000, ABSOLUTE, COMPRESSED[0x000001ac])

    Base Addr    Size         Type   Attr      Idx    E Section Name        Object

    0x20000000   0x00000014   Data   RW            4    .data               system_stm32f10x.o
    0x20000014   0x00000004   Data   RW          153    .data               usb_core.o
    0x20000018   0x00000014   Data   RW          181    .data               usb_init.o
    0x2000002c   0x00000004   Data   RW          215    .data               usb_int.o
    0x20000030   0x00000018   Data   RW         1353    .data               u8glib_st7920_128x64_rrd.o
    0x20000048   0x00000014   Data   RW         1529    .data               stm32f10x_rcc.o
    0x2000005c   0x00000010   Data   RW         1625    .data               m_adc.o
    0x2000006c   0x00000021   Data   RW         1822    .data               m_gpio.o
    0x2000008d   0x00000003   PAD
    0x20000090   0x000000b5   Data   RW         1916    .data               m_timer.o
    0x20000145   0x00000001   Data   RW         1981    .data               m_rcc.o
    0x20000146   0x00000025   Data   RW         2048    .data               m_print.o
    0x2000016b   0x00000001   PAD
    0x2000016c   0x00000020   Data   RW         2096    .data               m_serial.o
    0x2000018c   0x00000010   Data   RW         2141    .data               m_usb.o
    0x2000019c   0x00000004   Data   RW         2197    .data               m_sysconf.o
    0x200001a0   0x00000090   Data   RW         2238    .data               m_usbserial.o
    0x20000230   0x00000001   Data   RW         2317    .data               m_nvic.o
    0x20000231   0x00000001   Data   RW         2350    .data               m_eep.o
    0x20000232   0x00000001   Data   RW         2383    .data               m_spi.o
    0x20000233   0x00000001   PAD
    0x20000234   0x00000081   Data   RW         2414    .data               m_exti.o
    0x200002b5   0x00000003   PAD
    0x200002b8   0x0000001a   Data   RW         2511    .data               main.o
    0x200002d2   0x00000002   PAD
    0x200002d4   0x00000114   Data   RW         2560    .data               stepmoto.o
    0x200003e8   0x00000060   Data   RW         2659    .data               temperature.o
    0x20000448   0x00000008   Data   RW         2704    .data               gcode.o
    0x20000450   0x00000014   Data   RW         2926    .data               lcd.o
    0x20000464   0x00000010   Data   RW         3114    .data               commu.o
    0x20000474   0x0000000c   Data   RW         3186    .data               rtx_conf_cm.o
    0x20000480   0x00000001   Data   RW         3234    .data               FS_CM3.lib(fs_mapi.o)
    0x20000481   0x00000003   PAD
    0x20000484   0x00000008   Data   RW         3288    .data               RTX_CM3.LIB(rt_task.o)
    0x2000048c   0x00000004   Data   RW         3472    .data               RTX_CM3.LIB(rt_time.o)
    0x20000490   0x00000001   Data   RW         3560    .data               RTX_CM3.LIB(hal_cm3.o)
    0x20000491   0x00000003   PAD
    0x20000494   0x00000008   Data   RW         3811    .data               FS_CM3.lib(fs_fat_elink.o)
    0x2000049c   0x00000008   Data   RW         3841    .data               RTX_CM3.LIB(rt_system.o)
    0x200004a4   0x00000008   Data   RW         4061    .data               RTX_CM3.LIB(rt_timer.o)
    0x200004ac   0x00000004   Data   RW         4125    .data               c_w.l(streamlock.o)
    0x200004b0   0x00000004   Data   RW         4500    .data               c_w.l(stdio_streams.o)
    0x200004b4   0x00000004   Data   RW         4501    .data               c_w.l(stdio_streams.o)
    0x200004b8   0x00000004   Data   RW         4502    .data               c_w.l(stdio_streams.o)
    0x200004bc   0x0000001c   Zero   RW          180    .bss                usb_init.o
    0x200004d8   0x00000250   Zero   RW         1352    .bss                u8glib_st7920_128x64_rrd.o
    0x20000728   0x000011b0   Zero   RW         1504    .bss                file_config.o
    0x200018d8   0x000000c4   Zero   RW         1624    .bss                m_adc.o
    0x2000199c   0x000000e0   Zero   RW         2095    .bss                m_serial.o
    0x20001a7c   0x0000008c   Zero   RW         2140    .bss                m_usb.o
    0x20001b08   0x000001f8   Zero   RW         2236    .bss                m_usbserial.o
    0x20001d00   0x00001400   Zero   RW         2510    .bss                main.o
    0x20003100   0x0000074c   Zero   RW         2559    .bss                stepmoto.o
    0x2000384c   0x00000084   Zero   RW         2657    .bss                temperature.o
    0x200038d0   0x00000128   Zero   RW         2703    .bss                gcode.o
    0x200039f8   0x00000188   Zero   RW         2839    .bss                eeprom.o
    0x20003b80   0x00000180   Zero   RW         2868    .bss                sdreader.o
    0x20003d00   0x0000008c   Zero   RW         2924    .bss                lcd.o
    0x20003d8c   0x00001a6c   Zero   RW         3113    .bss                commu.o
    0x200057f8   0x000018d0   Zero   RW         3184    .bss                rtx_conf_cm.o
    0x200070c8   0x00000030   Zero   RW         3287    .bss                RTX_CM3.LIB(rt_task.o)
    0x200070f8   0x00000030   Zero   RW         3924    .bss                RTX_CM3.LIB(rt_list.o)
    0x20007128   0x00000060   Zero   RW         4109    .bss                c_w.l(libspace.o)
    0x20007188   0x00000054   Zero   RW         4497    .bss                c_w.l(stdio_streams.o)
    0x200071dc   0x00000054   Zero   RW         4498    .bss                c_w.l(stdio_streams.o)
    0x20007230   0x00000054   Zero   RW         4499    .bss                c_w.l(stdio_streams.o)
    0x20007284   0x00000004   PAD
    0x20007288   0x00000800   Zero   RW           50    HEAP                startup_stm32f10x_hd.o
    0x20007a88   0x00000800   Zero   RW           49    STACK               startup_stm32f10x_hd.o



  Load Region LR$$.ARM.__AT_0x0803F800 (Base: 0x0803f800, Size: 0x00000800, Max: 0x00000800, ABSOLUTE)

    Execution Region ER$$.ARM.__AT_0x0803F800 (Base: 0x0803f800, Size: 0x00000800, Max: 0x00000800, ABSOLUTE, UNINIT)

    Base Addr    Size         Type   Attr      Idx    E Section Name        Object

    0x0803f800   0x00000800   Data   RO         2838    .ARM.__AT_0x0803F800  eeprom.o


==============================================================================

Image component sizes


      Code (inc. data)   RO Data    RW Data    ZI Data      Debug   Object Name

      3132        196          4         16       6764      15277   commu.o
         0          0       2440          0        392       4950   eeprom.o
       164         22         48          0       4528       5586   file_config.o
      7118        514          4          8        296      27780   gcode.o
     37566       2836       4051         20        140     116323   lcd.o
       820         32          4         16        196     246261   m_adc.o
       368         26          0          1          0       3710   m_eep.o
       748         26          0        129          0       5047   m_exti.o
       694         42          4         33          0      15790   m_gpio.o
        92         32          4          0          0        531   m_mapleinit.o
       180         16          0          1          0       2671   m_nvic.o
         0          0        752          0          0       2878   m_pins.o
      1876         46         20         37          0      10366   m_print.o
       316         18        116          1          0       4578   m_rcc.o
       632         28         28         32        224       4963   m_serial.o
       336         20          0          1          0       2776   m_spi.o
        48          0          0          4          0       3138   m_sysconf.o
      1208         38          4        181          0      14250   m_timer.o
      1512         98          4         16        140      15651   m_usb.o
      1076         58        328        144        504      11222   m_usbserial.o
      1332        198          0         26       5120       5516   main.o
       292         26         20          0          0      10929   retarget.o
       184         30         40         12       6352       2870   rtx_conf_cm.o
      1508        276          0          0        384      12851   sdreader.o
       328         14         32          0          0      10363   spi_stm32f103.o
        76         28        304          0       4096       1016   startup_stm32f10x_hd.o
      7682        328          4        276       1868      27348   stepmoto.o
       592          8          0          0          0      14334   stm32f10x_dma.o
       932         44          0         20          0      17720   stm32f10x_rcc.o
      1032         22          0          0          0      14588   stm32f10x_usart.o
       476         36          0         20          0     209047   system_stm32f10x.o
      2564        298        334         96        132       7113   temperature.o
       608          0          0          0          0       3655   u8g_bitmap.o
       740          0          0          0          0       2840   u8g_circle.o
       182          0          0          0          0      34793   u8g_clip.o
       408          0          0          0          0       3348   u8g_com_api.o
        38          8          0          0          0        634   u8g_com_null.o
      3606          0          0          0          0      22868   u8g_font.o
      1240          6          0          0          0      10134   u8g_ll_api.o
        96          0          0          0          0       1385   u8g_page.o
       296          0          0          0          0       2695   u8g_pb.o
       518          0          0          0          0       2932   u8g_pb32h1.o
      1074          0          0          0          0       3875   u8g_rect.o
        16          0          0          0          0        711   u8g_state.o
         0          0          0          0          0      50420   u8glib.o
       748         32         44         24        592      35378   u8glib_st7920_128x64_rrd.o
      2808        104          0          4          0       8231   usb_core.o
        60         24          0         20         28       4242   usb_init.o
       772         30          0          4          0       2019   usb_int.o
        92          6          0          0          0       1554   usb_mem.o
      1936         16          0          0          0      11693   usb_regs.o
       128          8          0          0          0      22678   usb_sil.o

    ----------------------------------------------------------------------
     90254       5590     129244       1152      31756    1073528   Object Totals
         0          0         32          0          0          0   (incl. Generated)
         4          0     120623         10          0          0   (incl. Padding)

    ----------------------------------------------------------------------

      Code (inc. data)   RO Data    RW Data    ZI Data      Debug   Library Member Name

      9768        144       1196          0          0       6328   fs_fat.o
      1656        102          0          8          0       1424   fs_fat_elink.o
       706         24          0          0          0        624   fs_journal.o
       410         36          0          0          0        532   fs_lib.o
      1242         70          0          1          0        608   fs_mapi.o
      1780         20         16          0          0       1052   fs_mmc.o
       932         66          0          0          0        568   fs_sys.o
        14          4          0          0          0        136   fs_time.o
         4          4          0          0          0        140   SVC_Table.o
       516         56          0          1          0       2477   hal_cm3.o
        76          4          0          0          0        509   rt_event.o
       530         36          0          0         48       6805   rt_list.o
       562         16          0          0          0       2359   rt_mailbox.o
       158          0          0          0          0       1971   rt_membox.o
       288         12          0          0          0       1569   rt_mutex.o
       196         14          0          0          0       2282   rt_semaphore.o
       290         52          0          8          0       3343   rt_system.o
       928        160          0          8         48       6664   rt_task.o
        18          6          0          4          0        870   rt_time.o
        64          8          0          8          0        583   rt_timer.o
        90          0          0          0          0          0   __dczerorl2.o
         8          0          0          0          0         68   __main.o
        52          8          0          0          0          0   __scatter.o
        28          0          0          0          0          0   __scatter_zi.o
        28          0          0          0          0         68   _chval.o
        22          0          0          0          0        100   _rserrno.o
        64          0          0          0          0         84   _sgetc.o
       158          0          0          0          0         92   _strtoul.o
       228          6        148          0          0         96   bigflt0.o
      1846        132          0          0          0        736   btod.o
        10          0          0          0          0         68   defsig_exit.o
        50          0          0          0          0         88   defsig_general.o
        48         34          0          0          0         76   defsig_pvfn_inner.o
        14          0          0          0          0         80   defsig_pvfn_outer.o
        80         58          0          0          0         76   defsig_rtmem_inner.o
        14          0          0          0          0         80   defsig_rtmem_outer.o
        52         38          0          0          0         76   defsig_rtred_inner.o
        14          0          0          0          0         80   defsig_rtred_outer.o
        12          0          0          0          0         72   exit.o
        76          0          0          0          0         88   fclose.o
        52          6          0          0          0         80   fclose_locked.o
        30          0          0          0          0         80   feof_locked.o
       144         10          0          0          0        128   fflush_locked.o
        24          0          0          0          0         68   fgetc.o
        32          0          0          0          0         80   fgetc_locked.o
       576          0          0          0          0        132   filbuf.o
       478          0          0          0          0         88   flsbuf.o
        92          8          0          0          0         88   flushlinebuffered_locked.o
       324          8          0          0          0        152   fopen_locked.o
       248          6          0          0          0         84   fseek.o
        70          0          0          0          0         76   ftell.o
       212          0          0          0          0         92   fwritefast_locked.o
       158          0          0          0          0        128   h1_alloc_mt.o
        62          0          0          0          0         80   h1_extend_mt.o
       118          0          0          0          0        108   h1_free_mt.o
        18          0          0          0          0         84   h1_init_mt.o
         6          0          0          0          0        152   heapauxi.o
         4          0          0          0          0        136   hguard.o
        36         10          0          0          0         80   init_aeabi.o
       138          0          0          0          0        168   init_alloc.o
       456         48          0          0          0        116   initio_locked.o
        18          0          0          0          0         76   isspace.o
        44         10        272          0          0         76   lc_ctype_c.o
        44         10         28          0          0         76   lc_numeric_c.o
         2          0          0          0          0          0   libinit.o
        46          0          0          0          0          0   libinit2.o
         2          0          0          0          0          0   libshutdown.o
         6          0          0          0          0          0   libshutdown2.o
         8          4          0          0         96         68   libspace.o
        38          0          0          0          0         68   llshl.o
       238          0          0          0          0        100   lludivv7m.o
         0          0          0          0          0          0   maybetermalloc1.o
        16          4          0          0          0         76   rt_ctype_table.o
         4          0          0          0          0         68   rt_errno_addr_twolibspace.o
        10          0          0          0          0         76   rt_heap_descriptor_twolibspace.o
        10          0          0          0          0         76   rt_locale_twolibspace.o
        68          0          0          0          0         68   rt_memclr.o
        78          0          0          0          0         80   rt_memclr_w.o
       138          0          0          0          0         68   rt_memcpy_v6.o
       100          0          0          0          0         80   rt_memcpy_w.o
         0          0          0          0          0          0   rtentry.o
        12          0          0          0          0          0   rtentry2.o
         6          0          0          0          0          0   rtentry4.o
         2          0          0          0          0          0   rtexit.o
        10          0          0          0          0          0   rtexit2.o
      1202         12          0          0          0        212   scanf_fp.o
       788         12          0          0          0         96   scanf_hexfp.o
       316         18          0          0          0         96   scanf_infnan.o
       104          0          0          0          0         88   setvbuf_locked.o
       240          6          0          0          0        156   stdio.o
         0          0          0         12        252          0   stdio_streams.o
        20          0          0          0          0         68   strchr.o
       128          0          0          0          0         68   strcmpv7m.o
         0          0          0          4          0          0   streamlock.o
        62          0          0          0          0         76   strlen.o
       160         12          0          0          0        120   strtod.o
       112          0          0          0          0         88   strtol.o
        74          0          0          0          0         80   sys_stackheap_outer.o
         2          0          0          0          0         68   use_no_semi.o
        16          0          0          0          0         68   cxa_guard_acquire.o
         6          0          0          0          0         68   pure_virt.o
        98          4          0          0          0         92   d2f.o
       826         16          0          0          0        356   daddsub_clz.o
        16          4          0          0          0         68   dcheck1.o
        24          0          0          0          0         68   dcmpi.o
       688        140          0          0          0        212   ddiv.o
       120          4          0          0          0         92   deqf.o
        94          4          0          0          0         92   dfix.o
       194          4          0          0          0        116   dfixll.o
        90          4          0          0          0         92   dfixu.o
        84          0          0          0          0        136   dflt_clz.o
       162          0          0          0          0         84   dfltll_clz.o
       120          4          0          0          0         92   dleqf.o
       340         12          0          0          0        104   dmul.o
       156          4          0          0          0         92   dnaninf.o
        12          0          0          0          0         68   dretinf.o
       108          0          0          0          0         80   drleqf.o
        86          4          0          0          0         84   f2d.o
       450          8          0          0          0        236   faddsub_clz.o
        12          4          0          0          0         68   fcheck1.o
        24          0          0          0          0         68   fcmpi.o
       388         76          0          0          0         96   fdiv.o
       104          4          0          0          0         84   feqf.o
       136          8          0          0          0        168   ffix.o
        62          4          0          0          0         84   ffixu.o
        86          0          0          0          0        136   fflt_clz.o
       104          4          0          0          0         84   fleqf.o
       258          4          0          0          0         84   fmul.o
       140          4          0          0          0         84   fnaninf.o
         0          0          8          0          0          0   fpconst.o
        10          0          0          0          0         68   fretinf.o
        98          0          0          0          0         68   frleqf.o
        96          4          0          0          0         76   frnd.o
       272        100          0          0          0         88   fsqrt.o
       100          0          0          0          0         68   retnan.o
        92          0          0          0          0         68   scalbn.o
        76          0          0          0          0         68   scalbnf.o
         4          0          0          0          0         68   scanf1.o
         8          0          0          0          0         84   scanf2.o
        48          0          0          0          0         68   trapv.o
         0          0          0          0          0          0   usenofp.o
       596         76          0          0          0        116   atan2f.o
       388         54          0          0          0        112   cosf.o
        16          6          0          0          0         68   dunder.o
       124         12          0          0          0         84   floorf.o
        38          0          0          0          0         68   fpclassifyf.o
        88          8          0          0          0         76   frexp.o
        10          0          0          0          0         68   funder.o
       468          6          0          0          0        116   hypotf.o
       148          0          0          0          0        160   ldexp.o
       146          0          0          0          0         88   lroundf.o
       152          4          0          0          0        160   narrow.o
       344         18         32          0          0         88   rredf.o
       396         54          0          0          0        112   sinf.o
        44          0          0          0          0         80   sqrtf.o
        28          0          0          0          0         80   strtod.o

    ----------------------------------------------------------------------
     39290       1958       1700         60        448      52800   Library Totals
        78          2          0          6          4          0   (incl. Padding)

    ----------------------------------------------------------------------

      Code (inc. data)   RO Data    RW Data    ZI Data      Debug   Library Name

     16508        466       1212          9          0      11272   FS_CM3.lib
      3630        368          0         29         96      29572   RTX_CM3.LIB
     10280        460        448         16        348       6500   c_w.l
        22          0          0          0          0        136   cpprt_w.l
      5786        424          8          0          0       3844   fz_ws.l
      2986        238         32          0          0       1476   m_ws.l

    ----------------------------------------------------------------------
     39290       1958       1700         60        448      52800   Library Totals

    ----------------------------------------------------------------------

==============================================================================


      Code (inc. data)   RO Data    RW Data    ZI Data      Debug   

    129544       7548     130944       1212      32204    1102980   Grand Totals
    129544       7548     130944        428      32204    1102980   ELF Image Totals (compressed)
    129544       7548     130944        428          0          0   ROM Totals

==============================================================================

    Total RO  Size (Code + RO Data)               260488 ( 254.38kB)
    Total RW  Size (RW Data + ZI Data)             33416 (  32.63kB)
    Total ROM Size (Code + RO Data + RW Data)     260916 ( 254.80kB)

==============================================================================

