


ARM Macro Assembler    Page 1 


    1 00000000         ;******************** (C) COPYRIGHT 2011 STMicroelectron
                       ics ********************
    2 00000000         ;* File Name          : startup_stm32f10x_hd.s
    3 00000000         ;* Author             : MCD Application Team
    4 00000000         ;* Version            : V3.5.0
    5 00000000         ;* Date               : 11-March-2011
    6 00000000         ;* Description        : STM32F10x High Density Devices v
                       ector table for MDK-ARM 
    7 00000000         ;*                      toolchain. 
    8 00000000         ;*                      This module performs:
    9 00000000         ;*                      - Set the initial SP
   10 00000000         ;*                      - Set the initial PC == Reset_Ha
                       ndler
   11 00000000         ;*                      - Set the vector table entries w
                       ith the exceptions ISR address
   12 00000000         ;*                      - Configure the clock system and
                        also configure the external 
   13 00000000         ;*                        SRAM mounted on STM3210E-EVAL 
                       board to be used as data 
   14 00000000         ;*                        memory (optional, to be enable
                       d by user)
   15 00000000         ;*                      - Branches to __main in the C li
                       brary (which eventually
   16 00000000         ;*                        calls main()).
   17 00000000         ;*                      After Reset the CortexM3 process
                       or is in Thread mode,
   18 00000000         ;*                      priority is Privileged, and the 
                       Stack is set to Main.
   19 00000000         ;* <<< Use Configuration Wizard in Context Menu >>>    
   20 00000000         ;*******************************************************
                       ************************
   21 00000000         ; THE PRESENT FIRMWARE WHICH IS FOR GUIDANCE ONLY AIMS A
                       T PROVIDING CUSTOMERS
   22 00000000         ; WITH CODING INFORMATION REGARDING THEIR PRODUCTS IN OR
                       DER FOR THEM TO SAVE TIME.
   23 00000000         ; AS A RESULT, STMICROELECTRONICS SHALL NOT BE HELD LIAB
                       LE FOR ANY DIRECT,
   24 00000000         ; INDIRECT OR CONSEQUENTIAL DAMAGES WITH RESPECT TO ANY 
                       CLAIMS ARISING FROM THE
   25 00000000         ; CONTENT OF SUCH FIRMWARE AND/OR THE USE MADE BY CUSTOM
                       ERS OF THE CODING
   26 00000000         ; INFORMATION CONTAINED HEREIN IN CONNECTION WITH THEIR 
                       PRODUCTS.
   27 00000000         ;*******************************************************
                       ************************
   28 00000000         
   29 00000000         ; Amount of memory (in bytes) allocated for Stack
   30 00000000         ; Tailor this value to your application needs
   31 00000000         ; <h> Stack Configuration
   32 00000000         ;   <o> Stack Size (in Bytes) <0x0-0xFFFFFFFF:8>
   33 00000000         ; </h>
   34 00000000         
   35 00000000 00000800 
                       Stack_Size
                               EQU              0x00000800
   36 00000000         
   37 00000000                 AREA             STACK, NOINIT, READWRITE, ALIGN
=3
   38 00000000         Stack_Mem



ARM Macro Assembler    Page 2 


                               SPACE            Stack_Size
   39 00000800         __initial_sp
   40 00000800         
   41 00000800         
   42 00000800         ; <h> Heap Configuration
   43 00000800         ;   <o>  Heap Size (in Bytes) <0x0-0xFFFFFFFF:8>
   44 00000800         ; </h>
   45 00000800         
   46 00000800 00000800 
                       Heap_Size
                               EQU              0x00000800
   47 00000800         
   48 00000800                 AREA             HEAP, NOINIT, READWRITE, ALIGN=
3
   49 00000000         __heap_base
   50 00000000         Heap_Mem
                               SPACE            Heap_Size
   51 00000800         __heap_limit
   52 00000800         
   53 00000800                 PRESERVE8
   54 00000800                 THUMB
   55 00000800         
   56 00000800         
   57 00000800         ; Vector Table Mapped to Address 0 at Reset
   58 00000800                 AREA             RESET, DATA, READONLY
   59 00000000                 EXPORT           __Vectors
   60 00000000                 EXPORT           __Vectors_End
   61 00000000                 EXPORT           __Vectors_Size
   62 00000000         
   63 00000000 00000000 
                       __Vectors
                               DCD              __initial_sp ; Top of Stack
   64 00000004 00000000        DCD              __exc_reset ; Reset Handler
   65 00000008 00000000        DCD              __exc_nmi   ; NMI Handler
   66 0000000C 00000000        DCD              __exc_hardfault ; Hard Fault Ha
                                                            ndler
   67 00000010 00000000        DCD              __exc_memmanage 
                                                            ; MPU Fault Handler
                                                            
   68 00000014 00000000        DCD              __exc_busfault 
                                                            ; Bus Fault Handler
                                                            
   69 00000018 00000000        DCD              __exc_usagefault ; Usage Fault 
                                                            Handler
   70 0000001C 00000000        DCD              __stm32reservedexception7 
                                                            ; Reserved
   71 00000020 00000000        DCD              __stm32reservedexception8 
                                                            ; Reserved
   72 00000024 00000000        DCD              __stm32reservedexception9 
                                                            ; Reserved
   73 00000028 00000000        DCD              __stm32reservedexception10 
                                                            ; Reserved
   74 0000002C 00000000        DCD              SVC_Handler ; SVCall Handler
   75 00000030 00000000        DCD              __exc_debug_monitor ; Debug Mon
                                                            itor Handler
   76 00000034 00000000        DCD              __stm32reservedexception13 
                                                            ; Reserved
   77 00000038 00000000        DCD              PendSV_Handler ; PendSV Handler
                                                            



ARM Macro Assembler    Page 3 


   78 0000003C 00000000        DCD              SysTick_Handler 
                                                            ; SysTick Handler
   79 00000040         
   80 00000040         ; External Interrupts
   81 00000040 00000000        DCD              __irq_wwdg  ; Window Watchdog
   82 00000044 00000000        DCD              __irq_pvd   ; PVD through EXTI 
                                                            Line detect
   83 00000048 00000000        DCD              __irq_tamper ; Tamper
   84 0000004C 00000000        DCD              __irq_rtc   ; RTC
   85 00000050 00000000        DCD              __irq_flash ; Flash
   86 00000054 00000000        DCD              __irq_rcc   ; RCC
   87 00000058 00000000        DCD              __irq_exti0 ; EXTI Line 0
   88 0000005C 00000000        DCD              __irq_exti1 ; EXTI Line 1
   89 00000060 00000000        DCD              __irq_exti2 ; EXTI Line 2
   90 00000064 00000000        DCD              __irq_exti3 ; EXTI Line 3
   91 00000068 00000000        DCD              __irq_exti4 ; EXTI Line 4
   92 0000006C 00000000        DCD              __irq_dma1_channel1 
                                                            ; DMA1 Channel 1
   93 00000070 00000000        DCD              __irq_dma1_channel2 
                                                            ; DMA1 Channel 2
   94 00000074 00000000        DCD              __irq_dma1_channel3 
                                                            ; DMA1 Channel 3
   95 00000078 00000000        DCD              __irq_dma1_channel4 
                                                            ; DMA1 Channel 4
   96 0000007C 00000000        DCD              __irq_dma1_channel5 
                                                            ; DMA1 Channel 5
   97 00000080 00000000        DCD              __irq_dma1_channel6 
                                                            ; DMA1 Channel 6
   98 00000084 00000000        DCD              __irq_dma1_channel7 
                                                            ; DMA1 Channel 7
   99 00000088 00000000        DCD              __irq_adc   ; ADC1_2
  100 0000008C 00000000        DCD              __irq_usb_hp_can_tx ; USB High 
                                                            Priority or CAN1 TX
                                                            
  101 00000090 00000000        DCD              __irq_usb_lp_can_rx0 ; USB Low 
                                                             Priority or CAN1 R
                                                            X0
  102 00000094 00000000        DCD              __irq_can1_rx1 ; CAN1 RX1
  103 00000098 00000000        DCD              __irq_can1_sce ; CAN1 SCE
  104 0000009C 00000000        DCD              __irq_exti9_5 ; EXTI Line 9..5
  105 000000A0 00000000        DCD              __irq_tim1_brk ; TIM1 Break
  106 000000A4 00000000        DCD              __irq_tim1_up ; TIM1 Update
  107 000000A8 00000000        DCD              __irq_tim1_trg_com ; TIM1 Trigg
                                                            er and Commutation
  108 000000AC 00000000        DCD              __irq_tim1_cc ; TIM1 Capture Co
                                                            mpare
  109 000000B0 00000000        DCD              __irq_tim2  ; TIM2
  110 000000B4 00000000        DCD              __irq_tim3  ; TIM3
  111 000000B8 00000000        DCD              __irq_tim4  ; TIM4
  112 000000BC 00000000        DCD              __irq_i2c1_ev ; I2C1 Event
  113 000000C0 00000000        DCD              __irq_i2c1_er ; I2C1 Error
  114 000000C4 00000000        DCD              __irq_i2c2_ev ; I2C2 Event
  115 000000C8 00000000        DCD              __irq_i2c2_er ; I2C2 Error
  116 000000CC 00000000        DCD              __irq_spi1  ; SPI1
  117 000000D0 00000000        DCD              __irq_spi2  ; SPI2
  118 000000D4 00000000        DCD              __irq_usart1 ; USART1
  119 000000D8 00000000        DCD              __irq_usart2 ; USART2
  120 000000DC 00000000        DCD              __irq_usart3 ; USART3
  121 000000E0 00000000        DCD              __irq_exti15_10 



ARM Macro Assembler    Page 4 


                                                            ; EXTI Line 15..10
  122 000000E4 00000000        DCD              __irq_rtc_alarm ; RTC Alarm thr
                                                            ough EXTI Line
  123 000000E8 00000000        DCD              __irq_usbwakeup ; USB Wakeup fr
                                                            om suspend
  124 000000EC 00000000        DCD              __irq_tim8_brk ; TIM8 Break
  125 000000F0 00000000        DCD              __irq_tim8_up ; TIM8 Update
  126 000000F4 00000000        DCD              __irq_tim8_trg_com ; TIM8 Trigg
                                                            er and Commutation
  127 000000F8 00000000        DCD              __irq_tim8_cc ; TIM8 Capture Co
                                                            mpare
  128 000000FC 00000000        DCD              __irq_adc3  ; ADC3
  129 00000100 00000000        DCD              __irq_fsmc  ; fsmc
  130 00000104 00000000        DCD              __irq_sdio  ; sdio
  131 00000108 00000000        DCD              __irq_tim5  ; TIM5
  132 0000010C 00000000        DCD              __irq_spi3  ; SPI3 
  133 00000110 00000000        DCD              __irq_usart4 ; USART4
  134 00000114 00000000        DCD              __irq_usart5 ; USART5
  135 00000118 00000000        DCD              __irq_tim6  ; TIM6
  136 0000011C 00000000        DCD              __irq_tim7  ; TIM7
  137 00000120 00000000        DCD              __irq_dma2_channel1 
                                                            ; DMA2 Channel 1
  138 00000124 00000000        DCD              __irq_dma2_channel2 
                                                            ; DMA2 Channel 2
  139 00000128 00000000        DCD              __irq_dma2_channel3 
                                                            ; DMA2 Channel 3
  140 0000012C 00000000        DCD              __irq_dma2_channel4_5 
                                                            ; DMA2 Channel 4_5
  141 00000130         
  142 00000130         __Vectors_End
  143 00000130         
  144 00000130 00000130 
                       __Vectors_Size
                               EQU              __Vectors_End - __Vectors
  145 00000130         
  146 00000130                 AREA             |.text|, CODE, READONLY
  147 00000000         
  148 00000000         ; Reset handler
  149 00000000         __exc_reset
                               PROC
  150 00000000                 EXPORT           __exc_reset             [WEAK]
  151 00000000                 IMPORT           __main
  152 00000000                 IMPORT           SystemInit
  153 00000000 480C            LDR              R0, =SystemInit
  154 00000002 4780            BLX              R0
  155 00000004 480C            LDR              R0, =__main
  156 00000006 4700            BX               R0
  157 00000008                 ENDP
  158 00000008         
  159 00000008         ; Dummy Exception Handlers (infinite loops which can be 
                       modified)
  160 00000008         
  161 00000008         __exc_nmi
                               PROC
  162 00000008                 EXPORT           __exc_nmi                [WEAK]
  163 00000008 E7FE            B                .
  164 0000000A                 ENDP
  166 0000000A         __exc_hardfault
                               PROC



ARM Macro Assembler    Page 5 


  167 0000000A                 EXPORT           __exc_hardfault          [WEAK]
  168 0000000A E7FE            B                .
  169 0000000C                 ENDP
  171 0000000C         __exc_memmanage
                               PROC
  172 0000000C                 EXPORT           __exc_memmanage          [WEAK]
  173 0000000C E7FE            B                .
  174 0000000E                 ENDP
  176 0000000E         __exc_busfault
                               PROC
  177 0000000E                 EXPORT           __exc_busfault           [WEAK]
  178 0000000E E7FE            B                .
  179 00000010                 ENDP
  181 00000010         __exc_usagefault
                               PROC
  182 00000010                 EXPORT           __exc_usagefault         [WEAK]
  183 00000010 E7FE            B                .
  184 00000012                 ENDP
  186 00000012         __stm32reservedexception7
                               PROC
  187 00000012                 EXPORT           __stm32reservedexception7      
    [WEAK]
  188 00000012 E7FE            B                .
  189 00000014                 ENDP
  191 00000014         __stm32reservedexception8
                               PROC
  192 00000014                 EXPORT           __stm32reservedexception8      
    [WEAK]
  193 00000014 E7FE            B                .
  194 00000016                 ENDP
  196 00000016         __stm32reservedexception9
                               PROC
  197 00000016                 EXPORT           __stm32reservedexception9      
    [WEAK]
  198 00000016 E7FE            B                .
  199 00000018                 ENDP
  201 00000018         __stm32reservedexception10
                               PROC
  202 00000018                 EXPORT           __stm32reservedexception10     
     [WEAK]
  203 00000018 E7FE            B                .
  204 0000001A                 ENDP
  205 0000001A         SVC_Handler
                               PROC
  206 0000001A                 EXPORT           SVC_Handler                    
 [WEAK]
  207 0000001A E7FE            B                .
  208 0000001C                 ENDP
  210 0000001C         __exc_debug_monitor
                               PROC
  211 0000001C                 EXPORT           __exc_debug_monitor            
  [WEAK]
  212 0000001C E7FE            B                .
  213 0000001E                 ENDP
  215 0000001E         __stm32reservedexception13
                               PROC
  216 0000001E                 EXPORT           __stm32reservedexception13     
  [WEAK]
  217 0000001E E7FE            B                .



ARM Macro Assembler    Page 6 


  218 00000020                 ENDP
  219 00000020         PendSV_Handler
                               PROC
  220 00000020                 EXPORT           PendSV_Handler                 
 [WEAK]
  221 00000020 E7FE            B                .
  222 00000022                 ENDP
  223 00000022         SysTick_Handler
                               PROC
  224 00000022                 EXPORT           SysTick_Handler                
 [WEAK]
  225 00000022 E7FE            B                .
  226 00000024                 ENDP
  227 00000024         
  228 00000024         Default_Handler
                               PROC
  229 00000024         
  230 00000024                 EXPORT           __irq_wwdg            [WEAK]
  231 00000024                 EXPORT           __irq_pvd             [WEAK]
  232 00000024                 EXPORT           __irq_tamper        [WEAK]
  233 00000024                 EXPORT           __irq_rtc           [WEAK]
  234 00000024                 EXPORT           __irq_flash           [WEAK]
  235 00000024                 EXPORT           __irq_rcc             [WEAK]
  236 00000024                 EXPORT           __irq_exti0           [WEAK]
  237 00000024                 EXPORT           __irq_exti1           [WEAK]
  238 00000024                 EXPORT           __irq_exti2           [WEAK]
  239 00000024                 EXPORT           __irq_exti3           [WEAK]
  240 00000024                 EXPORT           __irq_exti4           [WEAK]
  241 00000024                 EXPORT           __irq_dma1_channel1  [WEAK]
  242 00000024                 EXPORT           __irq_dma1_channel2   [WEAK]
  243 00000024                 EXPORT           __irq_dma1_channel3   [WEAK]
  244 00000024                 EXPORT           __irq_dma1_channel4  [WEAK]
  245 00000024                 EXPORT           __irq_dma1_channel5   [WEAK]
  246 00000024                 EXPORT           __irq_dma1_channel6  [WEAK]
  247 00000024                 EXPORT           __irq_dma1_channel7  [WEAK]
  248 00000024                 EXPORT           __irq_adc            [WEAK]
  249 00000024                 EXPORT           __irq_usb_hp_can_tx  [WEAK]
  250 00000024                 EXPORT           __irq_usb_lp_can_rx0  [WEAK]
  251 00000024                 EXPORT           __irq_can1_rx1        [WEAK]
  252 00000024                 EXPORT           __irq_can1_sce        [WEAK]
  253 00000024                 EXPORT           __irq_exti9_5         [WEAK]
  254 00000024                 EXPORT           __irq_tim1_brk       [WEAK]
  255 00000024                 EXPORT           __irq_tim1_up        [WEAK]
  256 00000024                 EXPORT           __irq_tim1_trg_com    [WEAK]
  257 00000024                 EXPORT           __irq_tim1_cc         [WEAK]
  258 00000024                 EXPORT           __irq_tim2            [WEAK]
  259 00000024                 EXPORT           __irq_tim3            [WEAK]
  260 00000024                 EXPORT           __irq_tim4            [WEAK]
  261 00000024                 EXPORT           __irq_i2c1_ev         [WEAK]
  262 00000024                 EXPORT           __irq_i2c1_er         [WEAK]
  263 00000024                 EXPORT           __irq_i2c2_ev        [WEAK]
  264 00000024                 EXPORT           __irq_i2c2_er       [WEAK]
  265 00000024                 EXPORT           __irq_spi1          [WEAK]
  266 00000024                 EXPORT           __irq_spi2           [WEAK]
  267 00000024                 EXPORT           __irq_usart1         [WEAK]
  268 00000024                 EXPORT           __irq_usart2         [WEAK]
  269 00000024                 EXPORT           __irq_usart3         [WEAK]
  270 00000024                 EXPORT           __irq_exti15_10     [WEAK]
  271 00000024                 EXPORT           __irq_rtc_alarm      [WEAK]



ARM Macro Assembler    Page 7 


  272 00000024                 EXPORT           __irq_usbwakeup    [WEAK]
  273 00000024                 EXPORT           __irq_tim8_brk       [WEAK]
  274 00000024                 EXPORT           __irq_tim8_up       [WEAK]
  275 00000024                 EXPORT           __irq_tim8_trg_com    [WEAK]
  276 00000024                 EXPORT           __irq_tim8_cc         [WEAK]
  277 00000024                 EXPORT           __irq_adc3           [WEAK]
  278 00000024                 EXPORT           __irq_fsmc           [WEAK]
  279 00000024                 EXPORT           __irq_sdio           [WEAK]
  280 00000024                 EXPORT           __irq_tim5           [WEAK]
  281 00000024                 EXPORT           __irq_spi3           [WEAK]
  282 00000024                 EXPORT           __irq_usart4         [WEAK]
  283 00000024                 EXPORT           __irq_usart5         [WEAK]
  284 00000024                 EXPORT           __irq_tim6           [WEAK]
  285 00000024                 EXPORT           __irq_tim7           [WEAK]
  286 00000024                 EXPORT           __irq_dma2_channel1  [WEAK]
  287 00000024                 EXPORT           __irq_dma2_channel2  [WEAK]
  288 00000024                 EXPORT           __irq_dma2_channel3  [WEAK]
  289 00000024                 EXPORT           __irq_dma2_channel4_5 [WEAK]
  290 00000024         
  291 00000024         __irq_wwdg
  292 00000024         __irq_pvd
  293 00000024         __irq_tamper
  294 00000024         __irq_rtc
  295 00000024         __irq_flash
  296 00000024         __irq_rcc
  297 00000024         __irq_exti0
  298 00000024         __irq_exti1
  299 00000024         __irq_exti2
  300 00000024         __irq_exti3
  301 00000024         __irq_exti4
  302 00000024         __irq_dma1_channel1
  303 00000024         __irq_dma1_channel2
  304 00000024         __irq_dma1_channel3
  305 00000024         __irq_dma1_channel4
  306 00000024         __irq_dma1_channel5
  307 00000024         __irq_dma1_channel6
  308 00000024         __irq_dma1_channel7
  309 00000024         __irq_adc
  310 00000024         __irq_usb_hp_can_tx
  311 00000024         __irq_usb_lp_can_rx0
  312 00000024         __irq_can1_rx1
  313 00000024         __irq_can1_sce
  314 00000024         __irq_exti9_5
  315 00000024         __irq_tim1_brk
  316 00000024         __irq_tim1_up
  317 00000024         __irq_tim1_trg_com
  318 00000024         __irq_tim1_cc
  319 00000024         __irq_tim2
  320 00000024         __irq_tim3
  321 00000024         __irq_tim4
  322 00000024         __irq_i2c1_ev
  323 00000024         __irq_i2c1_er
  324 00000024         __irq_i2c2_ev
  325 00000024         __irq_i2c2_er
  326 00000024         __irq_spi1
  327 00000024         __irq_spi2
  328 00000024         __irq_usart1
  329 00000024         __irq_usart2
  330 00000024         __irq_usart3



ARM Macro Assembler    Page 8 


  331 00000024         __irq_exti15_10
  332 00000024         __irq_rtc_alarm
  333 00000024         __irq_usbwakeup
  334 00000024         __irq_tim8_brk
  335 00000024         __irq_tim8_up
  336 00000024         __irq_tim8_trg_com
  337 00000024         __irq_tim8_cc
  338 00000024         __irq_adc3
  339 00000024         __irq_fsmc
  340 00000024         __irq_sdio
  341 00000024         __irq_tim5
  342 00000024         __irq_spi3
  343 00000024         __irq_usart4
  344 00000024         __irq_usart5
  345 00000024         __irq_tim6
  346 00000024         __irq_tim7
  347 00000024         __irq_dma2_channel1
  348 00000024         __irq_dma2_channel2
  349 00000024         __irq_dma2_channel3
  350 00000024         __irq_dma2_channel4_5
  351 00000024         
  352 00000024 E7FE            B                .
  353 00000026         
  354 00000026                 ENDP
  355 00000026         
  356 00000026 00 00           ALIGN
  357 00000028         
  358 00000028         ;*******************************************************
                       ************************
  359 00000028         ; User Stack and Heap initialization
  360 00000028         ;*******************************************************
                       ************************
  361 00000028                 IF               :DEF:__MICROLIB
  368 00000028         
  369 00000028                 IMPORT           __use_two_region_memory
  370 00000028                 EXPORT           __user_initial_stackheap
  371 00000028         
  372 00000028         __user_initial_stackheap
  373 00000028         
  374 00000028 4804            LDR              R0, =  Heap_Mem
  375 0000002A 4905            LDR              R1, =(Stack_Mem + Stack_Size)
  376 0000002C 4A05            LDR              R2, = (Heap_Mem +  Heap_Size)
  377 0000002E 4B06            LDR              R3, = Stack_Mem
  378 00000030 4770            BX               LR
  379 00000032         
  380 00000032 00 00           ALIGN
  381 00000034         
  382 00000034                 ENDIF
  383 00000034         
  384 00000034                 END
              00000000 
              00000000 
              00000000 
              00000800 
              00000800 
              00000000 
Command Line: --debug --xref --cpu=Cortex-M3 --apcs=interwork --depend=.\out\st
artup_stm32f10x_hd.d -o.\out\startup_stm32f10x_hd.o -IC:\Keil\ARM\RV31\INC -IC:
\Keil\ARM\CMSIS\Include -IC:\Keil\ARM\Inc\ST\STM32F10x --predefine="__RTX SETA 



ARM Macro Assembler    Page 9 


1" --list=.\list\startup_stm32f10x_hd.lst ST\startup_stm32f10x_hd.s



ARM Macro Assembler    Page 1 Alphabetic symbol ordering
Relocatable symbols

STACK 00000000

Symbol: STACK
   Definitions
      At line 37 in file ST\startup_stm32f10x_hd.s
   Uses
      None
Comment: STACK unused
Stack_Mem 00000000

Symbol: Stack_Mem
   Definitions
      At line 38 in file ST\startup_stm32f10x_hd.s
   Uses
      At line 375 in file ST\startup_stm32f10x_hd.s
      At line 377 in file ST\startup_stm32f10x_hd.s

__initial_sp 00000800

Symbol: __initial_sp
   Definitions
      At line 39 in file ST\startup_stm32f10x_hd.s
   Uses
      At line 63 in file ST\startup_stm32f10x_hd.s
Comment: __initial_sp used once
3 symbols



ARM Macro Assembler    Page 1 Alphabetic symbol ordering
Relocatable symbols

HEAP 00000000

Symbol: HEAP
   Definitions
      At line 48 in file ST\startup_stm32f10x_hd.s
   Uses
      None
Comment: HEAP unused
Heap_Mem 00000000

Symbol: Heap_Mem
   Definitions
      At line 50 in file ST\startup_stm32f10x_hd.s
   Uses
      At line 374 in file ST\startup_stm32f10x_hd.s
      At line 376 in file ST\startup_stm32f10x_hd.s

__heap_base 00000000

Symbol: __heap_base
   Definitions
      At line 49 in file ST\startup_stm32f10x_hd.s
   Uses
      None
Comment: __heap_base unused
__heap_limit 00000800

Symbol: __heap_limit
   Definitions
      At line 51 in file ST\startup_stm32f10x_hd.s
   Uses
      None
Comment: __heap_limit unused
4 symbols



ARM Macro Assembler    Page 1 Alphabetic symbol ordering
Relocatable symbols

RESET 00000000

Symbol: RESET
   Definitions
      At line 58 in file ST\startup_stm32f10x_hd.s
   Uses
      None
Comment: RESET unused
__Vectors 00000000

Symbol: __Vectors
   Definitions
      At line 63 in file ST\startup_stm32f10x_hd.s
   Uses
      At line 59 in file ST\startup_stm32f10x_hd.s
      At line 144 in file ST\startup_stm32f10x_hd.s

__Vectors_End 00000130

Symbol: __Vectors_End
   Definitions
      At line 142 in file ST\startup_stm32f10x_hd.s
   Uses
      At line 60 in file ST\startup_stm32f10x_hd.s
      At line 144 in file ST\startup_stm32f10x_hd.s

3 symbols



ARM Macro Assembler    Page 1 Alphabetic symbol ordering
Relocatable symbols

.text 00000000

Symbol: .text
   Definitions
      At line 146 in file ST\startup_stm32f10x_hd.s
   Uses
      None
Comment: .text unused
Default_Handler 00000024

Symbol: Default_Handler
   Definitions
      At line 228 in file ST\startup_stm32f10x_hd.s
   Uses
      None
Comment: Default_Handler unused
PendSV_Handler 00000020

Symbol: PendSV_Handler
   Definitions
      At line 219 in file ST\startup_stm32f10x_hd.s
   Uses
      At line 77 in file ST\startup_stm32f10x_hd.s
      At line 220 in file ST\startup_stm32f10x_hd.s

SVC_Handler 0000001A

Symbol: SVC_Handler
   Definitions
      At line 205 in file ST\startup_stm32f10x_hd.s
   Uses
      At line 74 in file ST\startup_stm32f10x_hd.s
      At line 206 in file ST\startup_stm32f10x_hd.s

SysTick_Handler 00000022

Symbol: SysTick_Handler
   Definitions
      At line 223 in file ST\startup_stm32f10x_hd.s
   Uses
      At line 78 in file ST\startup_stm32f10x_hd.s
      At line 224 in file ST\startup_stm32f10x_hd.s

__exc_busfault 0000000E

Symbol: __exc_busfault
   Definitions
      At line 176 in file ST\startup_stm32f10x_hd.s
   Uses
      At line 68 in file ST\startup_stm32f10x_hd.s
      At line 177 in file ST\startup_stm32f10x_hd.s

__exc_debug_monitor 0000001C

Symbol: __exc_debug_monitor
   Definitions
      At line 210 in file ST\startup_stm32f10x_hd.s
   Uses
      At line 75 in file ST\startup_stm32f10x_hd.s



ARM Macro Assembler    Page 2 Alphabetic symbol ordering
Relocatable symbols

      At line 211 in file ST\startup_stm32f10x_hd.s

__exc_hardfault 0000000A

Symbol: __exc_hardfault
   Definitions
      At line 166 in file ST\startup_stm32f10x_hd.s
   Uses
      At line 66 in file ST\startup_stm32f10x_hd.s
      At line 167 in file ST\startup_stm32f10x_hd.s

__exc_memmanage 0000000C

Symbol: __exc_memmanage
   Definitions
      At line 171 in file ST\startup_stm32f10x_hd.s
   Uses
      At line 67 in file ST\startup_stm32f10x_hd.s
      At line 172 in file ST\startup_stm32f10x_hd.s

__exc_nmi 00000008

Symbol: __exc_nmi
   Definitions
      At line 161 in file ST\startup_stm32f10x_hd.s
   Uses
      At line 65 in file ST\startup_stm32f10x_hd.s
      At line 162 in file ST\startup_stm32f10x_hd.s

__exc_reset 00000000

Symbol: __exc_reset
   Definitions
      At line 149 in file ST\startup_stm32f10x_hd.s
   Uses
      At line 64 in file ST\startup_stm32f10x_hd.s
      At line 150 in file ST\startup_stm32f10x_hd.s

__exc_usagefault 00000010

Symbol: __exc_usagefault
   Definitions
      At line 181 in file ST\startup_stm32f10x_hd.s
   Uses
      At line 69 in file ST\startup_stm32f10x_hd.s
      At line 182 in file ST\startup_stm32f10x_hd.s

__irq_adc 00000024

Symbol: __irq_adc
   Definitions
      At line 309 in file ST\startup_stm32f10x_hd.s
   Uses
      At line 99 in file ST\startup_stm32f10x_hd.s
      At line 248 in file ST\startup_stm32f10x_hd.s

__irq_adc3 00000024

Symbol: __irq_adc3



ARM Macro Assembler    Page 3 Alphabetic symbol ordering
Relocatable symbols

   Definitions
      At line 338 in file ST\startup_stm32f10x_hd.s
   Uses
      At line 128 in file ST\startup_stm32f10x_hd.s
      At line 277 in file ST\startup_stm32f10x_hd.s

__irq_can1_rx1 00000024

Symbol: __irq_can1_rx1
   Definitions
      At line 312 in file ST\startup_stm32f10x_hd.s
   Uses
      At line 102 in file ST\startup_stm32f10x_hd.s
      At line 251 in file ST\startup_stm32f10x_hd.s

__irq_can1_sce 00000024

Symbol: __irq_can1_sce
   Definitions
      At line 313 in file ST\startup_stm32f10x_hd.s
   Uses
      At line 103 in file ST\startup_stm32f10x_hd.s
      At line 252 in file ST\startup_stm32f10x_hd.s

__irq_dma1_channel1 00000024

Symbol: __irq_dma1_channel1
   Definitions
      At line 302 in file ST\startup_stm32f10x_hd.s
   Uses
      At line 92 in file ST\startup_stm32f10x_hd.s
      At line 241 in file ST\startup_stm32f10x_hd.s

__irq_dma1_channel2 00000024

Symbol: __irq_dma1_channel2
   Definitions
      At line 303 in file ST\startup_stm32f10x_hd.s
   Uses
      At line 93 in file ST\startup_stm32f10x_hd.s
      At line 242 in file ST\startup_stm32f10x_hd.s

__irq_dma1_channel3 00000024

Symbol: __irq_dma1_channel3
   Definitions
      At line 304 in file ST\startup_stm32f10x_hd.s
   Uses
      At line 94 in file ST\startup_stm32f10x_hd.s
      At line 243 in file ST\startup_stm32f10x_hd.s

__irq_dma1_channel4 00000024

Symbol: __irq_dma1_channel4
   Definitions
      At line 305 in file ST\startup_stm32f10x_hd.s
   Uses
      At line 95 in file ST\startup_stm32f10x_hd.s
      At line 244 in file ST\startup_stm32f10x_hd.s



ARM Macro Assembler    Page 4 Alphabetic symbol ordering
Relocatable symbols


__irq_dma1_channel5 00000024

Symbol: __irq_dma1_channel5
   Definitions
      At line 306 in file ST\startup_stm32f10x_hd.s
   Uses
      At line 96 in file ST\startup_stm32f10x_hd.s
      At line 245 in file ST\startup_stm32f10x_hd.s

__irq_dma1_channel6 00000024

Symbol: __irq_dma1_channel6
   Definitions
      At line 307 in file ST\startup_stm32f10x_hd.s
   Uses
      At line 97 in file ST\startup_stm32f10x_hd.s
      At line 246 in file ST\startup_stm32f10x_hd.s

__irq_dma1_channel7 00000024

Symbol: __irq_dma1_channel7
   Definitions
      At line 308 in file ST\startup_stm32f10x_hd.s
   Uses
      At line 98 in file ST\startup_stm32f10x_hd.s
      At line 247 in file ST\startup_stm32f10x_hd.s

__irq_dma2_channel1 00000024

Symbol: __irq_dma2_channel1
   Definitions
      At line 347 in file ST\startup_stm32f10x_hd.s
   Uses
      At line 137 in file ST\startup_stm32f10x_hd.s
      At line 286 in file ST\startup_stm32f10x_hd.s

__irq_dma2_channel2 00000024

Symbol: __irq_dma2_channel2
   Definitions
      At line 348 in file ST\startup_stm32f10x_hd.s
   Uses
      At line 138 in file ST\startup_stm32f10x_hd.s
      At line 287 in file ST\startup_stm32f10x_hd.s

__irq_dma2_channel3 00000024

Symbol: __irq_dma2_channel3
   Definitions
      At line 349 in file ST\startup_stm32f10x_hd.s
   Uses
      At line 139 in file ST\startup_stm32f10x_hd.s
      At line 288 in file ST\startup_stm32f10x_hd.s

__irq_dma2_channel4_5 00000024

Symbol: __irq_dma2_channel4_5
   Definitions



ARM Macro Assembler    Page 5 Alphabetic symbol ordering
Relocatable symbols

      At line 350 in file ST\startup_stm32f10x_hd.s
   Uses
      At line 140 in file ST\startup_stm32f10x_hd.s
      At line 289 in file ST\startup_stm32f10x_hd.s

__irq_exti0 00000024

Symbol: __irq_exti0
   Definitions
      At line 297 in file ST\startup_stm32f10x_hd.s
   Uses
      At line 87 in file ST\startup_stm32f10x_hd.s
      At line 236 in file ST\startup_stm32f10x_hd.s

__irq_exti1 00000024

Symbol: __irq_exti1
   Definitions
      At line 298 in file ST\startup_stm32f10x_hd.s
   Uses
      At line 88 in file ST\startup_stm32f10x_hd.s
      At line 237 in file ST\startup_stm32f10x_hd.s

__irq_exti15_10 00000024

Symbol: __irq_exti15_10
   Definitions
      At line 331 in file ST\startup_stm32f10x_hd.s
   Uses
      At line 121 in file ST\startup_stm32f10x_hd.s
      At line 270 in file ST\startup_stm32f10x_hd.s

__irq_exti2 00000024

Symbol: __irq_exti2
   Definitions
      At line 299 in file ST\startup_stm32f10x_hd.s
   Uses
      At line 89 in file ST\startup_stm32f10x_hd.s
      At line 238 in file ST\startup_stm32f10x_hd.s

__irq_exti3 00000024

Symbol: __irq_exti3
   Definitions
      At line 300 in file ST\startup_stm32f10x_hd.s
   Uses
      At line 90 in file ST\startup_stm32f10x_hd.s
      At line 239 in file ST\startup_stm32f10x_hd.s

__irq_exti4 00000024

Symbol: __irq_exti4
   Definitions
      At line 301 in file ST\startup_stm32f10x_hd.s
   Uses
      At line 91 in file ST\startup_stm32f10x_hd.s
      At line 240 in file ST\startup_stm32f10x_hd.s




ARM Macro Assembler    Page 6 Alphabetic symbol ordering
Relocatable symbols

__irq_exti9_5 00000024

Symbol: __irq_exti9_5
   Definitions
      At line 314 in file ST\startup_stm32f10x_hd.s
   Uses
      At line 104 in file ST\startup_stm32f10x_hd.s
      At line 253 in file ST\startup_stm32f10x_hd.s

__irq_flash 00000024

Symbol: __irq_flash
   Definitions
      At line 295 in file ST\startup_stm32f10x_hd.s
   Uses
      At line 85 in file ST\startup_stm32f10x_hd.s
      At line 234 in file ST\startup_stm32f10x_hd.s

__irq_fsmc 00000024

Symbol: __irq_fsmc
   Definitions
      At line 339 in file ST\startup_stm32f10x_hd.s
   Uses
      At line 129 in file ST\startup_stm32f10x_hd.s
      At line 278 in file ST\startup_stm32f10x_hd.s

__irq_i2c1_er 00000024

Symbol: __irq_i2c1_er
   Definitions
      At line 323 in file ST\startup_stm32f10x_hd.s
   Uses
      At line 113 in file ST\startup_stm32f10x_hd.s
      At line 262 in file ST\startup_stm32f10x_hd.s

__irq_i2c1_ev 00000024

Symbol: __irq_i2c1_ev
   Definitions
      At line 322 in file ST\startup_stm32f10x_hd.s
   Uses
      At line 112 in file ST\startup_stm32f10x_hd.s
      At line 261 in file ST\startup_stm32f10x_hd.s

__irq_i2c2_er 00000024

Symbol: __irq_i2c2_er
   Definitions
      At line 325 in file ST\startup_stm32f10x_hd.s
   Uses
      At line 115 in file ST\startup_stm32f10x_hd.s
      At line 264 in file ST\startup_stm32f10x_hd.s

__irq_i2c2_ev 00000024

Symbol: __irq_i2c2_ev
   Definitions
      At line 324 in file ST\startup_stm32f10x_hd.s



ARM Macro Assembler    Page 7 Alphabetic symbol ordering
Relocatable symbols

   Uses
      At line 114 in file ST\startup_stm32f10x_hd.s
      At line 263 in file ST\startup_stm32f10x_hd.s

__irq_pvd 00000024

Symbol: __irq_pvd
   Definitions
      At line 292 in file ST\startup_stm32f10x_hd.s
   Uses
      At line 82 in file ST\startup_stm32f10x_hd.s
      At line 231 in file ST\startup_stm32f10x_hd.s

__irq_rcc 00000024

Symbol: __irq_rcc
   Definitions
      At line 296 in file ST\startup_stm32f10x_hd.s
   Uses
      At line 86 in file ST\startup_stm32f10x_hd.s
      At line 235 in file ST\startup_stm32f10x_hd.s

__irq_rtc 00000024

Symbol: __irq_rtc
   Definitions
      At line 294 in file ST\startup_stm32f10x_hd.s
   Uses
      At line 84 in file ST\startup_stm32f10x_hd.s
      At line 233 in file ST\startup_stm32f10x_hd.s

__irq_rtc_alarm 00000024

Symbol: __irq_rtc_alarm
   Definitions
      At line 332 in file ST\startup_stm32f10x_hd.s
   Uses
      At line 122 in file ST\startup_stm32f10x_hd.s
      At line 271 in file ST\startup_stm32f10x_hd.s

__irq_sdio 00000024

Symbol: __irq_sdio
   Definitions
      At line 340 in file ST\startup_stm32f10x_hd.s
   Uses
      At line 130 in file ST\startup_stm32f10x_hd.s
      At line 279 in file ST\startup_stm32f10x_hd.s

__irq_spi1 00000024

Symbol: __irq_spi1
   Definitions
      At line 326 in file ST\startup_stm32f10x_hd.s
   Uses
      At line 116 in file ST\startup_stm32f10x_hd.s
      At line 265 in file ST\startup_stm32f10x_hd.s

__irq_spi2 00000024



ARM Macro Assembler    Page 8 Alphabetic symbol ordering
Relocatable symbols


Symbol: __irq_spi2
   Definitions
      At line 327 in file ST\startup_stm32f10x_hd.s
   Uses
      At line 117 in file ST\startup_stm32f10x_hd.s
      At line 266 in file ST\startup_stm32f10x_hd.s

__irq_spi3 00000024

Symbol: __irq_spi3
   Definitions
      At line 342 in file ST\startup_stm32f10x_hd.s
   Uses
      At line 132 in file ST\startup_stm32f10x_hd.s
      At line 281 in file ST\startup_stm32f10x_hd.s

__irq_tamper 00000024

Symbol: __irq_tamper
   Definitions
      At line 293 in file ST\startup_stm32f10x_hd.s
   Uses
      At line 83 in file ST\startup_stm32f10x_hd.s
      At line 232 in file ST\startup_stm32f10x_hd.s

__irq_tim1_brk 00000024

Symbol: __irq_tim1_brk
   Definitions
      At line 315 in file ST\startup_stm32f10x_hd.s
   Uses
      At line 105 in file ST\startup_stm32f10x_hd.s
      At line 254 in file ST\startup_stm32f10x_hd.s

__irq_tim1_cc 00000024

Symbol: __irq_tim1_cc
   Definitions
      At line 318 in file ST\startup_stm32f10x_hd.s
   Uses
      At line 108 in file ST\startup_stm32f10x_hd.s
      At line 257 in file ST\startup_stm32f10x_hd.s

__irq_tim1_trg_com 00000024

Symbol: __irq_tim1_trg_com
   Definitions
      At line 317 in file ST\startup_stm32f10x_hd.s
   Uses
      At line 107 in file ST\startup_stm32f10x_hd.s
      At line 256 in file ST\startup_stm32f10x_hd.s

__irq_tim1_up 00000024

Symbol: __irq_tim1_up
   Definitions
      At line 316 in file ST\startup_stm32f10x_hd.s
   Uses



ARM Macro Assembler    Page 9 Alphabetic symbol ordering
Relocatable symbols

      At line 106 in file ST\startup_stm32f10x_hd.s
      At line 255 in file ST\startup_stm32f10x_hd.s

__irq_tim2 00000024

Symbol: __irq_tim2
   Definitions
      At line 319 in file ST\startup_stm32f10x_hd.s
   Uses
      At line 109 in file ST\startup_stm32f10x_hd.s
      At line 258 in file ST\startup_stm32f10x_hd.s

__irq_tim3 00000024

Symbol: __irq_tim3
   Definitions
      At line 320 in file ST\startup_stm32f10x_hd.s
   Uses
      At line 110 in file ST\startup_stm32f10x_hd.s
      At line 259 in file ST\startup_stm32f10x_hd.s

__irq_tim4 00000024

Symbol: __irq_tim4
   Definitions
      At line 321 in file ST\startup_stm32f10x_hd.s
   Uses
      At line 111 in file ST\startup_stm32f10x_hd.s
      At line 260 in file ST\startup_stm32f10x_hd.s

__irq_tim5 00000024

Symbol: __irq_tim5
   Definitions
      At line 341 in file ST\startup_stm32f10x_hd.s
   Uses
      At line 131 in file ST\startup_stm32f10x_hd.s
      At line 280 in file ST\startup_stm32f10x_hd.s

__irq_tim6 00000024

Symbol: __irq_tim6
   Definitions
      At line 345 in file ST\startup_stm32f10x_hd.s
   Uses
      At line 135 in file ST\startup_stm32f10x_hd.s
      At line 284 in file ST\startup_stm32f10x_hd.s

__irq_tim7 00000024

Symbol: __irq_tim7
   Definitions
      At line 346 in file ST\startup_stm32f10x_hd.s
   Uses
      At line 136 in file ST\startup_stm32f10x_hd.s
      At line 285 in file ST\startup_stm32f10x_hd.s

__irq_tim8_brk 00000024




ARM Macro Assembler    Page 10 Alphabetic symbol ordering
Relocatable symbols

Symbol: __irq_tim8_brk
   Definitions
      At line 334 in file ST\startup_stm32f10x_hd.s
   Uses
      At line 124 in file ST\startup_stm32f10x_hd.s
      At line 273 in file ST\startup_stm32f10x_hd.s

__irq_tim8_cc 00000024

Symbol: __irq_tim8_cc
   Definitions
      At line 337 in file ST\startup_stm32f10x_hd.s
   Uses
      At line 127 in file ST\startup_stm32f10x_hd.s
      At line 276 in file ST\startup_stm32f10x_hd.s

__irq_tim8_trg_com 00000024

Symbol: __irq_tim8_trg_com
   Definitions
      At line 336 in file ST\startup_stm32f10x_hd.s
   Uses
      At line 126 in file ST\startup_stm32f10x_hd.s
      At line 275 in file ST\startup_stm32f10x_hd.s

__irq_tim8_up 00000024

Symbol: __irq_tim8_up
   Definitions
      At line 335 in file ST\startup_stm32f10x_hd.s
   Uses
      At line 125 in file ST\startup_stm32f10x_hd.s
      At line 274 in file ST\startup_stm32f10x_hd.s

__irq_usart1 00000024

Symbol: __irq_usart1
   Definitions
      At line 328 in file ST\startup_stm32f10x_hd.s
   Uses
      At line 118 in file ST\startup_stm32f10x_hd.s
      At line 267 in file ST\startup_stm32f10x_hd.s

__irq_usart2 00000024

Symbol: __irq_usart2
   Definitions
      At line 329 in file ST\startup_stm32f10x_hd.s
   Uses
      At line 119 in file ST\startup_stm32f10x_hd.s
      At line 268 in file ST\startup_stm32f10x_hd.s

__irq_usart3 00000024

Symbol: __irq_usart3
   Definitions
      At line 330 in file ST\startup_stm32f10x_hd.s
   Uses
      At line 120 in file ST\startup_stm32f10x_hd.s



ARM Macro Assembler    Page 11 Alphabetic symbol ordering
Relocatable symbols

      At line 269 in file ST\startup_stm32f10x_hd.s

__irq_usart4 00000024

Symbol: __irq_usart4
   Definitions
      At line 343 in file ST\startup_stm32f10x_hd.s
   Uses
      At line 133 in file ST\startup_stm32f10x_hd.s
      At line 282 in file ST\startup_stm32f10x_hd.s

__irq_usart5 00000024

Symbol: __irq_usart5
   Definitions
      At line 344 in file ST\startup_stm32f10x_hd.s
   Uses
      At line 134 in file ST\startup_stm32f10x_hd.s
      At line 283 in file ST\startup_stm32f10x_hd.s

__irq_usb_hp_can_tx 00000024

Symbol: __irq_usb_hp_can_tx
   Definitions
      At line 310 in file ST\startup_stm32f10x_hd.s
   Uses
      At line 100 in file ST\startup_stm32f10x_hd.s
      At line 249 in file ST\startup_stm32f10x_hd.s

__irq_usb_lp_can_rx0 00000024

Symbol: __irq_usb_lp_can_rx0
   Definitions
      At line 311 in file ST\startup_stm32f10x_hd.s
   Uses
      At line 101 in file ST\startup_stm32f10x_hd.s
      At line 250 in file ST\startup_stm32f10x_hd.s

__irq_usbwakeup 00000024

Symbol: __irq_usbwakeup
   Definitions
      At line 333 in file ST\startup_stm32f10x_hd.s
   Uses
      At line 123 in file ST\startup_stm32f10x_hd.s
      At line 272 in file ST\startup_stm32f10x_hd.s

__irq_wwdg 00000024

Symbol: __irq_wwdg
   Definitions
      At line 291 in file ST\startup_stm32f10x_hd.s
   Uses
      At line 81 in file ST\startup_stm32f10x_hd.s
      At line 230 in file ST\startup_stm32f10x_hd.s

__stm32reservedexception10 00000018

Symbol: __stm32reservedexception10



ARM Macro Assembler    Page 12 Alphabetic symbol ordering
Relocatable symbols

   Definitions
      At line 201 in file ST\startup_stm32f10x_hd.s
   Uses
      At line 73 in file ST\startup_stm32f10x_hd.s
      At line 202 in file ST\startup_stm32f10x_hd.s

__stm32reservedexception13 0000001E

Symbol: __stm32reservedexception13
   Definitions
      At line 215 in file ST\startup_stm32f10x_hd.s
   Uses
      At line 76 in file ST\startup_stm32f10x_hd.s
      At line 216 in file ST\startup_stm32f10x_hd.s

__stm32reservedexception7 00000012

Symbol: __stm32reservedexception7
   Definitions
      At line 186 in file ST\startup_stm32f10x_hd.s
   Uses
      At line 70 in file ST\startup_stm32f10x_hd.s
      At line 187 in file ST\startup_stm32f10x_hd.s

__stm32reservedexception8 00000014

Symbol: __stm32reservedexception8
   Definitions
      At line 191 in file ST\startup_stm32f10x_hd.s
   Uses
      At line 71 in file ST\startup_stm32f10x_hd.s
      At line 192 in file ST\startup_stm32f10x_hd.s

__stm32reservedexception9 00000016

Symbol: __stm32reservedexception9
   Definitions
      At line 196 in file ST\startup_stm32f10x_hd.s
   Uses
      At line 72 in file ST\startup_stm32f10x_hd.s
      At line 197 in file ST\startup_stm32f10x_hd.s

__user_initial_stackheap 00000028

Symbol: __user_initial_stackheap
   Definitions
      At line 372 in file ST\startup_stm32f10x_hd.s
   Uses
      At line 370 in file ST\startup_stm32f10x_hd.s
Comment: __user_initial_stackheap used once
78 symbols



ARM Macro Assembler    Page 1 Alphabetic symbol ordering
Absolute symbols

Heap_Size 00000800

Symbol: Heap_Size
   Definitions
      At line 46 in file ST\startup_stm32f10x_hd.s
   Uses
      At line 50 in file ST\startup_stm32f10x_hd.s
      At line 376 in file ST\startup_stm32f10x_hd.s

Stack_Size 00000800

Symbol: Stack_Size
   Definitions
      At line 35 in file ST\startup_stm32f10x_hd.s
   Uses
      At line 38 in file ST\startup_stm32f10x_hd.s
      At line 375 in file ST\startup_stm32f10x_hd.s

__Vectors_Size 00000130

Symbol: __Vectors_Size
   Definitions
      At line 144 in file ST\startup_stm32f10x_hd.s
   Uses
      At line 61 in file ST\startup_stm32f10x_hd.s
Comment: __Vectors_Size used once
3 symbols



ARM Macro Assembler    Page 1 Alphabetic symbol ordering
External symbols

SystemInit 00000000

Symbol: SystemInit
   Definitions
      At line 152 in file ST\startup_stm32f10x_hd.s
   Uses
      At line 153 in file ST\startup_stm32f10x_hd.s
Comment: SystemInit used once
__main 00000000

Symbol: __main
   Definitions
      At line 151 in file ST\startup_stm32f10x_hd.s
   Uses
      At line 155 in file ST\startup_stm32f10x_hd.s
Comment: __main used once
__use_two_region_memory 00000000

Symbol: __use_two_region_memory
   Definitions
      At line 369 in file ST\startup_stm32f10x_hd.s
   Uses
      None
Comment: __use_two_region_memory unused
3 symbols
429 symbols in table
